../Src/main.c:62:6:TIM2	8	static
../Src/main.c:117:6:TIM3	8	static
../Src/main.c:225:6:Ultrasonic_TrigOne	8	static
../Src/main.c:231:6:Ultrasonic_TrigTwo	8	static
../Src/main.c:237:6:Ultrasonic_TrigThree	8	static
../Src/main.c:243:6:Ultrasonic_TrigFour	8	static
../Src/main.c:249:6:Ultrasonic_TrigFive	8	static
../Src/main.c:255:4:Ultrasonic_ReadOne	8	static
../Src/main.c:267:4:Ultrasonic_ReadTwo	8	static
../Src/main.c:279:4:Ultrasonic_ReadThree	8	static
../Src/main.c:290:4:Ultrasonic_ReadFour	8	static
../Src/main.c:302:4:Ultrasonic_ReadFive	8	static
../Src/main.c:316:6:APP_voidAutoParking	8	static
../Src/main.c:433:6:APP_voidCollisionAvoidance	8	static
../Src/main.c:481:6:APP_voidUltrasonicUnitTest	16	static
../Src/main.c:506:5:main	8	static
