../Src/main.c:64:6:TIM2	8	static
../Src/main.c:119:6:TIM3	8	static
../Src/main.c:227:6:Ultrasonic_TrigOne	8	static
../Src/main.c:233:6:Ultrasonic_TrigTwo	8	static
../Src/main.c:239:6:Ultrasonic_TrigThree	8	static
../Src/main.c:245:6:Ultrasonic_TrigFour	8	static
../Src/main.c:251:6:Ultrasonic_TrigFive	8	static
../Src/main.c:257:4:Ultrasonic_ReadOne	8	static
../Src/main.c:269:4:Ultrasonic_ReadTwo	8	static
../Src/main.c:281:4:Ultrasonic_ReadThree	8	static
../Src/main.c:292:4:Ultrasonic_ReadFour	8	static
../Src/main.c:304:4:Ultrasonic_ReadFive	8	static
../Src/main.c:318:6:APP_voidAutoParking	8	static
../Src/main.c:436:6:APP_voidCollisionAvoidance	8	static
../Src/main.c:545:6:APP_voidUltrasonicUnitTest	16	static
../Src/main.c:572:6:APP_voidRemoteControl	16	static
../Src/main.c:630:5:main	8	static
