../Src/MOTOR_program.c:20:6:MOTORS_Void_MotorInit	8	static
../Src/MOTOR_program.c:83:6:MOTOR_RF_Void_MotorSetSpeed	16	static
../Src/MOTOR_program.c:88:6:MOTOR_RF_GO_FORWARD	8	static
../Src/MOTOR_program.c:93:6:MOTOR_RF_GO_BACKWARD	8	static
../Src/MOTOR_program.c:99:6:MOTOR_RF_STOP	8	static
../Src/MOTOR_program.c:113:6:MOTOR_LF_Void_MotorSetSpeed	16	static
../Src/MOTOR_program.c:117:6:MOTOR_LF_GO_FORWARD	8	static
../Src/MOTOR_program.c:122:6:MOTOR_LF_GO_BACKWARD	8	static
../Src/MOTOR_program.c:129:6:MOTOR_LF_STOP	8	static
