../Src/TIMER3_program.c:12:6:TIMER3_VoidInitInputCapture	16	static
../Src/TIMER3_program.c:75:4:Timer3_u8InputCaptureSetCallBack	24	static
../Src/TIMER3_program.c:91:6:Timer3_VoidSetPreload	16	static
../Src/TIMER3_program.c:97:6:Timer3_VoidEnableIntOnEachChannle	16	static
../Src/TIMER3_program.c:115:6:Timer3_VoidDisableIntOnEachChannle	16	static
../Src/TIMER3_program.c:134:6:Timer3_VoidChangePolarityOnEachChannle	16	static
../Src/TIMER3_program.c:177:6:Timer3_VoidGetCapturedValue	32	static
../Src/TIMER3_program.c:203:6:TIM3_IRQHandler	8	static
