Archive member included to satisfy reference by file (symbol)

C:/ST/STM32CubeIDE_1.11.2/STM32CubeIDE/plugins/com.st.stm32cube.ide.mcu.externaltools.gnu-tools-for-stm32.11.3.rel1.win32_1.1.1.202309131626/tools/bin/../lib/gcc/arm-none-eabi/11.3.1/../../../../arm-none-eabi/lib/thumb/v7-m/nofp\libc_nano.a(libc_a-exit.o)
                              C:/ST/STM32CubeIDE_1.11.2/STM32CubeIDE/plugins/com.st.stm32cube.ide.mcu.externaltools.gnu-tools-for-stm32.11.3.rel1.win32_1.1.1.202309131626/tools/bin/../lib/gcc/arm-none-eabi/11.3.1/../../../../arm-none-eabi/lib/thumb/v7-m/nofp/crt0.o (exit)
C:/ST/STM32CubeIDE_1.11.2/STM32CubeIDE/plugins/com.st.stm32cube.ide.mcu.externaltools.gnu-tools-for-stm32.11.3.rel1.win32_1.1.1.202309131626/tools/bin/../lib/gcc/arm-none-eabi/11.3.1/../../../../arm-none-eabi/lib/thumb/v7-m/nofp\libc_nano.a(libc_a-findfp.o)
                              C:/ST/STM32CubeIDE_1.11.2/STM32CubeIDE/plugins/com.st.stm32cube.ide.mcu.externaltools.gnu-tools-for-stm32.11.3.rel1.win32_1.1.1.202309131626/tools/bin/../lib/gcc/arm-none-eabi/11.3.1/../../../../arm-none-eabi/lib/thumb/v7-m/nofp\libc_nano.a(libc_a-exit.o) (__stdio_exit_handler)
C:/ST/STM32CubeIDE_1.11.2/STM32CubeIDE/plugins/com.st.stm32cube.ide.mcu.externaltools.gnu-tools-for-stm32.11.3.rel1.win32_1.1.1.202309131626/tools/bin/../lib/gcc/arm-none-eabi/11.3.1/../../../../arm-none-eabi/lib/thumb/v7-m/nofp\libc_nano.a(libc_a-fwalk.o)
                              C:/ST/STM32CubeIDE_1.11.2/STM32CubeIDE/plugins/com.st.stm32cube.ide.mcu.externaltools.gnu-tools-for-stm32.11.3.rel1.win32_1.1.1.202309131626/tools/bin/../lib/gcc/arm-none-eabi/11.3.1/../../../../arm-none-eabi/lib/thumb/v7-m/nofp\libc_nano.a(libc_a-findfp.o) (_fwalk_sglue)
C:/ST/STM32CubeIDE_1.11.2/STM32CubeIDE/plugins/com.st.stm32cube.ide.mcu.externaltools.gnu-tools-for-stm32.11.3.rel1.win32_1.1.1.202309131626/tools/bin/../lib/gcc/arm-none-eabi/11.3.1/../../../../arm-none-eabi/lib/thumb/v7-m/nofp\libc_nano.a(libc_a-stdio.o)
                              C:/ST/STM32CubeIDE_1.11.2/STM32CubeIDE/plugins/com.st.stm32cube.ide.mcu.externaltools.gnu-tools-for-stm32.11.3.rel1.win32_1.1.1.202309131626/tools/bin/../lib/gcc/arm-none-eabi/11.3.1/../../../../arm-none-eabi/lib/thumb/v7-m/nofp\libc_nano.a(libc_a-findfp.o) (__sread)
C:/ST/STM32CubeIDE_1.11.2/STM32CubeIDE/plugins/com.st.stm32cube.ide.mcu.externaltools.gnu-tools-for-stm32.11.3.rel1.win32_1.1.1.202309131626/tools/bin/../lib/gcc/arm-none-eabi/11.3.1/../../../../arm-none-eabi/lib/thumb/v7-m/nofp\libc_nano.a(libc_a-memset.o)
                              C:/ST/STM32CubeIDE_1.11.2/STM32CubeIDE/plugins/com.st.stm32cube.ide.mcu.externaltools.gnu-tools-for-stm32.11.3.rel1.win32_1.1.1.202309131626/tools/bin/../lib/gcc/arm-none-eabi/11.3.1/../../../../arm-none-eabi/lib/thumb/v7-m/nofp/crt0.o (memset)
C:/ST/STM32CubeIDE_1.11.2/STM32CubeIDE/plugins/com.st.stm32cube.ide.mcu.externaltools.gnu-tools-for-stm32.11.3.rel1.win32_1.1.1.202309131626/tools/bin/../lib/gcc/arm-none-eabi/11.3.1/../../../../arm-none-eabi/lib/thumb/v7-m/nofp\libc_nano.a(libc_a-closer.o)
                              C:/ST/STM32CubeIDE_1.11.2/STM32CubeIDE/plugins/com.st.stm32cube.ide.mcu.externaltools.gnu-tools-for-stm32.11.3.rel1.win32_1.1.1.202309131626/tools/bin/../lib/gcc/arm-none-eabi/11.3.1/../../../../arm-none-eabi/lib/thumb/v7-m/nofp\libc_nano.a(libc_a-stdio.o) (_close_r)
C:/ST/STM32CubeIDE_1.11.2/STM32CubeIDE/plugins/com.st.stm32cube.ide.mcu.externaltools.gnu-tools-for-stm32.11.3.rel1.win32_1.1.1.202309131626/tools/bin/../lib/gcc/arm-none-eabi/11.3.1/../../../../arm-none-eabi/lib/thumb/v7-m/nofp\libc_nano.a(libc_a-reent.o)
                              C:/ST/STM32CubeIDE_1.11.2/STM32CubeIDE/plugins/com.st.stm32cube.ide.mcu.externaltools.gnu-tools-for-stm32.11.3.rel1.win32_1.1.1.202309131626/tools/bin/../lib/gcc/arm-none-eabi/11.3.1/../../../../arm-none-eabi/lib/thumb/v7-m/nofp\libc_nano.a(libc_a-closer.o) (errno)
C:/ST/STM32CubeIDE_1.11.2/STM32CubeIDE/plugins/com.st.stm32cube.ide.mcu.externaltools.gnu-tools-for-stm32.11.3.rel1.win32_1.1.1.202309131626/tools/bin/../lib/gcc/arm-none-eabi/11.3.1/../../../../arm-none-eabi/lib/thumb/v7-m/nofp\libc_nano.a(libc_a-impure.o)
                              C:/ST/STM32CubeIDE_1.11.2/STM32CubeIDE/plugins/com.st.stm32cube.ide.mcu.externaltools.gnu-tools-for-stm32.11.3.rel1.win32_1.1.1.202309131626/tools/bin/../lib/gcc/arm-none-eabi/11.3.1/../../../../arm-none-eabi/lib/thumb/v7-m/nofp\libc_nano.a(libc_a-reent.o) (_impure_ptr)
C:/ST/STM32CubeIDE_1.11.2/STM32CubeIDE/plugins/com.st.stm32cube.ide.mcu.externaltools.gnu-tools-for-stm32.11.3.rel1.win32_1.1.1.202309131626/tools/bin/../lib/gcc/arm-none-eabi/11.3.1/../../../../arm-none-eabi/lib/thumb/v7-m/nofp\libc_nano.a(libc_a-lseekr.o)
[...]
Memory Configuration

Name             Origin             Length             Attributes
RAM              0x0000000020000000 0x0000000000005000 xrw
FLASH            0x0000000008000000 0x0000000000010000 xr
*default*        0x0000000000000000 0xffffffffffffffff

Linker script and memory map

LOAD C:/ST/STM32CubeIDE_1.11.2/STM32CubeIDE/plugins/com.st.stm32cube.ide.mcu.externaltools.gnu-tools-for-stm32.11.3.rel1.win32_1.1.1.202309131626/tools/bin/../lib/gcc/arm-none-eabi/11.3.1/thumb/v7-m/nofp/crti.o
LOAD C:/ST/STM32CubeIDE_1.11.2/STM32CubeIDE/plugins/com.st.stm32cube.ide.mcu.externaltools.gnu-tools-for-stm32.11.3.rel1.win32_1.1.1.202309131626/tools/bin/../lib/gcc/arm-none-eabi/11.3.1/thumb/v7-m/nofp/crtbegin.o
LOAD C:/ST/STM32CubeIDE_1.11.2/STM32CubeIDE/plugins/com.st.stm32cube.ide.mcu.externaltools.gnu-tools-for-stm32.11.3.rel1.win32_1.1.1.202309131626/tools/bin/../lib/gcc/arm-none-eabi/11.3.1/../../../../arm-none-eabi/lib/thumb/v7-m/nofp/crt0.o
LOAD ./Src/DELAY_PROG.o
LOAD ./Src/GPIO.o
LOAD ./Src/MOTOR_program.o
LOAD ./Src/NVIC_PROG.o
LOAD ./Src/RCC_PROG.o
LOAD ./Src/SYSTICK_PROG.o
LOAD ./Src/TIMER2_program.o
LOAD ./Src/TIMER3_program.o
LOAD ./Src/TIMER4_program.o
LOAD ./Src/lcd.o
LOAD ./Src/main.o
LOAD ./Src/syscalls.o
LOAD ./Src/sysmem.o
LOAD ./Startup/startup_stm32f103c8tx.o
START GROUP
LOAD C:/ST/STM32CubeIDE_1.11.2/STM32CubeIDE/plugins/com.st.stm32cube.ide.mcu.externaltools.gnu-tools-for-stm32.11.3.rel1.win32_1.1.1.202309131626/tools/bin/../lib/gcc/arm-none-eabi/11.3.1/../../../../arm-none-eabi/lib/thumb/v7-m/nofp\libc_nano.a
LOAD C:/ST/STM32CubeIDE_1.11.2/STM32CubeIDE/plugins/com.st.stm32cube.ide.mcu.externaltools.gnu-tools-for-stm32.11.3.rel1.win32_1.1.1.202309131626/tools/bin/../lib/gcc/arm-none-eabi/11.3.1/../../../../arm-none-eabi/lib/thumb/v7-m/nofp\libm.a
END GROUP
START GROUP
LOAD C:/ST/STM32CubeIDE_1.11.2/STM32CubeIDE/plugins/com.st.stm32cube.ide.mcu.externaltools.gnu-tools-for-stm32.11.3.rel1.win32_1.1.1.202309131626/tools/bin/../lib/gcc/arm-none-eabi/11.3.1/thumb/v7-m/nofp\libgcc.a
LOAD C:/ST/STM32CubeIDE_1.11.2/STM32CubeIDE/plugins/com.st.stm32cube.ide.mcu.externaltools.gnu-tools-for-stm32.11.3.rel1.win32_1.1.1.202309131626/tools/bin/../lib/gcc/arm-none-eabi/11.3.1/../../../../arm-none-eabi/lib/thumb/v7-m/nofp\libc_nano.a
END GROUP
START GROUP
LOAD C:/ST/STM32CubeIDE_1.11.2/STM32CubeIDE/plugins/com.st.stm32cube.ide.mcu.externaltools.gnu-tools-for-stm32.11.3.rel1.win32_1.1.1.202309131626/tools/bin/../lib/gcc/arm-none-eabi/11.3.1/thumb/v7-m/nofp\libgcc.a
LOAD C:/ST/STM32CubeIDE_1.11.2/STM32CubeIDE/plugins/com.st.stm32cube.ide.mcu.externaltools.gnu-tools-for-stm32.11.3.rel1.win32_1.1.1.202309131626/tools/bin/../lib/gcc/arm-none-eabi/11.3.1/../../../../arm-none-eabi/lib/thumb/v7-m/nofp\libc_nano.a
LOAD C:/ST/STM32CubeIDE_1.11.2/STM32CubeIDE/plugins/com.st.stm32cube.ide.mcu.externaltools.gnu-tools-for-stm32.11.3.rel1.win32_1.1.1.202309131626/tools/bin/../lib/gcc/arm-none-eabi/11.3.1/../../../../arm-none-eabi/lib/thumb/v7-m/nofp\libnosys.a
END GROUP
START GROUP
LOAD C:/ST/STM32CubeIDE_1.11.2/STM32CubeIDE/plugins/com.st.stm32cube.ide.mcu.externaltools.gnu-tools-for-stm32.11.3.rel1.win32_1.1.1.202309131626/tools/bin/../lib/gcc/arm-none-eabi/11.3.1/thumb/v7-m/nofp\libgcc.a
LOAD C:/ST/STM32CubeIDE_1.11.2/STM32CubeIDE/plugins/com.st.stm32cube.ide.mcu.externaltools.gnu-tools-for-stm32.11.3.rel1.win32_1.1.1.202309131626/tools/bin/../lib/gcc/arm-none-eabi/11.3.1/../../../../arm-none-eabi/lib/thumb/v7-m/nofp\libc_nano.a
LOAD C:/ST/STM32CubeIDE_1.11.2/STM32CubeIDE/plugins/com.st.stm32cube.ide.mcu.externaltools.gnu-tools-for-stm32.11.3.rel1.win32_1.1.1.202309131626/tools/bin/../lib/gcc/arm-none-eabi/11.3.1/../../../../arm-none-eabi/lib/thumb/v7-m/nofp\libnosys.a
END GROUP
LOAD C:/ST/STM32CubeIDE_1.11.2/STM32CubeIDE/plugins/com.st.stm32cube.ide.mcu.externaltools.gnu-tools-for-stm32.11.3.rel1.win32_1.1.1.202309131626/tools/bin/../lib/gcc/arm-none-eabi/11.3.1/thumb/v7-m/nofp/crtend.o
LOAD C:/ST/STM32CubeIDE_1.11.2/STM32CubeIDE/plugins/com.st.stm32cube.ide.mcu.externaltools.gnu-tools-for-stm32.11.3.rel1.win32_1.1.1.202309131626/tools/bin/../lib/gcc/arm-none-eabi/11.3.1/thumb/v7-m/nofp/crtn.o
                0x0000000020005000                _estack = (ORIGIN (RAM) + LENGTH (RAM))
                0x0000000000000200                _Min_Heap_Size = 0x200
                0x0000000000000400                _Min_Stack_Size = 0x400

.isr_vector     0x0000000008000000      0x130
                0x0000000008000000                . = ALIGN (0x4)
 *(.isr_vector)
 .isr_vector    0x0000000008000000      0x130 ./Startup/startup_stm32f103c8tx.o
                0x0000000008000000                g_pfnVectors
                0x0000000008000130                . = ALIGN (0x4)

.text           0x0000000008000130      0xb64
                0x0000000008000130                . = ALIGN (0x4)
 *(.text)
 .text          0x0000000008000130       0x40 C:/ST/STM32CubeIDE_1.11.2/STM32CubeIDE/plugins/com.st.stm32cube.ide.mcu.externaltools.gnu-tools-for-stm32.11.3.rel1.win32_1.1.1.202309131626/tools/bin/../lib/gcc/arm-none-eabi/11.3.1/thumb/v7-m/nofp/crtbegin.o
 *(.text*)
 .text._delay_ms
                0x0000000008000170       0x38 ./Src/DELAY_PROG.o
                0x0000000008000170                _delay_ms
 .text._delay_us
                0x00000000080001a8       0x2e ./Src/DELAY_PROG.o
                0x00000000080001a8                _delay_us
 *fill*         0x00000000080001d6        0x2 
 .text.MGPIO_VidSetPinDirection
                0x00000000080001d8      0x1a4 ./Src/GPIO.o
                0x00000000080001d8                MGPIO_VidSetPinDirection
 .text.MGPIO_VidSetPinValue
                0x000000000800037c       0xf4 ./Src/GPIO.o
                0x000000000800037c                MGPIO_VidSetPinValue
 .text.MNVIC_VidEnablePeripheral
                0x0000000008000470       0x30 ./Src/NVIC_PROG.o
                0x0000000008000470                MNVIC_VidEnablePeripheral
 .text.MRCC_VidInit
                0x00000000080004a0       0x68 ./Src/RCC_PROG.o
                0x00000000080004a0                MRCC_VidInit
 .text.MRCC_VidEnablePeripheralClock
                0x0000000008000508       0x74 ./Src/RCC_PROG.o
                0x0000000008000508                MRCC_VidEnablePeripheralClock
 .text.SysTick_Handler
                0x000000000800057c       0x14 ./Src/SYSTICK_PROG.o
                0x000000000800057c                SysTick_Handler
 .text.MSTK_VidInit
                0x0000000008000590       0x18 ./Src/SYSTICK_PROG.o
                0x0000000008000590                MSTK_VidInit
 .text.MSTK_VidStart
                0x00000000080005a8       0x30 ./Src/SYSTICK_PROG.o
                0x00000000080005a8                MSTK_VidStart
 .text.MSTK_VidINTStatus
                0x00000000080005d8       0x34 ./Src/SYSTICK_PROG.o
                0x00000000080005d8                MSTK_VidINTStatus
 .text.MSTK_u8ReadFlag
                0x000000000800060c       0x20 ./Src/SYSTICK_PROG.o
                0x000000000800060c                MSTK_u8ReadFlag
 .text.TIM2_IRQHandler
                0x000000000800062c       0x1c ./Src/TIMER2_program.o
                0x000000000800062c                TIM2_IRQHandler
 .text.Timer3_u8InputCaptureSetCallBack
                0x0000000008000648       0x28 ./Src/TIMER3_program.o
                0x0000000008000648                Timer3_u8InputCaptureSetCallBack
 .text.Timer3_VoidSetPreload
                0x0000000008000670       0x20 ./Src/TIMER3_program.o
                0x0000000008000670                Timer3_VoidSetPreload
 .text.TIM3_IRQHandler
                0x0000000008000690       0x1c ./Src/TIMER3_program.o
                0x0000000008000690                TIM3_IRQHandler
 .text.CLCD_voidSendCommand
                0x00000000080006ac       0xf6 ./Src/lcd.o
                0x00000000080006ac                CLCD_voidSendCommand
 .text.CLCD_voidSendData
                0x00000000080007a2       0xf6 ./Src/lcd.o
                0x00000000080007a2                CLCD_voidSendData
 .text.CLCD_voidInit
                0x0000000008000898       0x86 ./Src/lcd.o
                0x0000000008000898                CLCD_voidInit
 *fill*         0x000000000800091e        0x2 
 .text.CLCD_voidWriteNumber
                0x0000000008000920       0x88 ./Src/lcd.o
                0x0000000008000920                CLCD_voidWriteNumber
 .text.CLCD_voidSendString
                0x00000000080009a8       0x38 ./Src/lcd.o
                0x00000000080009a8                CLCD_voidSendString
 .text.CLCD_voidGoToXY
                0x00000000080009e0       0x3c ./Src/lcd.o
                0x00000000080009e0                CLCD_voidGoToXY
 .text.TIM3     0x0000000008000a1c       0xa0 ./Src/main.o
                0x0000000008000a1c                TIM3
 .text.HCSR04_Read
                0x0000000008000abc       0x22 ./Src/main.o
                0x0000000008000abc                HCSR04_Read
 *fill*         0x0000000008000ade        0x2 
 .text.main     0x0000000008000ae0      0x100 ./Src/main.o
                0x0000000008000ae0                main
 .text.Reset_Handler
                0x0000000008000be0       0x50 ./Startup/startup_stm32f103c8tx.o
                0x0000000008000be0                Reset_Handler
 .text.Default_Handler
                0x0000000008000c30        0x2 ./Startup/startup_stm32f103c8tx.o
                0x0000000008000c30                EXTI2_IRQHandler
                0x0000000008000c30                TIM8_TRG_COM_IRQHandler
                0x0000000008000c30                TIM8_CC_IRQHandler
                0x0000000008000c30                DebugMon_Handler
                0x0000000008000c30                TIM1_CC_IRQHandler
                0x0000000008000c30                HardFault_Handler
                0x0000000008000c30                TIM6_IRQHandler
                0x0000000008000c30                PVD_IRQHandler
                0x0000000008000c30                SDIO_IRQHandler
                0x0000000008000c30                PendSV_Handler
                0x0000000008000c30                NMI_Handler
                0x0000000008000c30                EXTI3_IRQHandler
                0x0000000008000c30                USB_HP_CAN_TX_IRQHandler
                0x0000000008000c30                EXTI0_IRQHandler
                0x0000000008000c30                I2C2_EV_IRQHandler
                0x0000000008000c30                UsageFault_Handler
                0x0000000008000c30                ADC1_2_IRQHandler
                0x0000000008000c30                SPI1_IRQHandler
                0x0000000008000c30                CAN_SCE_IRQHandler
                0x0000000008000c30                TAMPER_IRQHandler
                0x0000000008000c30                TIM8_UP_IRQHandler
                0x0000000008000c30                DMA2_Channel2_IRQHandler
                0x0000000008000c30                DMA1_Channel4_IRQHandler
                0x0000000008000c30                USART3_IRQHandler
                0x0000000008000c30                RTC_IRQHandler
                0x0000000008000c30                DMA1_Channel7_IRQHandler
                0x0000000008000c30                UART5_IRQHandler
                0x0000000008000c30                ADC3_IRQHandler
                0x0000000008000c30                TIM4_IRQHandler
                0x0000000008000c30                CAN_RX1_IRQHandler
                0x0000000008000c30                DMA2_Channel1_IRQHandler
                0x0000000008000c30                I2C1_EV_IRQHandler
                0x0000000008000c30                DMA1_Channel6_IRQHandler
                0x0000000008000c30                UART4_IRQHandler
                0x0000000008000c30                RCC_IRQHandler
                0x0000000008000c30                TIM1_TRG_COM_IRQHandler
                0x0000000008000c30                DMA1_Channel1_IRQHandler
                0x0000000008000c30                Default_Handler
                0x0000000008000c30                EXTI15_10_IRQHandler
                0x0000000008000c30                TIM7_IRQHandler
                0x0000000008000c30                TIM5_IRQHandler
                0x0000000008000c30                EXTI9_5_IRQHandler
                0x0000000008000c30                SPI2_IRQHandler
                0x0000000008000c30                USB_LP_CAN_RX0_IRQHandler
                0x0000000008000c30                MemManage_Handler
                0x0000000008000c30                SVC_Handler
                0x0000000008000c30                DMA1_Channel5_IRQHandler
                0x0000000008000c30                EXTI4_IRQHandler
                0x0000000008000c30                DMA1_Channel3_IRQHandler
                0x0000000008000c30                FSMC_IRQHandler
                0x0000000008000c30                TIM1_UP_IRQHandler
                0x0000000008000c30                WWDG_IRQHandler
                0x0000000008000c30                TIM1_BRK_IRQHandler
                0x0000000008000c30                EXTI1_IRQHandler
                0x0000000008000c30                RTCAlarm_IRQHandler
                0x0000000008000c30                DMA2_Channel4_5_IRQHandler
                0x0000000008000c30                USART2_IRQHandler
                0x0000000008000c30                I2C2_ER_IRQHandler
                0x0000000008000c30                DMA1_Channel2_IRQHandler
                0x0000000008000c30                TIM8_BRK_IRQHandler
                0x0000000008000c30                FLASH_IRQHandler
                0x0000000008000c30                BusFault_Handler
                0x0000000008000c30                USART1_IRQHandler
                0x0000000008000c30                SPI3_IRQHandler
                0x0000000008000c30                I2C1_ER_IRQHandler
                0x0000000008000c30                DMA2_Channel3_IRQHandler
 *fill*         0x0000000008000c32        0x2 
 .text.__libc_init_array
                0x0000000008000c34       0x48 C:/ST/STM32CubeIDE_1.11.2/STM32CubeIDE/plugins/com.st.stm32cube.ide.mcu.externaltools.gnu-tools-for-stm32.11.3.rel1.win32_1.1.1.202309131626/tools/bin/../lib/gcc/arm-none-eabi/11.3.1/../../../../arm-none-eabi/lib/thumb/v7-m/nofp\libc_nano.a(libc_a-init.o)
                0x0000000008000c34                __libc_init_array
 *(.glue_7)
 .glue_7        0x0000000008000c7c        0x0 linker stubs
 *(.glue_7t)
 .glue_7t       0x0000000008000c7c        0x0 linker stubs
 *(.eh_frame)
 .eh_frame      0x0000000008000c7c        0x0 C:/ST/STM32CubeIDE_1.11.2/STM32CubeIDE/plugins/com.st.stm32cube.ide.mcu.externaltools.gnu-tools-for-stm32.11.3.rel1.win32_1.1.1.202309131626/tools/bin/../lib/gcc/arm-none-eabi/11.3.1/thumb/v7-m/nofp/crtbegin.o
 *(.init)
 .init          0x0000000008000c7c        0x4 C:/ST/STM32CubeIDE_1.11.2/STM32CubeIDE/plugins/com.st.stm32cube.ide.mcu.externaltools.gnu-tools-for-stm32.11.3.rel1.win32_1.1.1.202309131626/tools/bin/../lib/gcc/arm-none-eabi/11.3.1/thumb/v7-m/nofp/crti.o
                0x0000000008000c7c                _init
 .init          0x0000000008000c80        0x8 C:/ST/STM32CubeIDE_1.11.2/STM32CubeIDE/plugins/com.st.stm32cube.ide.mcu.externaltools.gnu-tools-for-stm32.11.3.rel1.win32_1.1.1.202309131626/tools/bin/../lib/gcc/arm-none-eabi/11.3.1/thumb/v7-m/nofp/crtn.o
 *(.fini)
 .fini          0x0000000008000c88        0x4 C:/ST/STM32CubeIDE_1.11.2/STM32CubeIDE/plugins/com.st.stm32cube.ide.mcu.externaltools.gnu-tools-for-stm32.11.3.rel1.win32_1.1.1.202309131626/tools/bin/../lib/gcc/arm-none-eabi/11.3.1/thumb/v7-m/nofp/crti.o
                0x0000000008000c88                _fini
 .fini          0x0000000008000c8c        0x8 C:/ST/STM32CubeIDE_1.11.2/STM32CubeIDE/plugins/com.st.stm32cube.ide.mcu.externaltools.gnu-tools-for-stm32.11.3.rel1.win32_1.1.1.202309131626/tools/bin/../lib/gcc/arm-none-eabi/11.3.1/thumb/v7-m/nofp/crtn.o
                0x0000000008000c94                . = ALIGN (0x4)
                0x0000000008000c94                _etext = .

.vfp11_veneer   0x0000000008000c94        0x0
 .vfp11_veneer  0x0000000008000c94        0x0 linker stubs

.v4_bx          0x0000000008000c94        0x0
 .v4_bx         0x0000000008000c94        0x0 linker stubs

.iplt           0x0000000008000c94        0x0
 .iplt          0x0000000008000c94        0x0 C:/ST/STM32CubeIDE_1.11.2/STM32CubeIDE/plugins/com.st.stm32cube.ide.mcu.externaltools.gnu-tools-for-stm32.11.3.rel1.win32_1.1.1.202309131626/tools/bin/../lib/gcc/arm-none-eabi/11.3.1/thumb/v7-m/nofp/crtbegin.o

.rodata         0x0000000008000c94        0x4
                0x0000000008000c94                . = ALIGN (0x4)
 *(.rodata)
 .rodata        0x0000000008000c94        0x3 ./Src/main.o
 *(.rodata*)
                0x0000000008000c98                . = ALIGN (0x4)
 *fill*         0x0000000008000c97        0x1 

.rel.dyn        0x0000000008000c98        0x0
 .rel.iplt      0x0000000008000c98        0x0 C:/ST/STM32CubeIDE_1.11.2/STM32CubeIDE/plugins/com.st.stm32cube.ide.mcu.externaltools.gnu-tools-for-stm32.11.3.rel1.win32_1.1.1.202309131626/tools/bin/../lib/gcc/arm-none-eabi/11.3.1/thumb/v7-m/nofp/crtbegin.o

.ARM.extab      0x0000000008000c98        0x0
                0x0000000008000c98                . = ALIGN (0x4)
 *(.ARM.extab* .gnu.linkonce.armextab.*)
                0x0000000008000c98                . = ALIGN (0x4)

.ARM            0x0000000008000c98        0x0
                0x0000000008000c98                . = ALIGN (0x4)
                0x0000000008000c98                __exidx_start = .
 *(.ARM.exidx*)
                0x0000000008000c98                __exidx_end = .
                0x0000000008000c98                . = ALIGN (0x4)

.preinit_array  0x0000000008000c98        0x0
                0x0000000008000c98                . = ALIGN (0x4)
                0x0000000008000c98                PROVIDE (__preinit_array_start = .)
 *(.preinit_array*)
                0x0000000008000c98                PROVIDE (__preinit_array_end = .)
                0x0000000008000c98                . = ALIGN (0x4)

.init_array     0x0000000008000c98        0x4
                0x0000000008000c98                . = ALIGN (0x4)
                0x0000000008000c98                PROVIDE (__init_array_start = .)
 *(SORT_BY_NAME(.init_array.*))
 *(.init_array*)
 .init_array    0x0000000008000c98        0x4 C:/ST/STM32CubeIDE_1.11.2/STM32CubeIDE/plugins/com.st.stm32cube.ide.mcu.externaltools.gnu-tools-for-stm32.11.3.rel1.win32_1.1.1.202309131626/tools/bin/../lib/gcc/arm-none-eabi/11.3.1/thumb/v7-m/nofp/crtbegin.o
                0x0000000008000c9c                PROVIDE (__init_array_end = .)
                0x0000000008000c9c                . = ALIGN (0x4)

.fini_array     0x0000000008000c9c        0x4
                0x0000000008000c9c                . = ALIGN (0x4)
                [!provide]                        PROVIDE (__fini_array_start = .)
 *(SORT_BY_NAME(.fini_array.*))
 *(.fini_array*)
 .fini_array    0x0000000008000c9c        0x4 C:/ST/STM32CubeIDE_1.11.2/STM32CubeIDE/plugins/com.st.stm32cube.ide.mcu.externaltools.gnu-tools-for-stm32.11.3.rel1.win32_1.1.1.202309131626/tools/bin/../lib/gcc/arm-none-eabi/11.3.1/thumb/v7-m/nofp/crtbegin.o
                [!provide]                        PROVIDE (__fini_array_end = .)
                0x0000000008000ca0                . = ALIGN (0x4)
                0x0000000008000ca0                _sidata = LOADADDR (.data)

.data           0x0000000020000000        0x0 load address 0x0000000008000ca0
                0x0000000020000000                . = ALIGN (0x4)
                0x0000000020000000                _sdata = .
 *(.data)
 *(.data*)
 *(.RamFunc)
 *(.RamFunc*)
                0x0000000020000000                . = ALIGN (0x4)
                0x0000000020000000                _edata = .

.igot.plt       0x0000000020000000        0x0 load address 0x0000000008000ca0
 .igot.plt      0x0000000020000000        0x0 C:/ST/STM32CubeIDE_1.11.2/STM32CubeIDE/plugins/com.st.stm32cube.ide.mcu.externaltools.gnu-tools-for-stm32.11.3.rel1.win32_1.1.1.202309131626/tools/bin/../lib/gcc/arm-none-eabi/11.3.1/thumb/v7-m/nofp/crtbegin.o
                0x0000000020000000                . = ALIGN (0x4)

.bss            0x0000000020000000       0x38 load address 0x0000000008000ca0
                0x0000000020000000                _sbss = .
                0x0000000020000000                __bss_start__ = _sbss
 *(.bss)
 .bss           0x0000000020000000       0x1c C:/ST/STM32CubeIDE_1.11.2/STM32CubeIDE/plugins/com.st.stm32cube.ide.mcu.externaltools.gnu-tools-for-stm32.11.3.rel1.win32_1.1.1.202309131626/tools/bin/../lib/gcc/arm-none-eabi/11.3.1/thumb/v7-m/nofp/crtbegin.o
 *(.bss*)
 .bss.MSTK_CallBack
                0x000000002000001c        0x4 ./Src/SYSTICK_PROG.o
                0x000000002000001c                MSTK_CallBack
 .bss.TIMER2_pvInputCaptureCallBackFunc
                0x0000000020000020        0x4 ./Src/TIMER2_program.o
 .bss.TIMER3_pvInputCaptureCallBackFunc
                0x0000000020000024        0x4 ./Src/TIMER3_program.o
 .bss.IC_Val1   0x0000000020000028        0x4 ./Src/main.o
                0x0000000020000028                IC_Val1
 .bss.IC_Val2   0x000000002000002c        0x4 ./Src/main.o
                0x000000002000002c                IC_Val2
 .bss.Difference
                0x0000000020000030        0x4 ./Src/main.o
                0x0000000020000030                Difference
 .bss.Is_First_Captured
                0x0000000020000034        0x1 ./Src/main.o
                0x0000000020000034                Is_First_Captured
 .bss.Distance  0x0000000020000035        0x1 ./Src/main.o
                0x0000000020000035                Distance
 *(COMMON)
                0x0000000020000038                . = ALIGN (0x4)
 *fill*         0x0000000020000036        0x2 
                0x0000000020000038                _ebss = .
                0x0000000020000038                __bss_end__ = _ebss

._user_heap_stack
                0x0000000020000038      0x600 load address 0x0000000008000ca0
                0x0000000020000038                . = ALIGN (0x8)
                [!provide]                        PROVIDE (end = .)
                0x0000000020000038                PROVIDE (_end = .)
                0x0000000020000238                . = (. + _Min_Heap_Size)
 *fill*         0x0000000020000038      0x200 
                0x0000000020000638                . = (. + _Min_Stack_Size)
 *fill*         0x0000000020000238      0x400 
                0x0000000020000638                . = ALIGN (0x8)

/DISCARD/
 libc.a(*)
 libm.a(*)
 libgcc.a(*)

.ARM.attributes
                0x0000000000000000       0x29
 *(.ARM.attributes)
 .ARM.attributes
                0x0000000000000000       0x1d C:/ST/STM32CubeIDE_1.11.2/STM32CubeIDE/plugins/com.st.stm32cube.ide.mcu.externaltools.gnu-tools-for-stm32.11.3.rel1.win32_1.1.1.202309131626/tools/bin/../lib/gcc/arm-none-eabi/11.3.1/thumb/v7-m/nofp/crti.o
 .ARM.attributes
                0x000000000000001d       0x2d C:/ST/STM32CubeIDE_1.11.2/STM32CubeIDE/plugins/com.st.stm32cube.ide.mcu.externaltools.gnu-tools-for-stm32.11.3.rel1.win32_1.1.1.202309131626/tools/bin/../lib/gcc/arm-none-eabi/11.3.1/thumb/v7-m/nofp/crtbegin.o
 .ARM.attributes
                0x000000000000004a       0x2d ./Src/DELAY_PROG.o
 .ARM.attributes
                0x0000000000000077       0x2d ./Src/GPIO.o
 .ARM.attributes
                0x00000000000000a4       0x2d ./Src/NVIC_PROG.o
 .ARM.attributes
                0x00000000000000d1       0x2d ./Src/RCC_PROG.o
 .ARM.attributes
                0x00000000000000fe       0x2d ./Src/SYSTICK_PROG.o
 .ARM.attributes
                0x000000000000012b       0x2d ./Src/TIMER2_program.o
 .ARM.attributes
                0x0000000000000158       0x2d ./Src/TIMER3_program.o
 .ARM.attributes
                0x0000000000000185       0x2d ./Src/lcd.o
 .ARM.attributes
                0x00000000000001b2       0x2d ./Src/main.o
 .ARM.attributes
                0x00000000000001df       0x21 ./Startup/startup_stm32f103c8tx.o
 .ARM.attributes
                0x0000000000000200       0x2d C:/ST/STM32CubeIDE_1.11.2/STM32CubeIDE/plugins/com.st.stm32cube.ide.mcu.externaltools.gnu-tools-for-stm32.11.3.rel1.win32_1.1.1.202309131626/tools/bin/../lib/gcc/arm-none-eabi/11.3.1/../../../../arm-none-eabi/lib/thumb/v7-m/nofp\libc_nano.a(libc_a-init.o)
 .ARM.attributes
                0x000000000000022d       0x1d C:/ST/STM32CubeIDE_1.11.2/STM32CubeIDE/plugins/com.st.stm32cube.ide.mcu.externaltools.gnu-tools-for-stm32.11.3.rel1.win32_1.1.1.202309131626/tools/bin/../lib/gcc/arm-none-eabi/11.3.1/thumb/v7-m/nofp/crtn.o
OUTPUT(TESTER_SHERBINY.elf elf32-littlearm)
LOAD linker stubs
LOAD C:/ST/STM32CubeIDE_1.11.2/STM32CubeIDE/plugins/com.st.stm32cube.ide.mcu.externaltools.gnu-tools-for-stm32.11.3.rel1.win32_1.1.1.202309131626/tools/bin/../lib/gcc/arm-none-eabi/11.3.1/../../../../arm-none-eabi/lib/thumb/v7-m/nofp\libc.a
LOAD C:/ST/STM32CubeIDE_1.11.2/STM32CubeIDE/plugins/com.st.stm32cube.ide.mcu.externaltools.gnu-tools-for-stm32.11.3.rel1.win32_1.1.1.202309131626/tools/bin/../lib/gcc/arm-none-eabi/11.3.1/../../../../arm-none-eabi/lib/thumb/v7-m/nofp\libm.a
LOAD C:/ST/STM32CubeIDE_1.11.2/STM32CubeIDE/plugins/com.st.stm32cube.ide.mcu.externaltools.gnu-tools-for-stm32.11.3.rel1.win32_1.1.1.202309131626/tools/bin/../lib/gcc/arm-none-eabi/11.3.1/thumb/v7-m/nofp\libgcc.a

.comment        0x0000000000000000       0x43
 .comment       0x0000000000000000       0x43 C:/ST/STM32CubeIDE_1.11.2/STM32CubeIDE/plugins/com.st.stm32cube.ide.mcu.externaltools.gnu-tools-for-stm32.11.3.rel1.win32_1.1.1.202309131626/tools/bin/../lib/gcc/arm-none-eabi/11.3.1/thumb/v7-m/nofp/crtbegin.o
                                         0x44 (size before relaxing)
 .comment       0x0000000000000043       0x44 ./Src/DELAY_PROG.o
 .comment       0x0000000000000043       0x44 ./Src/GPIO.o
 .comment       0x0000000000000043       0x44 ./Src/NVIC_PROG.o
 .comment       0x0000000000000043       0x44 ./Src/RCC_PROG.o
 .comment       0x0000000000000043       0x44 ./Src/SYSTICK_PROG.o
 .comment       0x0000000000000043       0x44 ./Src/TIMER2_program.o
 .comment       0x0000000000000043       0x44 ./Src/TIMER3_program.o
 .comment       0x0000000000000043       0x44 ./Src/lcd.o
 .comment       0x0000000000000043       0x44 ./Src/main.o

.debug_info     0x0000000000000000     0x1118
 .debug_info    0x0000000000000000       0xfe ./Src/DELAY_PROG.o
 .debug_info    0x00000000000000fe      0x27b ./Src/GPIO.o
 .debug_info    0x0000000000000379      0x307 ./Src/NVIC_PROG.o
 .debug_info    0x0000000000000680      0x194 ./Src/RCC_PROG.o
 .debug_info    0x0000000000000814      0x18c ./Src/SYSTICK_PROG.o
 .debug_info    0x00000000000009a0      0x153 ./Src/TIMER2_program.o
 .debug_info    0x0000000000000af3      0x153 ./Src/TIMER3_program.o
 .debug_info    0x0000000000000c46      0x272 ./Src/lcd.o
 .debug_info    0x0000000000000eb8      0x23d ./Src/main.o
 .debug_info    0x00000000000010f5       0x23 ./Startup/startup_stm32f103c8tx.o

.debug_abbrev   0x0000000000000000      0x8b9
 .debug_abbrev  0x0000000000000000       0xbe ./Src/DELAY_PROG.o
 .debug_abbrev  0x00000000000000be       0xf4 ./Src/GPIO.o
 .debug_abbrev  0x00000000000001b2      0x13b ./Src/NVIC_PROG.o
 .debug_abbrev  0x00000000000002ed       0xc5 ./Src/RCC_PROG.o
 .debug_abbrev  0x00000000000003b2      0x12a ./Src/SYSTICK_PROG.o
 .debug_abbrev  0x00000000000004dc       0xf4 ./Src/TIMER2_program.o
 .debug_abbrev  0x00000000000005d0       0xf4 ./Src/TIMER3_program.o
 .debug_abbrev  0x00000000000006c4       0xf6 ./Src/lcd.o
 .debug_abbrev  0x00000000000007ba       0xed ./Src/main.o
 .debug_abbrev  0x00000000000008a7       0x12 ./Startup/startup_stm32f103c8tx.o

.debug_aranges  0x0000000000000000      0x248
 .debug_aranges
                0x0000000000000000       0x28 ./Src/DELAY_PROG.o
 .debug_aranges
                0x0000000000000028       0x48 ./Src/GPIO.o
 .debug_aranges
                0x0000000000000070       0x48 ./Src/NVIC_PROG.o
 .debug_aranges
                0x00000000000000b8       0x30 ./Src/RCC_PROG.o
 .debug_aranges
                0x00000000000000e8       0x48 ./Src/SYSTICK_PROG.o
 .debug_aranges
                0x0000000000000130       0x38 ./Src/TIMER2_program.o
 .debug_aranges
                0x0000000000000168       0x38 ./Src/TIMER3_program.o
 .debug_aranges
                0x00000000000001a0       0x50 ./Src/lcd.o
 .debug_aranges
                0x00000000000001f0       0x30 ./Src/main.o
 .debug_aranges
                0x0000000000000220       0x28 ./Startup/startup_stm32f103c8tx.o

.debug_rnglists
                0x0000000000000000      0x192
 .debug_rnglists
                0x0000000000000000       0x19 ./Src/DELAY_PROG.o
 .debug_rnglists
                0x0000000000000019       0x36 ./Src/GPIO.o
 .debug_rnglists
                0x000000000000004f       0x32 ./Src/NVIC_PROG.o
 .debug_rnglists
                0x0000000000000081       0x1f ./Src/RCC_PROG.o
 .debug_rnglists
                0x00000000000000a0       0x31 ./Src/SYSTICK_PROG.o
 .debug_rnglists
                0x00000000000000d1       0x26 ./Src/TIMER2_program.o
 .debug_rnglists
                0x00000000000000f7       0x26 ./Src/TIMER3_program.o
 .debug_rnglists
                0x000000000000011d       0x3b ./Src/lcd.o
 .debug_rnglists
                0x0000000000000158       0x21 ./Src/main.o
 .debug_rnglists
                0x0000000000000179       0x19 ./Startup/startup_stm32f103c8tx.o

.debug_macro    0x0000000000000000     0x179c
 .debug_macro   0x0000000000000000       0x2d ./Src/DELAY_PROG.o
 .debug_macro   0x000000000000002d      0xaa2 ./Src/DELAY_PROG.o
 .debug_macro   0x0000000000000acf       0x10 ./Src/DELAY_PROG.o
 .debug_macro   0x0000000000000adf       0x16 ./Src/DELAY_PROG.o
 .debug_macro   0x0000000000000af5       0x3f ./Src/GPIO.o
 .debug_macro   0x0000000000000b34       0x22 ./Src/GPIO.o
 .debug_macro   0x0000000000000b56       0xee ./Src/GPIO.o
 .debug_macro   0x0000000000000c44       0x1c ./Src/GPIO.o
 .debug_macro   0x0000000000000c60       0x35 ./Src/NVIC_PROG.o
 .debug_macro   0x0000000000000c95       0x76 ./Src/NVIC_PROG.o
 .debug_macro   0x0000000000000d0b       0x1c ./Src/NVIC_PROG.o
 .debug_macro   0x0000000000000d27       0x52 ./Src/RCC_PROG.o
 .debug_macro   0x0000000000000d79      0x210 ./Src/RCC_PROG.o
 .debug_macro   0x0000000000000f89       0x22 ./Src/RCC_PROG.o
 .debug_macro   0x0000000000000fab       0x10 ./Src/RCC_PROG.o
 .debug_macro   0x0000000000000fbb       0x35 ./Src/SYSTICK_PROG.o
 .debug_macro   0x0000000000000ff0       0x10 ./Src/SYSTICK_PROG.o
 .debug_macro   0x0000000000001000       0x4d ./Src/TIMER2_program.o
 .debug_macro   0x000000000000104d       0x10 ./Src/TIMER2_program.o
 .debug_macro   0x000000000000105d       0x5e ./Src/TIMER2_program.o
 .debug_macro   0x00000000000010bb       0x5f ./Src/TIMER3_program.o
 .debug_macro   0x000000000000111a       0x10 ./Src/TIMER3_program.o
 .debug_macro   0x000000000000112a       0x5e ./Src/TIMER3_program.o
 .debug_macro   0x0000000000001188       0x3f ./Src/lcd.o
 .debug_macro   0x00000000000011c7       0x3a ./Src/lcd.o
 .debug_macro   0x0000000000001201       0xe0 ./Src/main.o
 .debug_macro   0x00000000000012e1       0x22 ./Src/main.o
 .debug_macro   0x0000000000001303       0x8e ./Src/main.o
 .debug_macro   0x0000000000001391       0x51 ./Src/main.o
 .debug_macro   0x00000000000013e2      0x103 ./Src/main.o
 .debug_macro   0x00000000000014e5       0x6a ./Src/main.o
 .debug_macro   0x000000000000154f      0x1df ./Src/main.o
 .debug_macro   0x000000000000172e       0x10 ./Src/main.o
 .debug_macro   0x000000000000173e       0x5e ./Src/main.o

.debug_line     0x0000000000000000     0x143b
 .debug_line    0x0000000000000000       0xc4 ./Src/DELAY_PROG.o
 .debug_line    0x00000000000000c4      0x4f9 ./Src/GPIO.o
 .debug_line    0x00000000000005bd      0x1b5 ./Src/NVIC_PROG.o
 .debug_line    0x0000000000000772      0x14a ./Src/RCC_PROG.o
 .debug_line    0x00000000000008bc      0x11f ./Src/SYSTICK_PROG.o
 .debug_line    0x00000000000009db      0x118 ./Src/TIMER2_program.o
 .debug_line    0x0000000000000af3      0x13d ./Src/TIMER3_program.o
 .debug_line    0x0000000000000c30      0x212 ./Src/lcd.o
 .debug_line    0x0000000000000e42      0x57e ./Src/main.o
 .debug_line    0x00000000000013c0       0x7b ./Startup/startup_stm32f103c8tx.o

.debug_str      0x0000000000000000     0x55a2
 .debug_str     0x0000000000000000     0x2e57 ./Src/DELAY_PROG.o
                                       0x2ece (size before relaxing)
 .debug_str     0x0000000000002e57      0x4b9 ./Src/GPIO.o
                                       0x32e7 (size before relaxing)
 .debug_str     0x0000000000003310      0x2e2 ./Src/NVIC_PROG.o
                                       0x31b6 (size before relaxing)
 .debug_str     0x00000000000035f2      0x6c4 ./Src/RCC_PROG.o
                                       0x3593 (size before relaxing)
 .debug_str     0x0000000000003cb6       0xb5 ./Src/SYSTICK_PROG.o
                                       0x2fe3 (size before relaxing)
 .debug_str     0x0000000000003d6b      0x440 ./Src/TIMER2_program.o
                                       0x330f (size before relaxing)
 .debug_str     0x00000000000041ab      0x3d2 ./Src/TIMER3_program.o
                                       0x3939 (size before relaxing)
 .debug_str     0x000000000000457d      0x1c1 ./Src/lcd.o
                                       0x335f (size before relaxing)
 .debug_str     0x000000000000473e      0xe35 ./Src/main.o
                                       0x4ba9 (size before relaxing)
 .debug_str     0x0000000000005573       0x2f ./Startup/startup_stm32f103c8tx.o
                                         0x7d (size before relaxing)

.debug_frame    0x0000000000000000      0x6a0
 .debug_frame   0x0000000000000000       0x58 ./Src/DELAY_PROG.o
 .debug_frame   0x0000000000000058      0x100 ./Src/GPIO.o
 .debug_frame   0x0000000000000158      0x100 ./Src/NVIC_PROG.o
 .debug_frame   0x0000000000000258       0x88 ./Src/RCC_PROG.o
 .debug_frame   0x00000000000002e0       0xe4 ./Src/SYSTICK_PROG.o
 .debug_frame   0x00000000000003c4       0xa4 ./Src/TIMER2_program.o
 .debug_frame   0x0000000000000468       0xa4 ./Src/TIMER3_program.o
 .debug_frame   0x000000000000050c      0x104 ./Src/lcd.o
 .debug_frame   0x0000000000000610       0x64 ./Src/main.o
 .debug_frame   0x0000000000000674       0x2c C:/ST/STM32CubeIDE_1.11.2/STM32CubeIDE/plugins/com.st.stm32cube.ide.mcu.externaltools.gnu-tools-for-stm32.11.3.rel1.win32_1.1.1.202309131626/tools/bin/../lib/gcc/arm-none-eabi/11.3.1/../../../../arm-none-eabi/lib/thumb/v7-m/nofp\libc_nano.a(libc_a-init.o)

.debug_line_str
                0x0000000000000000       0x71
 .debug_line_str
                0x0000000000000000       0x71 ./Startup/startup_stm32f103c8tx.o
                                         0x89 (size before relaxing)
