Archive member included to satisfy reference by file (symbol)

C:/ST/STM32CubeIDE_1.11.2/STM32CubeIDE/plugins/com.st.stm32cube.ide.mcu.externaltools.gnu-tools-for-stm32.11.3.rel1.win32_1.1.1.202309131626/tools/bin/../lib/gcc/arm-none-eabi/11.3.1/../../../../arm-none-eabi/lib/thumb/v7-m/nofp\libc_nano.a(libc_a-exit.o)
                              C:/ST/STM32CubeIDE_1.11.2/STM32CubeIDE/plugins/com.st.stm32cube.ide.mcu.externaltools.gnu-tools-for-stm32.11.3.rel1.win32_1.1.1.202309131626/tools/bin/../lib/gcc/arm-none-eabi/11.3.1/../../../../arm-none-eabi/lib/thumb/v7-m/nofp/crt0.o (exit)
C:/ST/STM32CubeIDE_1.11.2/STM32CubeIDE/plugins/com.st.stm32cube.ide.mcu.externaltools.gnu-tools-for-stm32.11.3.rel1.win32_1.1.1.202309131626/tools/bin/../lib/gcc/arm-none-eabi/11.3.1/../../../../arm-none-eabi/lib/thumb/v7-m/nofp\libc_nano.a(libc_a-findfp.o)
                              C:/ST/STM32CubeIDE_1.11.2/STM32CubeIDE/plugins/com.st.stm32cube.ide.mcu.externaltools.gnu-tools-for-stm32.11.3.rel1.win32_1.1.1.202309131626/tools/bin/../lib/gcc/arm-none-eabi/11.3.1/../../../../arm-none-eabi/lib/thumb/v7-m/nofp\libc_nano.a(libc_a-exit.o) (__stdio_exit_handler)
C:/ST/STM32CubeIDE_1.11.2/STM32CubeIDE/plugins/com.st.stm32cube.ide.mcu.externaltools.gnu-tools-for-stm32.11.3.rel1.win32_1.1.1.202309131626/tools/bin/../lib/gcc/arm-none-eabi/11.3.1/../../../../arm-none-eabi/lib/thumb/v7-m/nofp\libc_nano.a(libc_a-fwalk.o)
                              C:/ST/STM32CubeIDE_1.11.2/STM32CubeIDE/plugins/com.st.stm32cube.ide.mcu.externaltools.gnu-tools-for-stm32.11.3.rel1.win32_1.1.1.202309131626/tools/bin/../lib/gcc/arm-none-eabi/11.3.1/../../../../arm-none-eabi/lib/thumb/v7-m/nofp\libc_nano.a(libc_a-findfp.o) (_fwalk_sglue)
C:/ST/STM32CubeIDE_1.11.2/STM32CubeIDE/plugins/com.st.stm32cube.ide.mcu.externaltools.gnu-tools-for-stm32.11.3.rel1.win32_1.1.1.202309131626/tools/bin/../lib/gcc/arm-none-eabi/11.3.1/../../../../arm-none-eabi/lib/thumb/v7-m/nofp\libc_nano.a(libc_a-stdio.o)
                              C:/ST/STM32CubeIDE_1.11.2/STM32CubeIDE/plugins/com.st.stm32cube.ide.mcu.externaltools.gnu-tools-for-stm32.11.3.rel1.win32_1.1.1.202309131626/tools/bin/../lib/gcc/arm-none-eabi/11.3.1/../../../../arm-none-eabi/lib/thumb/v7-m/nofp\libc_nano.a(libc_a-findfp.o) (__sread)
C:/ST/STM32CubeIDE_1.11.2/STM32CubeIDE/plugins/com.st.stm32cube.ide.mcu.externaltools.gnu-tools-for-stm32.11.3.rel1.win32_1.1.1.202309131626/tools/bin/../lib/gcc/arm-none-eabi/11.3.1/../../../../arm-none-eabi/lib/thumb/v7-m/nofp\libc_nano.a(libc_a-memset.o)
                              C:/ST/STM32CubeIDE_1.11.2/STM32CubeIDE/plugins/com.st.stm32cube.ide.mcu.externaltools.gnu-tools-for-stm32.11.3.rel1.win32_1.1.1.202309131626/tools/bin/../lib/gcc/arm-none-eabi/11.3.1/../../../../arm-none-eabi/lib/thumb/v7-m/nofp/crt0.o (memset)
C:/ST/STM32CubeIDE_1.11.2/STM32CubeIDE/plugins/com.st.stm32cube.ide.mcu.externaltools.gnu-tools-for-stm32.11.3.rel1.win32_1.1.1.202309131626/tools/bin/../lib/gcc/arm-none-eabi/11.3.1/../../../../arm-none-eabi/lib/thumb/v7-m/nofp\libc_nano.a(libc_a-closer.o)
                              C:/ST/STM32CubeIDE_1.11.2/STM32CubeIDE/plugins/com.st.stm32cube.ide.mcu.externaltools.gnu-tools-for-stm32.11.3.rel1.win32_1.1.1.202309131626/tools/bin/../lib/gcc/arm-none-eabi/11.3.1/../../../../arm-none-eabi/lib/thumb/v7-m/nofp\libc_nano.a(libc_a-stdio.o) (_close_r)
C:/ST/STM32CubeIDE_1.11.2/STM32CubeIDE/plugins/com.st.stm32cube.ide.mcu.externaltools.gnu-tools-for-stm32.11.3.rel1.win32_1.1.1.202309131626/tools/bin/../lib/gcc/arm-none-eabi/11.3.1/../../../../arm-none-eabi/lib/thumb/v7-m/nofp\libc_nano.a(libc_a-reent.o)
                              C:/ST/STM32CubeIDE_1.11.2/STM32CubeIDE/plugins/com.st.stm32cube.ide.mcu.externaltools.gnu-tools-for-stm32.11.3.rel1.win32_1.1.1.202309131626/tools/bin/../lib/gcc/arm-none-eabi/11.3.1/../../../../arm-none-eabi/lib/thumb/v7-m/nofp\libc_nano.a(libc_a-closer.o) (errno)
C:/ST/STM32CubeIDE_1.11.2/STM32CubeIDE/plugins/com.st.stm32cube.ide.mcu.externaltools.gnu-tools-for-stm32.11.3.rel1.win32_1.1.1.202309131626/tools/bin/../lib/gcc/arm-none-eabi/11.3.1/../../../../arm-none-eabi/lib/thumb/v7-m/nofp\libc_nano.a(libc_a-impure.o)
                              C:/ST/STM32CubeIDE_1.11.2/STM32CubeIDE/plugins/com.st.stm32cube.ide.mcu.externaltools.gnu-tools-for-stm32.11.3.rel1.win32_1.1.1.202309131626/tools/bin/../lib/gcc/arm-none-eabi/11.3.1/../../../../arm-none-eabi/lib/thumb/v7-m/nofp\libc_nano.a(libc_a-reent.o) (_impure_ptr)
C:/ST/STM32CubeIDE_1.11.2/STM32CubeIDE/plugins/com.st.stm32cube.ide.mcu.externaltools.gnu-tools-for-stm32.11.3.rel1.win32_1.1.1.202309131626/tools/bin/../lib/gcc/arm-none-eabi/11.3.1/../../../../arm-none-eabi/lib/thumb/v7-m/nofp\libc_nano.a(libc_a-lseekr.o)
[...]
Memory Configuration

Name             Origin             Length             Attributes
RAM              0x0000000020000000 0x0000000000005000 xrw
FLASH            0x0000000008000000 0x0000000000010000 xr
*default*        0x0000000000000000 0xffffffffffffffff

Linker script and memory map

LOAD C:/ST/STM32CubeIDE_1.11.2/STM32CubeIDE/plugins/com.st.stm32cube.ide.mcu.externaltools.gnu-tools-for-stm32.11.3.rel1.win32_1.1.1.202309131626/tools/bin/../lib/gcc/arm-none-eabi/11.3.1/thumb/v7-m/nofp/crti.o
LOAD C:/ST/STM32CubeIDE_1.11.2/STM32CubeIDE/plugins/com.st.stm32cube.ide.mcu.externaltools.gnu-tools-for-stm32.11.3.rel1.win32_1.1.1.202309131626/tools/bin/../lib/gcc/arm-none-eabi/11.3.1/thumb/v7-m/nofp/crtbegin.o
LOAD C:/ST/STM32CubeIDE_1.11.2/STM32CubeIDE/plugins/com.st.stm32cube.ide.mcu.externaltools.gnu-tools-for-stm32.11.3.rel1.win32_1.1.1.202309131626/tools/bin/../lib/gcc/arm-none-eabi/11.3.1/../../../../arm-none-eabi/lib/thumb/v7-m/nofp/crt0.o
LOAD ./Src/DELAY_PROG.o
LOAD ./Src/GPIO.o
LOAD ./Src/MOTOR_program.o
LOAD ./Src/NVIC_PROG.o
LOAD ./Src/RCC_PROG.o
LOAD ./Src/SYSTICK_PROG.o
LOAD ./Src/TIMER2_program.o
LOAD ./Src/TIMER3_program.o
LOAD ./Src/TIMER_program.o
LOAD ./Src/USART_PROG.o
LOAD ./Src/lcd.o
LOAD ./Src/main.o
LOAD ./Src/syscalls.o
LOAD ./Src/sysmem.o
LOAD ./Src/ultrasonic.o
LOAD ./Startup/startup_stm32f103c8tx.o
START GROUP
LOAD C:/ST/STM32CubeIDE_1.11.2/STM32CubeIDE/plugins/com.st.stm32cube.ide.mcu.externaltools.gnu-tools-for-stm32.11.3.rel1.win32_1.1.1.202309131626/tools/bin/../lib/gcc/arm-none-eabi/11.3.1/../../../../arm-none-eabi/lib/thumb/v7-m/nofp\libc_nano.a
LOAD C:/ST/STM32CubeIDE_1.11.2/STM32CubeIDE/plugins/com.st.stm32cube.ide.mcu.externaltools.gnu-tools-for-stm32.11.3.rel1.win32_1.1.1.202309131626/tools/bin/../lib/gcc/arm-none-eabi/11.3.1/../../../../arm-none-eabi/lib/thumb/v7-m/nofp\libm.a
END GROUP
START GROUP
LOAD C:/ST/STM32CubeIDE_1.11.2/STM32CubeIDE/plugins/com.st.stm32cube.ide.mcu.externaltools.gnu-tools-for-stm32.11.3.rel1.win32_1.1.1.202309131626/tools/bin/../lib/gcc/arm-none-eabi/11.3.1/thumb/v7-m/nofp\libgcc.a
LOAD C:/ST/STM32CubeIDE_1.11.2/STM32CubeIDE/plugins/com.st.stm32cube.ide.mcu.externaltools.gnu-tools-for-stm32.11.3.rel1.win32_1.1.1.202309131626/tools/bin/../lib/gcc/arm-none-eabi/11.3.1/../../../../arm-none-eabi/lib/thumb/v7-m/nofp\libc_nano.a
END GROUP
START GROUP
LOAD C:/ST/STM32CubeIDE_1.11.2/STM32CubeIDE/plugins/com.st.stm32cube.ide.mcu.externaltools.gnu-tools-for-stm32.11.3.rel1.win32_1.1.1.202309131626/tools/bin/../lib/gcc/arm-none-eabi/11.3.1/thumb/v7-m/nofp\libgcc.a
LOAD C:/ST/STM32CubeIDE_1.11.2/STM32CubeIDE/plugins/com.st.stm32cube.ide.mcu.externaltools.gnu-tools-for-stm32.11.3.rel1.win32_1.1.1.202309131626/tools/bin/../lib/gcc/arm-none-eabi/11.3.1/../../../../arm-none-eabi/lib/thumb/v7-m/nofp\libc_nano.a
LOAD C:/ST/STM32CubeIDE_1.11.2/STM32CubeIDE/plugins/com.st.stm32cube.ide.mcu.externaltools.gnu-tools-for-stm32.11.3.rel1.win32_1.1.1.202309131626/tools/bin/../lib/gcc/arm-none-eabi/11.3.1/../../../../arm-none-eabi/lib/thumb/v7-m/nofp\libnosys.a
END GROUP
START GROUP
LOAD C:/ST/STM32CubeIDE_1.11.2/STM32CubeIDE/plugins/com.st.stm32cube.ide.mcu.externaltools.gnu-tools-for-stm32.11.3.rel1.win32_1.1.1.202309131626/tools/bin/../lib/gcc/arm-none-eabi/11.3.1/thumb/v7-m/nofp\libgcc.a
LOAD C:/ST/STM32CubeIDE_1.11.2/STM32CubeIDE/plugins/com.st.stm32cube.ide.mcu.externaltools.gnu-tools-for-stm32.11.3.rel1.win32_1.1.1.202309131626/tools/bin/../lib/gcc/arm-none-eabi/11.3.1/../../../../arm-none-eabi/lib/thumb/v7-m/nofp\libc_nano.a
LOAD C:/ST/STM32CubeIDE_1.11.2/STM32CubeIDE/plugins/com.st.stm32cube.ide.mcu.externaltools.gnu-tools-for-stm32.11.3.rel1.win32_1.1.1.202309131626/tools/bin/../lib/gcc/arm-none-eabi/11.3.1/../../../../arm-none-eabi/lib/thumb/v7-m/nofp\libnosys.a
END GROUP
LOAD C:/ST/STM32CubeIDE_1.11.2/STM32CubeIDE/plugins/com.st.stm32cube.ide.mcu.externaltools.gnu-tools-for-stm32.11.3.rel1.win32_1.1.1.202309131626/tools/bin/../lib/gcc/arm-none-eabi/11.3.1/thumb/v7-m/nofp/crtend.o
LOAD C:/ST/STM32CubeIDE_1.11.2/STM32CubeIDE/plugins/com.st.stm32cube.ide.mcu.externaltools.gnu-tools-for-stm32.11.3.rel1.win32_1.1.1.202309131626/tools/bin/../lib/gcc/arm-none-eabi/11.3.1/thumb/v7-m/nofp/crtn.o
                0x0000000020005000                _estack = (ORIGIN (RAM) + LENGTH (RAM))
                0x0000000000000200                _Min_Heap_Size = 0x200
                0x0000000000000400                _Min_Stack_Size = 0x400

.isr_vector     0x0000000008000000      0x130
                0x0000000008000000                . = ALIGN (0x4)
 *(.isr_vector)
 .isr_vector    0x0000000008000000      0x130 ./Startup/startup_stm32f103c8tx.o
                0x0000000008000000                g_pfnVectors
                0x0000000008000130                . = ALIGN (0x4)

.text           0x0000000008000130     0x1408
                0x0000000008000130                . = ALIGN (0x4)
 *(.text)
 .text          0x0000000008000130       0x40 C:/ST/STM32CubeIDE_1.11.2/STM32CubeIDE/plugins/com.st.stm32cube.ide.mcu.externaltools.gnu-tools-for-stm32.11.3.rel1.win32_1.1.1.202309131626/tools/bin/../lib/gcc/arm-none-eabi/11.3.1/thumb/v7-m/nofp/crtbegin.o
 *(.text*)
 .text._delay_ms
                0x0000000008000170       0x38 ./Src/DELAY_PROG.o
                0x0000000008000170                _delay_ms
 .text._delay_us
                0x00000000080001a8       0x2e ./Src/DELAY_PROG.o
                0x00000000080001a8                _delay_us
 *fill*         0x00000000080001d6        0x2 
 .text.MGPIO_VidSetPinDirection
                0x00000000080001d8      0x1a4 ./Src/GPIO.o
                0x00000000080001d8                MGPIO_VidSetPinDirection
 .text.MGPIO_VidSetPinValue
                0x000000000800037c       0xf4 ./Src/GPIO.o
                0x000000000800037c                MGPIO_VidSetPinValue
 .text.MOTORS_Void_MotorInit
                0x0000000008000470       0x5c ./Src/MOTOR_program.o
                0x0000000008000470                MOTORS_Void_MotorInit
 .text.MOTOR_RF_Void_MotorSetSpeed
                0x00000000080004cc       0x18 ./Src/MOTOR_program.o
                0x00000000080004cc                MOTOR_RF_Void_MotorSetSpeed
 .text.MOTOR_RF_GO_FORWARD
                0x00000000080004e4       0x1c ./Src/MOTOR_program.o
                0x00000000080004e4                MOTOR_RF_GO_FORWARD
 .text.MOTOR_RF_STOP
                0x0000000008000500       0x1c ./Src/MOTOR_program.o
                0x0000000008000500                MOTOR_RF_STOP
 .text.MOTOR_LF_Void_MotorSetSpeed
                0x000000000800051c       0x18 ./Src/MOTOR_program.o
                0x000000000800051c                MOTOR_LF_Void_MotorSetSpeed
 .text.MOTOR_LF_GO_FORWARD
                0x0000000008000534       0x1c ./Src/MOTOR_program.o
                0x0000000008000534                MOTOR_LF_GO_FORWARD
 .text.MOTOR_LF_STOP
                0x0000000008000550       0x1c ./Src/MOTOR_program.o
                0x0000000008000550                MOTOR_LF_STOP
 .text.MNVIC_VidEnablePeripheral
                0x000000000800056c       0x30 ./Src/NVIC_PROG.o
                0x000000000800056c                MNVIC_VidEnablePeripheral
 .text.MRCC_VidInit
                0x000000000800059c       0x68 ./Src/RCC_PROG.o
                0x000000000800059c                MRCC_VidInit
 .text.MRCC_VidEnablePeripheralClock
                0x0000000008000604       0x74 ./Src/RCC_PROG.o
                0x0000000008000604                MRCC_VidEnablePeripheralClock
 .text.SysTick_Handler
                0x0000000008000678       0x14 ./Src/SYSTICK_PROG.o
                0x0000000008000678                SysTick_Handler
 .text.MSTK_VidInit
                0x000000000800068c       0x18 ./Src/SYSTICK_PROG.o
                0x000000000800068c                MSTK_VidInit
 .text.MSTK_VidStart
                0x00000000080006a4       0x30 ./Src/SYSTICK_PROG.o
                0x00000000080006a4                MSTK_VidStart
 .text.MSTK_VidINTStatus
                0x00000000080006d4       0x34 ./Src/SYSTICK_PROG.o
                0x00000000080006d4                MSTK_VidINTStatus
 .text.MSTK_u8ReadFlag
                0x0000000008000708       0x20 ./Src/SYSTICK_PROG.o
                0x0000000008000708                MSTK_u8ReadFlag
 .text.TIMER2_VoidInitInputCapture
                0x0000000008000728       0xcc ./Src/TIMER2_program.o
                0x0000000008000728                TIMER2_VoidInitInputCapture
 .text.Timer2_u8InputCaptureSetCallBack
                0x00000000080007f4       0x28 ./Src/TIMER2_program.o
                0x00000000080007f4                Timer2_u8InputCaptureSetCallBack
 .text.Timer2_VoidDisableIntOnEachChannle
                0x000000000800081c       0x40 ./Src/TIMER2_program.o
                0x000000000800081c                Timer2_VoidDisableIntOnEachChannle
 .text.Timer2_VoidChangePolarityOnEachChannle
                0x000000000800085c       0x80 ./Src/TIMER2_program.o
                0x000000000800085c                Timer2_VoidChangePolarityOnEachChannle
 .text.Timer2_VoidGetCapturedValue
                0x00000000080008dc       0x3c ./Src/TIMER2_program.o
                0x00000000080008dc                Timer2_VoidGetCapturedValue
 .text.TIM2_IRQHandler
                0x0000000008000918       0x1c ./Src/TIMER2_program.o
                0x0000000008000918                TIM2_IRQHandler
 .text.TIMER3_VoidInitInputCapture
                0x0000000008000934      0x160 ./Src/TIMER3_program.o
                0x0000000008000934                TIMER3_VoidInitInputCapture
 .text.Timer3_u8InputCaptureSetCallBack
                0x0000000008000a94       0x28 ./Src/TIMER3_program.o
                0x0000000008000a94                Timer3_u8InputCaptureSetCallBack
 .text.Timer3_VoidSetPreload
                0x0000000008000abc       0x20 ./Src/TIMER3_program.o
                0x0000000008000abc                Timer3_VoidSetPreload
 .text.Timer3_VoidEnableIntOnEachChannle
                0x0000000008000adc       0x70 ./Src/TIMER3_program.o
                0x0000000008000adc                Timer3_VoidEnableIntOnEachChannle
 .text.Timer3_VoidDisableIntOnEachChannle
                0x0000000008000b4c       0x70 ./Src/TIMER3_program.o
                0x0000000008000b4c                Timer3_VoidDisableIntOnEachChannle
 .text.Timer3_VoidChangePolarityOnEachChannle
                0x0000000008000bbc       0xe0 ./Src/TIMER3_program.o
                0x0000000008000bbc                Timer3_VoidChangePolarityOnEachChannle
 .text.Timer3_VoidGetCapturedValue
                0x0000000008000c9c       0x6c ./Src/TIMER3_program.o
                0x0000000008000c9c                Timer3_VoidGetCapturedValue
 .text.TIM3_IRQHandler
                0x0000000008000d08       0x1c ./Src/TIMER3_program.o
                0x0000000008000d08                TIM3_IRQHandler
 .text.TIMER4_Void_PwmInit
                0x0000000008000d24      0x190 ./Src/TIMER_program.o
                0x0000000008000d24                TIMER4_Void_PwmInit
 .text.TIMER4_Void_PwmSetDutyCycle
                0x0000000008000eb4       0x68 ./Src/TIMER_program.o
                0x0000000008000eb4                TIMER4_Void_PwmSetDutyCycle
 .text.MUSART_VidInit
                0x0000000008000f1c       0xc8 ./Src/USART_PROG.o
                0x0000000008000f1c                MUSART_VidInit
 .text.USART1_IRQHandler
                0x0000000008000fe4       0x1c ./Src/USART_PROG.o
                0x0000000008000fe4                USART1_IRQHandler
 .text.TIM2     0x0000000008001000       0xfc ./Src/main.o
                0x0000000008001000                TIM2
 .text.TIM3     0x00000000080010fc      0x1d4 ./Src/main.o
                0x00000000080010fc                TIM3
 .text.Ultrasonic_TrigFour
                0x00000000080012d0       0x22 ./Src/main.o
                0x00000000080012d0                Ultrasonic_TrigFour
 *fill*         0x00000000080012f2        0x2 
 .text.Ultrasonic_ReadFour
                0x00000000080012f4       0x68 ./Src/main.o
                0x00000000080012f4                Ultrasonic_ReadFour
 .text.APP_voidUltrasonicUnitTest
                0x000000000800135c       0x3a ./Src/main.o
                0x000000000800135c                APP_voidUltrasonicUnitTest
 *fill*         0x0000000008001396        0x2 
 .text.main     0x0000000008001398       0xec ./Src/main.o
                0x0000000008001398                main
 .text.Reset_Handler
                0x0000000008001484       0x50 ./Startup/startup_stm32f103c8tx.o
                0x0000000008001484                Reset_Handler
 .text.Default_Handler
                0x00000000080014d4        0x2 ./Startup/startup_stm32f103c8tx.o
                0x00000000080014d4                EXTI2_IRQHandler
                0x00000000080014d4                TIM8_TRG_COM_IRQHandler
                0x00000000080014d4                TIM8_CC_IRQHandler
                0x00000000080014d4                DebugMon_Handler
                0x00000000080014d4                TIM1_CC_IRQHandler
                0x00000000080014d4                HardFault_Handler
                0x00000000080014d4                TIM6_IRQHandler
                0x00000000080014d4                PVD_IRQHandler
                0x00000000080014d4                SDIO_IRQHandler
                0x00000000080014d4                PendSV_Handler
                0x00000000080014d4                NMI_Handler
                0x00000000080014d4                EXTI3_IRQHandler
                0x00000000080014d4                USB_HP_CAN_TX_IRQHandler
                0x00000000080014d4                EXTI0_IRQHandler
                0x00000000080014d4                I2C2_EV_IRQHandler
                0x00000000080014d4                UsageFault_Handler
                0x00000000080014d4                ADC1_2_IRQHandler
                0x00000000080014d4                SPI1_IRQHandler
                0x00000000080014d4                CAN_SCE_IRQHandler
                0x00000000080014d4                TAMPER_IRQHandler
                0x00000000080014d4                TIM8_UP_IRQHandler
                0x00000000080014d4                DMA2_Channel2_IRQHandler
                0x00000000080014d4                DMA1_Channel4_IRQHandler
                0x00000000080014d4                USART3_IRQHandler
                0x00000000080014d4                RTC_IRQHandler
                0x00000000080014d4                DMA1_Channel7_IRQHandler
                0x00000000080014d4                UART5_IRQHandler
                0x00000000080014d4                ADC3_IRQHandler
                0x00000000080014d4                TIM4_IRQHandler
                0x00000000080014d4                CAN_RX1_IRQHandler
                0x00000000080014d4                DMA2_Channel1_IRQHandler
                0x00000000080014d4                I2C1_EV_IRQHandler
                0x00000000080014d4                DMA1_Channel6_IRQHandler
                0x00000000080014d4                UART4_IRQHandler
                0x00000000080014d4                RCC_IRQHandler
                0x00000000080014d4                TIM1_TRG_COM_IRQHandler
                0x00000000080014d4                DMA1_Channel1_IRQHandler
                0x00000000080014d4                Default_Handler
                0x00000000080014d4                EXTI15_10_IRQHandler
                0x00000000080014d4                TIM7_IRQHandler
                0x00000000080014d4                TIM5_IRQHandler
                0x00000000080014d4                EXTI9_5_IRQHandler
                0x00000000080014d4                SPI2_IRQHandler
                0x00000000080014d4                USB_LP_CAN_RX0_IRQHandler
                0x00000000080014d4                MemManage_Handler
                0x00000000080014d4                SVC_Handler
                0x00000000080014d4                DMA1_Channel5_IRQHandler
                0x00000000080014d4                EXTI4_IRQHandler
                0x00000000080014d4                DMA1_Channel3_IRQHandler
                0x00000000080014d4                FSMC_IRQHandler
                0x00000000080014d4                TIM1_UP_IRQHandler
                0x00000000080014d4                WWDG_IRQHandler
                0x00000000080014d4                TIM1_BRK_IRQHandler
                0x00000000080014d4                EXTI1_IRQHandler
                0x00000000080014d4                RTCAlarm_IRQHandler
                0x00000000080014d4                DMA2_Channel4_5_IRQHandler
                0x00000000080014d4                USART2_IRQHandler
                0x00000000080014d4                I2C2_ER_IRQHandler
                0x00000000080014d4                DMA1_Channel2_IRQHandler
                0x00000000080014d4                TIM8_BRK_IRQHandler
                0x00000000080014d4                FLASH_IRQHandler
                0x00000000080014d4                BusFault_Handler
                0x00000000080014d4                SPI3_IRQHandler
                0x00000000080014d4                I2C1_ER_IRQHandler
                0x00000000080014d4                DMA2_Channel3_IRQHandler
 *fill*         0x00000000080014d6        0x2 
 .text.__libc_init_array
                0x00000000080014d8       0x48 C:/ST/STM32CubeIDE_1.11.2/STM32CubeIDE/plugins/com.st.stm32cube.ide.mcu.externaltools.gnu-tools-for-stm32.11.3.rel1.win32_1.1.1.202309131626/tools/bin/../lib/gcc/arm-none-eabi/11.3.1/../../../../arm-none-eabi/lib/thumb/v7-m/nofp\libc_nano.a(libc_a-init.o)
                0x00000000080014d8                __libc_init_array
 *(.glue_7)
 .glue_7        0x0000000008001520        0x0 linker stubs
 *(.glue_7t)
 .glue_7t       0x0000000008001520        0x0 linker stubs
 *(.eh_frame)
 .eh_frame      0x0000000008001520        0x0 C:/ST/STM32CubeIDE_1.11.2/STM32CubeIDE/plugins/com.st.stm32cube.ide.mcu.externaltools.gnu-tools-for-stm32.11.3.rel1.win32_1.1.1.202309131626/tools/bin/../lib/gcc/arm-none-eabi/11.3.1/thumb/v7-m/nofp/crtbegin.o
 *(.init)
 .init          0x0000000008001520        0x4 C:/ST/STM32CubeIDE_1.11.2/STM32CubeIDE/plugins/com.st.stm32cube.ide.mcu.externaltools.gnu-tools-for-stm32.11.3.rel1.win32_1.1.1.202309131626/tools/bin/../lib/gcc/arm-none-eabi/11.3.1/thumb/v7-m/nofp/crti.o
                0x0000000008001520                _init
 .init          0x0000000008001524        0x8 C:/ST/STM32CubeIDE_1.11.2/STM32CubeIDE/plugins/com.st.stm32cube.ide.mcu.externaltools.gnu-tools-for-stm32.11.3.rel1.win32_1.1.1.202309131626/tools/bin/../lib/gcc/arm-none-eabi/11.3.1/thumb/v7-m/nofp/crtn.o
 *(.fini)
 .fini          0x000000000800152c        0x4 C:/ST/STM32CubeIDE_1.11.2/STM32CubeIDE/plugins/com.st.stm32cube.ide.mcu.externaltools.gnu-tools-for-stm32.11.3.rel1.win32_1.1.1.202309131626/tools/bin/../lib/gcc/arm-none-eabi/11.3.1/thumb/v7-m/nofp/crti.o
                0x000000000800152c                _fini
 .fini          0x0000000008001530        0x8 C:/ST/STM32CubeIDE_1.11.2/STM32CubeIDE/plugins/com.st.stm32cube.ide.mcu.externaltools.gnu-tools-for-stm32.11.3.rel1.win32_1.1.1.202309131626/tools/bin/../lib/gcc/arm-none-eabi/11.3.1/thumb/v7-m/nofp/crtn.o
                0x0000000008001538                . = ALIGN (0x4)
                0x0000000008001538                _etext = .

.vfp11_veneer   0x0000000008001538        0x0
 .vfp11_veneer  0x0000000008001538        0x0 linker stubs

.v4_bx          0x0000000008001538        0x0
 .v4_bx         0x0000000008001538        0x0 linker stubs

.iplt           0x0000000008001538        0x0
 .iplt          0x0000000008001538        0x0 C:/ST/STM32CubeIDE_1.11.2/STM32CubeIDE/plugins/com.st.stm32cube.ide.mcu.externaltools.gnu-tools-for-stm32.11.3.rel1.win32_1.1.1.202309131626/tools/bin/../lib/gcc/arm-none-eabi/11.3.1/thumb/v7-m/nofp/crtbegin.o

.rel.dyn        0x0000000008001538        0x0
 .rel.iplt      0x0000000008001538        0x0 C:/ST/STM32CubeIDE_1.11.2/STM32CubeIDE/plugins/com.st.stm32cube.ide.mcu.externaltools.gnu-tools-for-stm32.11.3.rel1.win32_1.1.1.202309131626/tools/bin/../lib/gcc/arm-none-eabi/11.3.1/thumb/v7-m/nofp/crtbegin.o

.rodata         0x0000000008001538        0x0
                0x0000000008001538                . = ALIGN (0x4)
 *(.rodata)
 *(.rodata*)
                0x0000000008001538                . = ALIGN (0x4)

.ARM.extab      0x0000000008001538        0x0
                0x0000000008001538                . = ALIGN (0x4)
 *(.ARM.extab* .gnu.linkonce.armextab.*)
                0x0000000008001538                . = ALIGN (0x4)

.ARM            0x0000000008001538        0x0
                0x0000000008001538                . = ALIGN (0x4)
                0x0000000008001538                __exidx_start = .
 *(.ARM.exidx*)
                0x0000000008001538                __exidx_end = .
                0x0000000008001538                . = ALIGN (0x4)

.preinit_array  0x0000000008001538        0x0
                0x0000000008001538                . = ALIGN (0x4)
                0x0000000008001538                PROVIDE (__preinit_array_start = .)
 *(.preinit_array*)
                0x0000000008001538                PROVIDE (__preinit_array_end = .)
                0x0000000008001538                . = ALIGN (0x4)

.init_array     0x0000000008001538        0x4
                0x0000000008001538                . = ALIGN (0x4)
                0x0000000008001538                PROVIDE (__init_array_start = .)
 *(SORT_BY_NAME(.init_array.*))
 *(.init_array*)
 .init_array    0x0000000008001538        0x4 C:/ST/STM32CubeIDE_1.11.2/STM32CubeIDE/plugins/com.st.stm32cube.ide.mcu.externaltools.gnu-tools-for-stm32.11.3.rel1.win32_1.1.1.202309131626/tools/bin/../lib/gcc/arm-none-eabi/11.3.1/thumb/v7-m/nofp/crtbegin.o
                0x000000000800153c                PROVIDE (__init_array_end = .)
                0x000000000800153c                . = ALIGN (0x4)

.fini_array     0x000000000800153c        0x4
                0x000000000800153c                . = ALIGN (0x4)
                [!provide]                        PROVIDE (__fini_array_start = .)
 *(SORT_BY_NAME(.fini_array.*))
 *(.fini_array*)
 .fini_array    0x000000000800153c        0x4 C:/ST/STM32CubeIDE_1.11.2/STM32CubeIDE/plugins/com.st.stm32cube.ide.mcu.externaltools.gnu-tools-for-stm32.11.3.rel1.win32_1.1.1.202309131626/tools/bin/../lib/gcc/arm-none-eabi/11.3.1/thumb/v7-m/nofp/crtbegin.o
                [!provide]                        PROVIDE (__fini_array_end = .)
                0x0000000008001540                . = ALIGN (0x4)
                0x0000000008001540                _sidata = LOADADDR (.data)

.data           0x0000000020000000        0x0 load address 0x0000000008001540
                0x0000000020000000                . = ALIGN (0x4)
                0x0000000020000000                _sdata = .
 *(.data)
 *(.data*)
 *(.RamFunc)
 *(.RamFunc*)
                0x0000000020000000                . = ALIGN (0x4)
                0x0000000020000000                _edata = .

.igot.plt       0x0000000020000000        0x0 load address 0x0000000008001540
 .igot.plt      0x0000000020000000        0x0 C:/ST/STM32CubeIDE_1.11.2/STM32CubeIDE/plugins/com.st.stm32cube.ide.mcu.externaltools.gnu-tools-for-stm32.11.3.rel1.win32_1.1.1.202309131626/tools/bin/../lib/gcc/arm-none-eabi/11.3.1/thumb/v7-m/nofp/crtbegin.o
                0x0000000020000000                . = ALIGN (0x4)

.bss            0x0000000020000000       0x6c load address 0x0000000008001540
                0x0000000020000000                _sbss = .
                0x0000000020000000                __bss_start__ = _sbss
 *(.bss)
 .bss           0x0000000020000000       0x1c C:/ST/STM32CubeIDE_1.11.2/STM32CubeIDE/plugins/com.st.stm32cube.ide.mcu.externaltools.gnu-tools-for-stm32.11.3.rel1.win32_1.1.1.202309131626/tools/bin/../lib/gcc/arm-none-eabi/11.3.1/thumb/v7-m/nofp/crtbegin.o
 *(.bss*)
 .bss.MSTK_CallBack
                0x000000002000001c        0x4 ./Src/SYSTICK_PROG.o
                0x000000002000001c                MSTK_CallBack
 .bss.TIMER2_pvInputCaptureCallBackFunc
                0x0000000020000020        0x4 ./Src/TIMER2_program.o
 .bss.TIMER3_pvInputCaptureCallBackFunc
                0x0000000020000024        0x4 ./Src/TIMER3_program.o
 .bss.MUSART1_CallBack
                0x0000000020000028        0x4 ./Src/USART_PROG.o
                0x0000000020000028                MUSART1_CallBack
 .bss.IC1_Val1  0x000000002000002c        0x4 ./Src/main.o
                0x000000002000002c                IC1_Val1
 .bss.IC1_Val2  0x0000000020000030        0x4 ./Src/main.o
                0x0000000020000030                IC1_Val2
 .bss.Is_First_Captured1
                0x0000000020000034        0x1 ./Src/main.o
                0x0000000020000034                Is_First_Captured1
 *fill*         0x0000000020000035        0x3 
 .bss.IC2_Val1  0x0000000020000038        0x4 ./Src/main.o
                0x0000000020000038                IC2_Val1
 .bss.IC2_Val2  0x000000002000003c        0x4 ./Src/main.o
                0x000000002000003c                IC2_Val2
 .bss.Is_First_Captured2
                0x0000000020000040        0x1 ./Src/main.o
                0x0000000020000040                Is_First_Captured2
 *fill*         0x0000000020000041        0x3 
 .bss.IC3_Val1  0x0000000020000044        0x4 ./Src/main.o
                0x0000000020000044                IC3_Val1
 .bss.IC3_Val2  0x0000000020000048        0x4 ./Src/main.o
                0x0000000020000048                IC3_Val2
 .bss.Is_First_Captured3
                0x000000002000004c        0x1 ./Src/main.o
                0x000000002000004c                Is_First_Captured3
 *fill*         0x000000002000004d        0x3 
 .bss.IC4_Val1  0x0000000020000050        0x4 ./Src/main.o
                0x0000000020000050                IC4_Val1
 .bss.IC4_Val2  0x0000000020000054        0x4 ./Src/main.o
                0x0000000020000054                IC4_Val2
 .bss.Difference4
                0x0000000020000058        0x4 ./Src/main.o
                0x0000000020000058                Difference4
 .bss.Is_First_Captured4
                0x000000002000005c        0x1 ./Src/main.o
                0x000000002000005c                Is_First_Captured4
 .bss.Distance4
                0x000000002000005d        0x1 ./Src/main.o
                0x000000002000005d                Distance4
 *fill*         0x000000002000005e        0x2 
 .bss.IC5_Val1  0x0000000020000060        0x4 ./Src/main.o
                0x0000000020000060                IC5_Val1
 .bss.IC5_Val2  0x0000000020000064        0x4 ./Src/main.o
                0x0000000020000064                IC5_Val2
 .bss.Is_First_Captured5
                0x0000000020000068        0x1 ./Src/main.o
                0x0000000020000068                Is_First_Captured5
 *(COMMON)
                0x000000002000006c                . = ALIGN (0x4)
 *fill*         0x0000000020000069        0x3 
                0x000000002000006c                _ebss = .
                0x000000002000006c                __bss_end__ = _ebss

._user_heap_stack
                0x000000002000006c      0x604 load address 0x0000000008001540
                0x0000000020000070                . = ALIGN (0x8)
 *fill*         0x000000002000006c        0x4 
                [!provide]                        PROVIDE (end = .)
                0x0000000020000070                PROVIDE (_end = .)
                0x0000000020000270                . = (. + _Min_Heap_Size)
 *fill*         0x0000000020000070      0x200 
                0x0000000020000670                . = (. + _Min_Stack_Size)
 *fill*         0x0000000020000270      0x400 
                0x0000000020000670                . = ALIGN (0x8)

/DISCARD/
 libc.a(*)
 libm.a(*)
 libgcc.a(*)

.ARM.attributes
                0x0000000000000000       0x29
 *(.ARM.attributes)
 .ARM.attributes
                0x0000000000000000       0x1d C:/ST/STM32CubeIDE_1.11.2/STM32CubeIDE/plugins/com.st.stm32cube.ide.mcu.externaltools.gnu-tools-for-stm32.11.3.rel1.win32_1.1.1.202309131626/tools/bin/../lib/gcc/arm-none-eabi/11.3.1/thumb/v7-m/nofp/crti.o
 .ARM.attributes
                0x000000000000001d       0x2d C:/ST/STM32CubeIDE_1.11.2/STM32CubeIDE/plugins/com.st.stm32cube.ide.mcu.externaltools.gnu-tools-for-stm32.11.3.rel1.win32_1.1.1.202309131626/tools/bin/../lib/gcc/arm-none-eabi/11.3.1/thumb/v7-m/nofp/crtbegin.o
 .ARM.attributes
                0x000000000000004a       0x2d ./Src/DELAY_PROG.o
 .ARM.attributes
                0x0000000000000077       0x2d ./Src/GPIO.o
 .ARM.attributes
                0x00000000000000a4       0x2d ./Src/MOTOR_program.o
 .ARM.attributes
                0x00000000000000d1       0x2d ./Src/NVIC_PROG.o
 .ARM.attributes
                0x00000000000000fe       0x2d ./Src/RCC_PROG.o
 .ARM.attributes
                0x000000000000012b       0x2d ./Src/SYSTICK_PROG.o
 .ARM.attributes
                0x0000000000000158       0x2d ./Src/TIMER2_program.o
 .ARM.attributes
                0x0000000000000185       0x2d ./Src/TIMER3_program.o
 .ARM.attributes
                0x00000000000001b2       0x2d ./Src/TIMER_program.o
 .ARM.attributes
                0x00000000000001df       0x2d ./Src/USART_PROG.o
 .ARM.attributes
                0x000000000000020c       0x2d ./Src/main.o
 .ARM.attributes
                0x0000000000000239       0x21 ./Startup/startup_stm32f103c8tx.o
 .ARM.attributes
                0x000000000000025a       0x2d C:/ST/STM32CubeIDE_1.11.2/STM32CubeIDE/plugins/com.st.stm32cube.ide.mcu.externaltools.gnu-tools-for-stm32.11.3.rel1.win32_1.1.1.202309131626/tools/bin/../lib/gcc/arm-none-eabi/11.3.1/../../../../arm-none-eabi/lib/thumb/v7-m/nofp\libc_nano.a(libc_a-init.o)
 .ARM.attributes
                0x0000000000000287       0x1d C:/ST/STM32CubeIDE_1.11.2/STM32CubeIDE/plugins/com.st.stm32cube.ide.mcu.externaltools.gnu-tools-for-stm32.11.3.rel1.win32_1.1.1.202309131626/tools/bin/../lib/gcc/arm-none-eabi/11.3.1/thumb/v7-m/nofp/crtn.o
OUTPUT(AutoParkingVersion1.elf elf32-littlearm)
LOAD linker stubs
LOAD C:/ST/STM32CubeIDE_1.11.2/STM32CubeIDE/plugins/com.st.stm32cube.ide.mcu.externaltools.gnu-tools-for-stm32.11.3.rel1.win32_1.1.1.202309131626/tools/bin/../lib/gcc/arm-none-eabi/11.3.1/../../../../arm-none-eabi/lib/thumb/v7-m/nofp\libc.a
LOAD C:/ST/STM32CubeIDE_1.11.2/STM32CubeIDE/plugins/com.st.stm32cube.ide.mcu.externaltools.gnu-tools-for-stm32.11.3.rel1.win32_1.1.1.202309131626/tools/bin/../lib/gcc/arm-none-eabi/11.3.1/../../../../arm-none-eabi/lib/thumb/v7-m/nofp\libm.a
LOAD C:/ST/STM32CubeIDE_1.11.2/STM32CubeIDE/plugins/com.st.stm32cube.ide.mcu.externaltools.gnu-tools-for-stm32.11.3.rel1.win32_1.1.1.202309131626/tools/bin/../lib/gcc/arm-none-eabi/11.3.1/thumb/v7-m/nofp\libgcc.a

.comment        0x0000000000000000       0x43
 .comment       0x0000000000000000       0x43 C:/ST/STM32CubeIDE_1.11.2/STM32CubeIDE/plugins/com.st.stm32cube.ide.mcu.externaltools.gnu-tools-for-stm32.11.3.rel1.win32_1.1.1.202309131626/tools/bin/../lib/gcc/arm-none-eabi/11.3.1/thumb/v7-m/nofp/crtbegin.o
                                         0x44 (size before relaxing)
 .comment       0x0000000000000043       0x44 ./Src/DELAY_PROG.o
 .comment       0x0000000000000043       0x44 ./Src/GPIO.o
 .comment       0x0000000000000043       0x44 ./Src/MOTOR_program.o
 .comment       0x0000000000000043       0x44 ./Src/NVIC_PROG.o
 .comment       0x0000000000000043       0x44 ./Src/RCC_PROG.o
 .comment       0x0000000000000043       0x44 ./Src/SYSTICK_PROG.o
 .comment       0x0000000000000043       0x44 ./Src/TIMER2_program.o
 .comment       0x0000000000000043       0x44 ./Src/TIMER3_program.o
 .comment       0x0000000000000043       0x44 ./Src/TIMER_program.o
 .comment       0x0000000000000043       0x44 ./Src/USART_PROG.o
 .comment       0x0000000000000043       0x44 ./Src/main.o

.debug_info     0x0000000000000000     0x18d1
 .debug_info    0x0000000000000000       0xfe ./Src/DELAY_PROG.o
 .debug_info    0x00000000000000fe      0x27b ./Src/GPIO.o
 .debug_info    0x0000000000000379      0x197 ./Src/MOTOR_program.o
 .debug_info    0x0000000000000510      0x307 ./Src/NVIC_PROG.o
 .debug_info    0x0000000000000817      0x194 ./Src/RCC_PROG.o
 .debug_info    0x00000000000009ab      0x18c ./Src/SYSTICK_PROG.o
 .debug_info    0x0000000000000b37      0x20b ./Src/TIMER2_program.o
 .debug_info    0x0000000000000d42      0x227 ./Src/TIMER3_program.o
 .debug_info    0x0000000000000f69       0xda ./Src/TIMER_program.o
 .debug_info    0x0000000000001043      0x25b ./Src/USART_PROG.o
 .debug_info    0x000000000000129e      0x610 ./Src/main.o
 .debug_info    0x00000000000018ae       0x23 ./Startup/startup_stm32f103c8tx.o

.debug_abbrev   0x0000000000000000      0xaeb
 .debug_abbrev  0x0000000000000000       0xbe ./Src/DELAY_PROG.o
 .debug_abbrev  0x00000000000000be       0xf4 ./Src/GPIO.o
 .debug_abbrev  0x00000000000001b2       0x97 ./Src/MOTOR_program.o
 .debug_abbrev  0x0000000000000249      0x13b ./Src/NVIC_PROG.o
 .debug_abbrev  0x0000000000000384       0xc5 ./Src/RCC_PROG.o
 .debug_abbrev  0x0000000000000449      0x12a ./Src/SYSTICK_PROG.o
 .debug_abbrev  0x0000000000000573       0xf7 ./Src/TIMER2_program.o
 .debug_abbrev  0x000000000000066a       0xf7 ./Src/TIMER3_program.o
 .debug_abbrev  0x0000000000000761       0x77 ./Src/TIMER_program.o
 .debug_abbrev  0x00000000000007d8      0x18a ./Src/USART_PROG.o
 .debug_abbrev  0x0000000000000962      0x177 ./Src/main.o
 .debug_abbrev  0x0000000000000ad9       0x12 ./Startup/startup_stm32f103c8tx.o

.debug_aranges  0x0000000000000000      0x378
 .debug_aranges
                0x0000000000000000       0x28 ./Src/DELAY_PROG.o
 .debug_aranges
                0x0000000000000028       0x48 ./Src/GPIO.o
 .debug_aranges
                0x0000000000000070       0x60 ./Src/MOTOR_program.o
 .debug_aranges
                0x00000000000000d0       0x48 ./Src/NVIC_PROG.o
 .debug_aranges
                0x0000000000000118       0x30 ./Src/RCC_PROG.o
 .debug_aranges
                0x0000000000000148       0x48 ./Src/SYSTICK_PROG.o
 .debug_aranges
                0x0000000000000190       0x58 ./Src/TIMER2_program.o
 .debug_aranges
                0x00000000000001e8       0x58 ./Src/TIMER3_program.o
 .debug_aranges
                0x0000000000000240       0x28 ./Src/TIMER_program.o
 .debug_aranges
                0x0000000000000268       0x50 ./Src/USART_PROG.o
 .debug_aranges
                0x00000000000002b8       0x98 ./Src/main.o
 .debug_aranges
                0x0000000000000350       0x28 ./Startup/startup_stm32f103c8tx.o

.debug_rnglists
                0x0000000000000000      0x26f
 .debug_rnglists
                0x0000000000000000       0x19 ./Src/DELAY_PROG.o
 .debug_rnglists
                0x0000000000000019       0x36 ./Src/GPIO.o
 .debug_rnglists
                0x000000000000004f       0x43 ./Src/MOTOR_program.o
 .debug_rnglists
                0x0000000000000092       0x32 ./Src/NVIC_PROG.o
 .debug_rnglists
                0x00000000000000c4       0x1f ./Src/RCC_PROG.o
 .debug_rnglists
                0x00000000000000e3       0x31 ./Src/SYSTICK_PROG.o
 .debug_rnglists
                0x0000000000000114       0x3f ./Src/TIMER2_program.o
 .debug_rnglists
                0x0000000000000153       0x3f ./Src/TIMER3_program.o
 .debug_rnglists
                0x0000000000000192       0x1a ./Src/TIMER_program.o
 .debug_rnglists
                0x00000000000001ac       0x38 ./Src/USART_PROG.o
 .debug_rnglists
                0x00000000000001e4       0x72 ./Src/main.o
 .debug_rnglists
                0x0000000000000256       0x19 ./Startup/startup_stm32f103c8tx.o

.debug_macro    0x0000000000000000     0x1a0f
 .debug_macro   0x0000000000000000       0x2d ./Src/DELAY_PROG.o
 .debug_macro   0x000000000000002d      0xaa2 ./Src/DELAY_PROG.o
 .debug_macro   0x0000000000000acf       0x10 ./Src/DELAY_PROG.o
 .debug_macro   0x0000000000000adf       0x16 ./Src/DELAY_PROG.o
 .debug_macro   0x0000000000000af5       0x3f ./Src/GPIO.o
 .debug_macro   0x0000000000000b34       0x22 ./Src/GPIO.o
 .debug_macro   0x0000000000000b56       0xee ./Src/GPIO.o
 .debug_macro   0x0000000000000c44       0x1c ./Src/GPIO.o
 .debug_macro   0x0000000000000c60       0x5c ./Src/MOTOR_program.o
 .debug_macro   0x0000000000000cbc       0x22 ./Src/MOTOR_program.o
 .debug_macro   0x0000000000000cde       0x9a ./Src/MOTOR_program.o
 .debug_macro   0x0000000000000d78       0x35 ./Src/NVIC_PROG.o
 .debug_macro   0x0000000000000dad       0x76 ./Src/NVIC_PROG.o
 .debug_macro   0x0000000000000e23       0x1c ./Src/NVIC_PROG.o
 .debug_macro   0x0000000000000e3f       0x52 ./Src/RCC_PROG.o
 .debug_macro   0x0000000000000e91      0x210 ./Src/RCC_PROG.o
 .debug_macro   0x00000000000010a1       0x22 ./Src/RCC_PROG.o
 .debug_macro   0x00000000000010c3       0x10 ./Src/RCC_PROG.o
 .debug_macro   0x00000000000010d3       0x35 ./Src/SYSTICK_PROG.o
 .debug_macro   0x0000000000001108       0x10 ./Src/SYSTICK_PROG.o
 .debug_macro   0x0000000000001118       0x3f ./Src/TIMER2_program.o
 .debug_macro   0x0000000000001157       0x2e ./Src/TIMER2_program.o
 .debug_macro   0x0000000000001185       0x22 ./Src/TIMER2_program.o
 .debug_macro   0x00000000000011a7       0x64 ./Src/TIMER2_program.o
 .debug_macro   0x000000000000120b       0x51 ./Src/TIMER3_program.o
 .debug_macro   0x000000000000125c       0x2e ./Src/TIMER3_program.o
 .debug_macro   0x000000000000128a       0x6a ./Src/TIMER3_program.o
 .debug_macro   0x00000000000012f4       0x49 ./Src/TIMER_program.o
 .debug_macro   0x000000000000133d       0x70 ./Src/TIMER_program.o
 .debug_macro   0x00000000000013ad       0x44 ./Src/USART_PROG.o
 .debug_macro   0x00000000000013f1       0x7c ./Src/USART_PROG.o
 .debug_macro   0x000000000000146d       0x40 ./Src/USART_PROG.o
 .debug_macro   0x00000000000014ad       0x10 ./Src/USART_PROG.o
 .debug_macro   0x00000000000014bd      0x105 ./Src/main.o
 .debug_macro   0x00000000000015c2       0x22 ./Src/main.o
 .debug_macro   0x00000000000015e4       0x8e ./Src/main.o
 .debug_macro   0x0000000000001672       0x51 ./Src/main.o
 .debug_macro   0x00000000000016c3      0x103 ./Src/main.o
 .debug_macro   0x00000000000017c6       0x6a ./Src/main.o
 .debug_macro   0x0000000000001830      0x1df ./Src/main.o

.debug_line     0x0000000000000000     0x1c82
 .debug_line    0x0000000000000000       0xc4 ./Src/DELAY_PROG.o
 .debug_line    0x00000000000000c4      0x4f9 ./Src/GPIO.o
 .debug_line    0x00000000000005bd      0x1b2 ./Src/MOTOR_program.o
 .debug_line    0x000000000000076f      0x1b5 ./Src/NVIC_PROG.o
 .debug_line    0x0000000000000924      0x14a ./Src/RCC_PROG.o
 .debug_line    0x0000000000000a6e      0x11f ./Src/SYSTICK_PROG.o
 .debug_line    0x0000000000000b8d      0x1d6 ./Src/TIMER2_program.o
 .debug_line    0x0000000000000d63      0x222 ./Src/TIMER3_program.o
 .debug_line    0x0000000000000f85      0x131 ./Src/TIMER_program.o
 .debug_line    0x00000000000010b6      0x1de ./Src/USART_PROG.o
 .debug_line    0x0000000000001294      0x973 ./Src/main.o
 .debug_line    0x0000000000001c07       0x7b ./Startup/startup_stm32f103c8tx.o

.debug_str      0x0000000000000000     0x65e8
 .debug_str     0x0000000000000000     0x2e5f ./Src/DELAY_PROG.o
                                       0x2ed6 (size before relaxing)
 .debug_str     0x0000000000002e5f      0x4b9 ./Src/GPIO.o
                                       0x32ef (size before relaxing)
 .debug_str     0x0000000000003318      0x3fb ./Src/MOTOR_program.o
                                       0x3582 (size before relaxing)
 .debug_str     0x0000000000003713      0x2e2 ./Src/NVIC_PROG.o
                                       0x31be (size before relaxing)
 .debug_str     0x00000000000039f5      0x6c4 ./Src/RCC_PROG.o
                                       0x359b (size before relaxing)
 .debug_str     0x00000000000040b9       0xb5 ./Src/SYSTICK_PROG.o
                                       0x2feb (size before relaxing)
 .debug_str     0x000000000000416e      0x618 ./Src/TIMER2_program.o
                                       0x3446 (size before relaxing)
 .debug_str     0x0000000000004786      0x4e3 ./Src/TIMER3_program.o
                                       0x3ace (size before relaxing)
 .debug_str     0x0000000000004c69      0x438 ./Src/TIMER_program.o
                                       0x33a6 (size before relaxing)
 .debug_str     0x00000000000050a1      0x422 ./Src/USART_PROG.o
                                       0x32fc (size before relaxing)
 .debug_str     0x00000000000054c3     0x10f6 ./Src/main.o
                                       0x55b7 (size before relaxing)
 .debug_str     0x00000000000065b9       0x2f ./Startup/startup_stm32f103c8tx.o
                                         0x85 (size before relaxing)

.debug_frame    0x0000000000000000      0xae0
 .debug_frame   0x0000000000000000       0x58 ./Src/DELAY_PROG.o
 .debug_frame   0x0000000000000058      0x100 ./Src/GPIO.o
 .debug_frame   0x0000000000000158      0x11c ./Src/MOTOR_program.o
 .debug_frame   0x0000000000000274      0x100 ./Src/NVIC_PROG.o
 .debug_frame   0x0000000000000374       0x88 ./Src/RCC_PROG.o
 .debug_frame   0x00000000000003fc       0xe4 ./Src/SYSTICK_PROG.o
 .debug_frame   0x00000000000004e0      0x144 ./Src/TIMER2_program.o
 .debug_frame   0x0000000000000624      0x144 ./Src/TIMER3_program.o
 .debug_frame   0x0000000000000768       0x60 ./Src/TIMER_program.o
 .debug_frame   0x00000000000007c8      0x114 ./Src/USART_PROG.o
 .debug_frame   0x00000000000008dc      0x1d8 ./Src/main.o
 .debug_frame   0x0000000000000ab4       0x2c C:/ST/STM32CubeIDE_1.11.2/STM32CubeIDE/plugins/com.st.stm32cube.ide.mcu.externaltools.gnu-tools-for-stm32.11.3.rel1.win32_1.1.1.202309131626/tools/bin/../lib/gcc/arm-none-eabi/11.3.1/../../../../arm-none-eabi/lib/thumb/v7-m/nofp\libc_nano.a(libc_a-init.o)

.debug_line_str
                0x0000000000000000       0x79
 .debug_line_str
                0x0000000000000000       0x79 ./Startup/startup_stm32f103c8tx.o
                                         0x91 (size before relaxing)
