Archive member included to satisfy reference by file (symbol)

C:/ST_ARM_IDE/STM32CubeIDE_1.11.2/STM32CubeIDE/plugins/com.st.stm32cube.ide.mcu.externaltools.gnu-tools-for-stm32.11.3.rel1.win32_1.1.1.202309131626/tools/bin/../lib/gcc/arm-none-eabi/11.3.1/../../../../arm-none-eabi/lib/thumb/v7-m/nofp\libc_nano.a(libc_a-exit.o)
                              C:/ST_ARM_IDE/STM32CubeIDE_1.11.2/STM32CubeIDE/plugins/com.st.stm32cube.ide.mcu.externaltools.gnu-tools-for-stm32.11.3.rel1.win32_1.1.1.202309131626/tools/bin/../lib/gcc/arm-none-eabi/11.3.1/../../../../arm-none-eabi/lib/thumb/v7-m/nofp/crt0.o (exit)
C:/ST_ARM_IDE/STM32CubeIDE_1.11.2/STM32CubeIDE/plugins/com.st.stm32cube.ide.mcu.externaltools.gnu-tools-for-stm32.11.3.rel1.win32_1.1.1.202309131626/tools/bin/../lib/gcc/arm-none-eabi/11.3.1/../../../../arm-none-eabi/lib/thumb/v7-m/nofp\libc_nano.a(libc_a-itoa.o)
                              ./Inc/HAL/LCD_DRIVER/LCD_PROGRAM.o (itoa)
C:/ST_ARM_IDE/STM32CubeIDE_1.11.2/STM32CubeIDE/plugins/com.st.stm32cube.ide.mcu.externaltools.gnu-tools-for-stm32.11.3.rel1.win32_1.1.1.202309131626/tools/bin/../lib/gcc/arm-none-eabi/11.3.1/../../../../arm-none-eabi/lib/thumb/v7-m/nofp\libc_nano.a(libc_a-utoa.o)
                              C:/ST_ARM_IDE/STM32CubeIDE_1.11.2/STM32CubeIDE/plugins/com.st.stm32cube.ide.mcu.externaltools.gnu-tools-for-stm32.11.3.rel1.win32_1.1.1.202309131626/tools/bin/../lib/gcc/arm-none-eabi/11.3.1/../../../../arm-none-eabi/lib/thumb/v7-m/nofp\libc_nano.a(libc_a-itoa.o) (__utoa)
C:/ST_ARM_IDE/STM32CubeIDE_1.11.2/STM32CubeIDE/plugins/com.st.stm32cube.ide.mcu.externaltools.gnu-tools-for-stm32.11.3.rel1.win32_1.1.1.202309131626/tools/bin/../lib/gcc/arm-none-eabi/11.3.1/../../../../arm-none-eabi/lib/thumb/v7-m/nofp\libc_nano.a(libc_a-findfp.o)
                              C:/ST_ARM_IDE/STM32CubeIDE_1.11.2/STM32CubeIDE/plugins/com.st.stm32cube.ide.mcu.externaltools.gnu-tools-for-stm32.11.3.rel1.win32_1.1.1.202309131626/tools/bin/../lib/gcc/arm-none-eabi/11.3.1/../../../../arm-none-eabi/lib/thumb/v7-m/nofp\libc_nano.a(libc_a-exit.o) (__stdio_exit_handler)
C:/ST_ARM_IDE/STM32CubeIDE_1.11.2/STM32CubeIDE/plugins/com.st.stm32cube.ide.mcu.externaltools.gnu-tools-for-stm32.11.3.rel1.win32_1.1.1.202309131626/tools/bin/../lib/gcc/arm-none-eabi/11.3.1/../../../../arm-none-eabi/lib/thumb/v7-m/nofp\libc_nano.a(libc_a-fwalk.o)
                              C:/ST_ARM_IDE/STM32CubeIDE_1.11.2/STM32CubeIDE/plugins/com.st.stm32cube.ide.mcu.externaltools.gnu-tools-for-stm32.11.3.rel1.win32_1.1.1.202309131626/tools/bin/../lib/gcc/arm-none-eabi/11.3.1/../../../../arm-none-eabi/lib/thumb/v7-m/nofp\libc_nano.a(libc_a-findfp.o) (_fwalk_sglue)
C:/ST_ARM_IDE/STM32CubeIDE_1.11.2/STM32CubeIDE/plugins/com.st.stm32cube.ide.mcu.externaltools.gnu-tools-for-stm32.11.3.rel1.win32_1.1.1.202309131626/tools/bin/../lib/gcc/arm-none-eabi/11.3.1/../../../../arm-none-eabi/lib/thumb/v7-m/nofp\libc_nano.a(libc_a-stdio.o)
                              C:/ST_ARM_IDE/STM32CubeIDE_1.11.2/STM32CubeIDE/plugins/com.st.stm32cube.ide.mcu.externaltools.gnu-tools-for-stm32.11.3.rel1.win32_1.1.1.202309131626/tools/bin/../lib/gcc/arm-none-eabi/11.3.1/../../../../arm-none-eabi/lib/thumb/v7-m/nofp\libc_nano.a(libc_a-findfp.o) (__sread)
C:/ST_ARM_IDE/STM32CubeIDE_1.11.2/STM32CubeIDE/plugins/com.st.stm32cube.ide.mcu.externaltools.gnu-tools-for-stm32.11.3.rel1.win32_1.1.1.202309131626/tools/bin/../lib/gcc/arm-none-eabi/11.3.1/../../../../arm-none-eabi/lib/thumb/v7-m/nofp\libc_nano.a(libc_a-memset.o)
                              C:/ST_ARM_IDE/STM32CubeIDE_1.11.2/STM32CubeIDE/plugins/com.st.stm32cube.ide.mcu.externaltools.gnu-tools-for-stm32.11.3.rel1.win32_1.1.1.202309131626/tools/bin/../lib/gcc/arm-none-eabi/11.3.1/../../../../arm-none-eabi/lib/thumb/v7-m/nofp/crt0.o (memset)
C:/ST_ARM_IDE/STM32CubeIDE_1.11.2/STM32CubeIDE/plugins/com.st.stm32cube.ide.mcu.externaltools.gnu-tools-for-stm32.11.3.rel1.win32_1.1.1.202309131626/tools/bin/../lib/gcc/arm-none-eabi/11.3.1/../../../../arm-none-eabi/lib/thumb/v7-m/nofp\libc_nano.a(libc_a-closer.o)
                              C:/ST_ARM_IDE/STM32CubeIDE_1.11.2/STM32CubeIDE/plugins/com.st.stm32cube.ide.mcu.externaltools.gnu-tools-for-stm32.11.3.rel1.win32_1.1.1.202309131626/tools/bin/../lib/gcc/arm-none-eabi/11.3.1/../../../../arm-none-eabi/lib/thumb/v7-m/nofp\libc_nano.a(libc_a-stdio.o) (_close_r)
C:/ST_ARM_IDE/STM32CubeIDE_1.11.2/STM32CubeIDE/plugins/com.st.stm32cube.ide.mcu.externaltools.gnu-tools-for-stm32.11.3.rel1.win32_1.1.1.202309131626/tools/bin/../lib/gcc/arm-none-eabi/11.3.1/../../../../arm-none-eabi/lib/thumb/v7-m/nofp\libc_nano.a(libc_a-reent.o)
                              C:/ST_ARM_IDE/STM32CubeIDE_1.11.2/STM32CubeIDE/plugins/com.st.stm32cube.ide.mcu.externaltools.gnu-tools-for-stm32.11.3.rel1.win32_1.1.1.202309131626/tools/bin/../lib/gcc/arm-none-eabi/11.3.1/../../../../arm-none-eabi/lib/thumb/v7-m/nofp\libc_nano.a(libc_a-closer.o) (errno)
[...]
Memory Configuration

Name             Origin             Length             Attributes
RAM              0x0000000020000000 0x0000000000005000 xrw
FLASH            0x0000000008000000 0x0000000000010000 xr
*default*        0x0000000000000000 0xffffffffffffffff

Linker script and memory map

LOAD C:/ST_ARM_IDE/STM32CubeIDE_1.11.2/STM32CubeIDE/plugins/com.st.stm32cube.ide.mcu.externaltools.gnu-tools-for-stm32.11.3.rel1.win32_1.1.1.202309131626/tools/bin/../lib/gcc/arm-none-eabi/11.3.1/thumb/v7-m/nofp/crti.o
LOAD C:/ST_ARM_IDE/STM32CubeIDE_1.11.2/STM32CubeIDE/plugins/com.st.stm32cube.ide.mcu.externaltools.gnu-tools-for-stm32.11.3.rel1.win32_1.1.1.202309131626/tools/bin/../lib/gcc/arm-none-eabi/11.3.1/thumb/v7-m/nofp/crtbegin.o
LOAD C:/ST_ARM_IDE/STM32CubeIDE_1.11.2/STM32CubeIDE/plugins/com.st.stm32cube.ide.mcu.externaltools.gnu-tools-for-stm32.11.3.rel1.win32_1.1.1.202309131626/tools/bin/../lib/gcc/arm-none-eabi/11.3.1/../../../../arm-none-eabi/lib/thumb/v7-m/nofp/crt0.o
LOAD ./Inc/HAL/LCD_DRIVER/LCD_PROGRAM.o
LOAD ./Inc/MCAL/GPIO_DRIVER/GPIO_PROGRAM.o
LOAD ./Inc/MCAL/RCC_DRIVER/RCC_PROGRAM.o
LOAD ./Inc/MCAL/SYSTICK_DRIVER/SYSTICK_PROGRAM.o
LOAD ./Src/APP_PROGRAM.o
LOAD ./Src/main.o
LOAD ./Src/syscalls.o
LOAD ./Src/sysmem.o
LOAD ./Startup/startup_stm32f103c8tx.o
START GROUP
LOAD C:/ST_ARM_IDE/STM32CubeIDE_1.11.2/STM32CubeIDE/plugins/com.st.stm32cube.ide.mcu.externaltools.gnu-tools-for-stm32.11.3.rel1.win32_1.1.1.202309131626/tools/bin/../lib/gcc/arm-none-eabi/11.3.1/../../../../arm-none-eabi/lib/thumb/v7-m/nofp\libc_nano.a
LOAD C:/ST_ARM_IDE/STM32CubeIDE_1.11.2/STM32CubeIDE/plugins/com.st.stm32cube.ide.mcu.externaltools.gnu-tools-for-stm32.11.3.rel1.win32_1.1.1.202309131626/tools/bin/../lib/gcc/arm-none-eabi/11.3.1/../../../../arm-none-eabi/lib/thumb/v7-m/nofp\libm.a
END GROUP
START GROUP
LOAD C:/ST_ARM_IDE/STM32CubeIDE_1.11.2/STM32CubeIDE/plugins/com.st.stm32cube.ide.mcu.externaltools.gnu-tools-for-stm32.11.3.rel1.win32_1.1.1.202309131626/tools/bin/../lib/gcc/arm-none-eabi/11.3.1/thumb/v7-m/nofp\libgcc.a
LOAD C:/ST_ARM_IDE/STM32CubeIDE_1.11.2/STM32CubeIDE/plugins/com.st.stm32cube.ide.mcu.externaltools.gnu-tools-for-stm32.11.3.rel1.win32_1.1.1.202309131626/tools/bin/../lib/gcc/arm-none-eabi/11.3.1/../../../../arm-none-eabi/lib/thumb/v7-m/nofp\libc_nano.a
END GROUP
START GROUP
LOAD C:/ST_ARM_IDE/STM32CubeIDE_1.11.2/STM32CubeIDE/plugins/com.st.stm32cube.ide.mcu.externaltools.gnu-tools-for-stm32.11.3.rel1.win32_1.1.1.202309131626/tools/bin/../lib/gcc/arm-none-eabi/11.3.1/thumb/v7-m/nofp\libgcc.a
LOAD C:/ST_ARM_IDE/STM32CubeIDE_1.11.2/STM32CubeIDE/plugins/com.st.stm32cube.ide.mcu.externaltools.gnu-tools-for-stm32.11.3.rel1.win32_1.1.1.202309131626/tools/bin/../lib/gcc/arm-none-eabi/11.3.1/../../../../arm-none-eabi/lib/thumb/v7-m/nofp\libc_nano.a
LOAD C:/ST_ARM_IDE/STM32CubeIDE_1.11.2/STM32CubeIDE/plugins/com.st.stm32cube.ide.mcu.externaltools.gnu-tools-for-stm32.11.3.rel1.win32_1.1.1.202309131626/tools/bin/../lib/gcc/arm-none-eabi/11.3.1/../../../../arm-none-eabi/lib/thumb/v7-m/nofp\libnosys.a
END GROUP
START GROUP
LOAD C:/ST_ARM_IDE/STM32CubeIDE_1.11.2/STM32CubeIDE/plugins/com.st.stm32cube.ide.mcu.externaltools.gnu-tools-for-stm32.11.3.rel1.win32_1.1.1.202309131626/tools/bin/../lib/gcc/arm-none-eabi/11.3.1/thumb/v7-m/nofp\libgcc.a
LOAD C:/ST_ARM_IDE/STM32CubeIDE_1.11.2/STM32CubeIDE/plugins/com.st.stm32cube.ide.mcu.externaltools.gnu-tools-for-stm32.11.3.rel1.win32_1.1.1.202309131626/tools/bin/../lib/gcc/arm-none-eabi/11.3.1/../../../../arm-none-eabi/lib/thumb/v7-m/nofp\libc_nano.a
LOAD C:/ST_ARM_IDE/STM32CubeIDE_1.11.2/STM32CubeIDE/plugins/com.st.stm32cube.ide.mcu.externaltools.gnu-tools-for-stm32.11.3.rel1.win32_1.1.1.202309131626/tools/bin/../lib/gcc/arm-none-eabi/11.3.1/../../../../arm-none-eabi/lib/thumb/v7-m/nofp\libnosys.a
END GROUP
LOAD C:/ST_ARM_IDE/STM32CubeIDE_1.11.2/STM32CubeIDE/plugins/com.st.stm32cube.ide.mcu.externaltools.gnu-tools-for-stm32.11.3.rel1.win32_1.1.1.202309131626/tools/bin/../lib/gcc/arm-none-eabi/11.3.1/thumb/v7-m/nofp/crtend.o
LOAD C:/ST_ARM_IDE/STM32CubeIDE_1.11.2/STM32CubeIDE/plugins/com.st.stm32cube.ide.mcu.externaltools.gnu-tools-for-stm32.11.3.rel1.win32_1.1.1.202309131626/tools/bin/../lib/gcc/arm-none-eabi/11.3.1/thumb/v7-m/nofp/crtn.o
                0x0000000020005000                _estack = (ORIGIN (RAM) + LENGTH (RAM))
                0x0000000000000200                _Min_Heap_Size = 0x200
                0x0000000000000400                _Min_Stack_Size = 0x400

.isr_vector     0x0000000008000000      0x130
                0x0000000008000000                . = ALIGN (0x4)
 *(.isr_vector)
 .isr_vector    0x0000000008000000      0x130 ./Startup/startup_stm32f103c8tx.o
                0x0000000008000000                g_pfnVectors
                0x0000000008000130                . = ALIGN (0x4)

.text           0x0000000008000130      0x7d8
                0x0000000008000130                . = ALIGN (0x4)
 *(.text)
 .text          0x0000000008000130       0x40 C:/ST_ARM_IDE/STM32CubeIDE_1.11.2/STM32CubeIDE/plugins/com.st.stm32cube.ide.mcu.externaltools.gnu-tools-for-stm32.11.3.rel1.win32_1.1.1.202309131626/tools/bin/../lib/gcc/arm-none-eabi/11.3.1/thumb/v7-m/nofp/crtbegin.o
 *(.text*)
 .text.LCD_voidInitialization
                0x0000000008000170       0x64 ./Inc/HAL/LCD_DRIVER/LCD_PROGRAM.o
                0x0000000008000170                LCD_voidInitialization
 .text.LCD_voidSendCommand
                0x00000000080001d4       0x78 ./Inc/HAL/LCD_DRIVER/LCD_PROGRAM.o
                0x00000000080001d4                LCD_voidSendCommand
 .text.LCD_voidSendData
                0x000000000800024c       0x78 ./Inc/HAL/LCD_DRIVER/LCD_PROGRAM.o
                0x000000000800024c                LCD_voidSendData
 .text.LCD_voidDisplayString
                0x00000000080002c4       0x38 ./Inc/HAL/LCD_DRIVER/LCD_PROGRAM.o
                0x00000000080002c4                LCD_voidDisplayString
 .text.LCD_voidSetCursor
                0x00000000080002fc       0x60 ./Inc/HAL/LCD_DRIVER/LCD_PROGRAM.o
                0x00000000080002fc                LCD_voidSetCursor
 .text.GPIO_voidSetPinDirection
                0x000000000800035c      0x1a0 ./Inc/MCAL/GPIO_DRIVER/GPIO_PROGRAM.o
                0x000000000800035c                GPIO_voidSetPinDirection
 .text.GPIO_voidSetPinValue
                0x00000000080004fc       0x94 ./Inc/MCAL/GPIO_DRIVER/GPIO_PROGRAM.o
                0x00000000080004fc                GPIO_voidSetPinValue
 .text.RCC_voidInitialization
                0x0000000008000590       0x70 ./Inc/MCAL/RCC_DRIVER/RCC_PROGRAM.o
                0x0000000008000590                RCC_voidInitialization
 .text.RCC_voidPeripheralClockEnable
                0x0000000008000600       0x84 ./Inc/MCAL/RCC_DRIVER/RCC_PROGRAM.o
                0x0000000008000600                RCC_voidPeripheralClockEnable
 .text.SYSTICK_voidInitialization
                0x0000000008000684       0x34 ./Inc/MCAL/SYSTICK_DRIVER/SYSTICK_PROGRAM.o
                0x0000000008000684                SYSTICK_voidInitialization
 .text.SYSTICK_voidSetDelay_ms
                0x00000000080006b8       0x70 ./Inc/MCAL/SYSTICK_DRIVER/SYSTICK_PROGRAM.o
                0x00000000080006b8                SYSTICK_voidSetDelay_ms
 .text.SYSTICK_voidSetDelay_ms_ISR
                0x0000000008000728       0x5c ./Inc/MCAL/SYSTICK_DRIVER/SYSTICK_PROGRAM.o
                0x0000000008000728                SYSTICK_voidSetDelay_ms_ISR
 .text.SysTick_Handler
                0x0000000008000784       0x24 ./Inc/MCAL/SYSTICK_DRIVER/SYSTICK_PROGRAM.o
                0x0000000008000784                SysTick_Handler
 .text.APP_voidSystemInitialization
                0x00000000080007a8       0x40 ./Src/APP_PROGRAM.o
                0x00000000080007a8                APP_voidSystemInitialization
 .text.APP_voidExecution
                0x00000000080007e8       0x18 ./Src/APP_PROGRAM.o
                0x00000000080007e8                APP_voidExecution
 .text.APP_voidISRFunction
                0x0000000008000800       0x44 ./Src/APP_PROGRAM.o
                0x0000000008000800                APP_voidISRFunction
 .text.main     0x0000000008000844        0xe ./Src/main.o
                0x0000000008000844                main
 *fill*         0x0000000008000852        0x2 
 .text.Reset_Handler
                0x0000000008000854       0x50 ./Startup/startup_stm32f103c8tx.o
                0x0000000008000854                Reset_Handler
 .text.Default_Handler
                0x00000000080008a4        0x2 ./Startup/startup_stm32f103c8tx.o
                0x00000000080008a4                EXTI2_IRQHandler
                0x00000000080008a4                TIM8_TRG_COM_IRQHandler
                0x00000000080008a4                TIM8_CC_IRQHandler
                0x00000000080008a4                DebugMon_Handler
                0x00000000080008a4                TIM1_CC_IRQHandler
                0x00000000080008a4                HardFault_Handler
                0x00000000080008a4                TIM6_IRQHandler
                0x00000000080008a4                PVD_IRQHandler
                0x00000000080008a4                SDIO_IRQHandler
                0x00000000080008a4                PendSV_Handler
                0x00000000080008a4                NMI_Handler
                0x00000000080008a4                EXTI3_IRQHandler
                0x00000000080008a4                USB_HP_CAN_TX_IRQHandler
                0x00000000080008a4                EXTI0_IRQHandler
                0x00000000080008a4                I2C2_EV_IRQHandler
                0x00000000080008a4                UsageFault_Handler
                0x00000000080008a4                ADC1_2_IRQHandler
                0x00000000080008a4                SPI1_IRQHandler
                0x00000000080008a4                CAN_SCE_IRQHandler
                0x00000000080008a4                TAMPER_IRQHandler
                0x00000000080008a4                TIM8_UP_IRQHandler
                0x00000000080008a4                DMA2_Channel2_IRQHandler
                0x00000000080008a4                DMA1_Channel4_IRQHandler
                0x00000000080008a4                USART3_IRQHandler
                0x00000000080008a4                RTC_IRQHandler
                0x00000000080008a4                DMA1_Channel7_IRQHandler
                0x00000000080008a4                UART5_IRQHandler
                0x00000000080008a4                ADC3_IRQHandler
                0x00000000080008a4                TIM4_IRQHandler
                0x00000000080008a4                CAN_RX1_IRQHandler
                0x00000000080008a4                DMA2_Channel1_IRQHandler
                0x00000000080008a4                I2C1_EV_IRQHandler
                0x00000000080008a4                DMA1_Channel6_IRQHandler
                0x00000000080008a4                UART4_IRQHandler
                0x00000000080008a4                TIM3_IRQHandler
                0x00000000080008a4                RCC_IRQHandler
                0x00000000080008a4                TIM1_TRG_COM_IRQHandler
                0x00000000080008a4                DMA1_Channel1_IRQHandler
                0x00000000080008a4                Default_Handler
                0x00000000080008a4                EXTI15_10_IRQHandler
                0x00000000080008a4                TIM7_IRQHandler
                0x00000000080008a4                TIM5_IRQHandler
                0x00000000080008a4                EXTI9_5_IRQHandler
                0x00000000080008a4                SPI2_IRQHandler
                0x00000000080008a4                USB_LP_CAN_RX0_IRQHandler
                0x00000000080008a4                MemManage_Handler
                0x00000000080008a4                SVC_Handler
                0x00000000080008a4                DMA1_Channel5_IRQHandler
                0x00000000080008a4                EXTI4_IRQHandler
                0x00000000080008a4                DMA1_Channel3_IRQHandler
                0x00000000080008a4                FSMC_IRQHandler
                0x00000000080008a4                TIM1_UP_IRQHandler
                0x00000000080008a4                WWDG_IRQHandler
                0x00000000080008a4                TIM2_IRQHandler
                0x00000000080008a4                TIM1_BRK_IRQHandler
                0x00000000080008a4                EXTI1_IRQHandler
                0x00000000080008a4                RTCAlarm_IRQHandler
                0x00000000080008a4                DMA2_Channel4_5_IRQHandler
                0x00000000080008a4                USART2_IRQHandler
                0x00000000080008a4                I2C2_ER_IRQHandler
                0x00000000080008a4                DMA1_Channel2_IRQHandler
                0x00000000080008a4                TIM8_BRK_IRQHandler
                0x00000000080008a4                FLASH_IRQHandler
                0x00000000080008a4                BusFault_Handler
                0x00000000080008a4                USART1_IRQHandler
                0x00000000080008a4                SPI3_IRQHandler
                0x00000000080008a4                I2C1_ER_IRQHandler
                0x00000000080008a4                DMA2_Channel3_IRQHandler
 *fill*         0x00000000080008a6        0x2 
 .text.__libc_init_array
                0x00000000080008a8       0x48 C:/ST_ARM_IDE/STM32CubeIDE_1.11.2/STM32CubeIDE/plugins/com.st.stm32cube.ide.mcu.externaltools.gnu-tools-for-stm32.11.3.rel1.win32_1.1.1.202309131626/tools/bin/../lib/gcc/arm-none-eabi/11.3.1/../../../../arm-none-eabi/lib/thumb/v7-m/nofp\libc_nano.a(libc_a-init.o)
                0x00000000080008a8                __libc_init_array
 *(.glue_7)
 .glue_7        0x00000000080008f0        0x0 linker stubs
 *(.glue_7t)
 .glue_7t       0x00000000080008f0        0x0 linker stubs
 *(.eh_frame)
 .eh_frame      0x00000000080008f0        0x0 C:/ST_ARM_IDE/STM32CubeIDE_1.11.2/STM32CubeIDE/plugins/com.st.stm32cube.ide.mcu.externaltools.gnu-tools-for-stm32.11.3.rel1.win32_1.1.1.202309131626/tools/bin/../lib/gcc/arm-none-eabi/11.3.1/thumb/v7-m/nofp/crtbegin.o
 *(.init)
 .init          0x00000000080008f0        0x4 C:/ST_ARM_IDE/STM32CubeIDE_1.11.2/STM32CubeIDE/plugins/com.st.stm32cube.ide.mcu.externaltools.gnu-tools-for-stm32.11.3.rel1.win32_1.1.1.202309131626/tools/bin/../lib/gcc/arm-none-eabi/11.3.1/thumb/v7-m/nofp/crti.o
                0x00000000080008f0                _init
 .init          0x00000000080008f4        0x8 C:/ST_ARM_IDE/STM32CubeIDE_1.11.2/STM32CubeIDE/plugins/com.st.stm32cube.ide.mcu.externaltools.gnu-tools-for-stm32.11.3.rel1.win32_1.1.1.202309131626/tools/bin/../lib/gcc/arm-none-eabi/11.3.1/thumb/v7-m/nofp/crtn.o
 *(.fini)
 .fini          0x00000000080008fc        0x4 C:/ST_ARM_IDE/STM32CubeIDE_1.11.2/STM32CubeIDE/plugins/com.st.stm32cube.ide.mcu.externaltools.gnu-tools-for-stm32.11.3.rel1.win32_1.1.1.202309131626/tools/bin/../lib/gcc/arm-none-eabi/11.3.1/thumb/v7-m/nofp/crti.o
                0x00000000080008fc                _fini
 .fini          0x0000000008000900        0x8 C:/ST_ARM_IDE/STM32CubeIDE_1.11.2/STM32CubeIDE/plugins/com.st.stm32cube.ide.mcu.externaltools.gnu-tools-for-stm32.11.3.rel1.win32_1.1.1.202309131626/tools/bin/../lib/gcc/arm-none-eabi/11.3.1/thumb/v7-m/nofp/crtn.o
                0x0000000008000908                . = ALIGN (0x4)
                0x0000000008000908                _etext = .

.vfp11_veneer   0x0000000008000908        0x0
 .vfp11_veneer  0x0000000008000908        0x0 linker stubs

.v4_bx          0x0000000008000908        0x0
 .v4_bx         0x0000000008000908        0x0 linker stubs

.iplt           0x0000000008000908        0x0
 .iplt          0x0000000008000908        0x0 C:/ST_ARM_IDE/STM32CubeIDE_1.11.2/STM32CubeIDE/plugins/com.st.stm32cube.ide.mcu.externaltools.gnu-tools-for-stm32.11.3.rel1.win32_1.1.1.202309131626/tools/bin/../lib/gcc/arm-none-eabi/11.3.1/thumb/v7-m/nofp/crtbegin.o

.rodata         0x0000000008000908       0x18
                0x0000000008000908                . = ALIGN (0x4)
 *(.rodata)
 .rodata        0x0000000008000908       0x15 ./Src/APP_PROGRAM.o
 *(.rodata*)
                0x0000000008000920                . = ALIGN (0x4)
 *fill*         0x000000000800091d        0x3 

.rel.dyn        0x0000000008000920        0x0
 .rel.iplt      0x0000000008000920        0x0 C:/ST_ARM_IDE/STM32CubeIDE_1.11.2/STM32CubeIDE/plugins/com.st.stm32cube.ide.mcu.externaltools.gnu-tools-for-stm32.11.3.rel1.win32_1.1.1.202309131626/tools/bin/../lib/gcc/arm-none-eabi/11.3.1/thumb/v7-m/nofp/crtbegin.o

.ARM.extab      0x0000000008000920        0x0
                0x0000000008000920                . = ALIGN (0x4)
 *(.ARM.extab* .gnu.linkonce.armextab.*)
                0x0000000008000920                . = ALIGN (0x4)

.ARM            0x0000000008000920        0x0
                0x0000000008000920                . = ALIGN (0x4)
                0x0000000008000920                __exidx_start = .
 *(.ARM.exidx*)
                0x0000000008000920                __exidx_end = .
                0x0000000008000920                . = ALIGN (0x4)

.preinit_array  0x0000000008000920        0x0
                0x0000000008000920                . = ALIGN (0x4)
                0x0000000008000920                PROVIDE (__preinit_array_start = .)
 *(.preinit_array*)
                0x0000000008000920                PROVIDE (__preinit_array_end = .)
                0x0000000008000920                . = ALIGN (0x4)

.init_array     0x0000000008000920        0x4
                0x0000000008000920                . = ALIGN (0x4)
                0x0000000008000920                PROVIDE (__init_array_start = .)
 *(SORT_BY_NAME(.init_array.*))
 *(.init_array*)
 .init_array    0x0000000008000920        0x4 C:/ST_ARM_IDE/STM32CubeIDE_1.11.2/STM32CubeIDE/plugins/com.st.stm32cube.ide.mcu.externaltools.gnu-tools-for-stm32.11.3.rel1.win32_1.1.1.202309131626/tools/bin/../lib/gcc/arm-none-eabi/11.3.1/thumb/v7-m/nofp/crtbegin.o
                0x0000000008000924                PROVIDE (__init_array_end = .)
                0x0000000008000924                . = ALIGN (0x4)

.fini_array     0x0000000008000924        0x4
                0x0000000008000924                . = ALIGN (0x4)
                [!provide]                        PROVIDE (__fini_array_start = .)
 *(SORT_BY_NAME(.fini_array.*))
 *(.fini_array*)
 .fini_array    0x0000000008000924        0x4 C:/ST_ARM_IDE/STM32CubeIDE_1.11.2/STM32CubeIDE/plugins/com.st.stm32cube.ide.mcu.externaltools.gnu-tools-for-stm32.11.3.rel1.win32_1.1.1.202309131626/tools/bin/../lib/gcc/arm-none-eabi/11.3.1/thumb/v7-m/nofp/crtbegin.o
                [!provide]                        PROVIDE (__fini_array_end = .)
                0x0000000008000928                . = ALIGN (0x4)
                0x0000000008000928                _sidata = LOADADDR (.data)

.data           0x0000000020000000        0x0 load address 0x0000000008000928
                0x0000000020000000                . = ALIGN (0x4)
                0x0000000020000000                _sdata = .
 *(.data)
 *(.data*)
 *(.RamFunc)
 *(.RamFunc*)
                0x0000000020000000                . = ALIGN (0x4)
                0x0000000020000000                _edata = .

.igot.plt       0x0000000020000000        0x0 load address 0x0000000008000928
 .igot.plt      0x0000000020000000        0x0 C:/ST_ARM_IDE/STM32CubeIDE_1.11.2/STM32CubeIDE/plugins/com.st.stm32cube.ide.mcu.externaltools.gnu-tools-for-stm32.11.3.rel1.win32_1.1.1.202309131626/tools/bin/../lib/gcc/arm-none-eabi/11.3.1/thumb/v7-m/nofp/crtbegin.o
                0x0000000020000000                . = ALIGN (0x4)

.bss            0x0000000020000000       0x28 load address 0x0000000008000928
                0x0000000020000000                _sbss = .
                0x0000000020000000                __bss_start__ = _sbss
 *(.bss)
 .bss           0x0000000020000000       0x1c C:/ST_ARM_IDE/STM32CubeIDE_1.11.2/STM32CubeIDE/plugins/com.st.stm32cube.ide.mcu.externaltools.gnu-tools-for-stm32.11.3.rel1.win32_1.1.1.202309131626/tools/bin/../lib/gcc/arm-none-eabi/11.3.1/thumb/v7-m/nofp/crtbegin.o
 *(.bss*)
 .bss.CallBackPtr_SYSTICK
                0x000000002000001c        0x4 ./Inc/MCAL/SYSTICK_DRIVER/SYSTICK_PROGRAM.o
 .bss.STK_delayComplete
                0x0000000020000020        0x4 ./Inc/MCAL/SYSTICK_DRIVER/SYSTICK_PROGRAM.o
                0x0000000020000020                STK_delayComplete
 .bss.counter.0
                0x0000000020000024        0x1 ./Src/APP_PROGRAM.o
 *(COMMON)
                0x0000000020000028                . = ALIGN (0x4)
 *fill*         0x0000000020000025        0x3 
                0x0000000020000028                _ebss = .
                0x0000000020000028                __bss_end__ = _ebss

._user_heap_stack
                0x0000000020000028      0x600 load address 0x0000000008000928
                0x0000000020000028                . = ALIGN (0x8)
                [!provide]                        PROVIDE (end = .)
                0x0000000020000028                PROVIDE (_end = .)
                0x0000000020000228                . = (. + _Min_Heap_Size)
 *fill*         0x0000000020000028      0x200 
                0x0000000020000628                . = (. + _Min_Stack_Size)
 *fill*         0x0000000020000228      0x400 
                0x0000000020000628                . = ALIGN (0x8)

/DISCARD/
 libc.a(*)
 libm.a(*)
 libgcc.a(*)

.ARM.attributes
                0x0000000000000000       0x29
 *(.ARM.attributes)
 .ARM.attributes
                0x0000000000000000       0x1d C:/ST_ARM_IDE/STM32CubeIDE_1.11.2/STM32CubeIDE/plugins/com.st.stm32cube.ide.mcu.externaltools.gnu-tools-for-stm32.11.3.rel1.win32_1.1.1.202309131626/tools/bin/../lib/gcc/arm-none-eabi/11.3.1/thumb/v7-m/nofp/crti.o
 .ARM.attributes
                0x000000000000001d       0x2d C:/ST_ARM_IDE/STM32CubeIDE_1.11.2/STM32CubeIDE/plugins/com.st.stm32cube.ide.mcu.externaltools.gnu-tools-for-stm32.11.3.rel1.win32_1.1.1.202309131626/tools/bin/../lib/gcc/arm-none-eabi/11.3.1/thumb/v7-m/nofp/crtbegin.o
 .ARM.attributes
                0x000000000000004a       0x2d ./Inc/HAL/LCD_DRIVER/LCD_PROGRAM.o
 .ARM.attributes
                0x0000000000000077       0x2d ./Inc/MCAL/GPIO_DRIVER/GPIO_PROGRAM.o
 .ARM.attributes
                0x00000000000000a4       0x2d ./Inc/MCAL/RCC_DRIVER/RCC_PROGRAM.o
 .ARM.attributes
                0x00000000000000d1       0x2d ./Inc/MCAL/SYSTICK_DRIVER/SYSTICK_PROGRAM.o
 .ARM.attributes
                0x00000000000000fe       0x2d ./Src/APP_PROGRAM.o
 .ARM.attributes
                0x000000000000012b       0x2d ./Src/main.o
 .ARM.attributes
                0x0000000000000158       0x21 ./Startup/startup_stm32f103c8tx.o
 .ARM.attributes
                0x0000000000000179       0x2d C:/ST_ARM_IDE/STM32CubeIDE_1.11.2/STM32CubeIDE/plugins/com.st.stm32cube.ide.mcu.externaltools.gnu-tools-for-stm32.11.3.rel1.win32_1.1.1.202309131626/tools/bin/../lib/gcc/arm-none-eabi/11.3.1/../../../../arm-none-eabi/lib/thumb/v7-m/nofp\libc_nano.a(libc_a-init.o)
 .ARM.attributes
                0x00000000000001a6       0x1d C:/ST_ARM_IDE/STM32CubeIDE_1.11.2/STM32CubeIDE/plugins/com.st.stm32cube.ide.mcu.externaltools.gnu-tools-for-stm32.11.3.rel1.win32_1.1.1.202309131626/tools/bin/../lib/gcc/arm-none-eabi/11.3.1/thumb/v7-m/nofp/crtn.o
OUTPUT(LCD_ARM_TESTING.elf elf32-littlearm)
LOAD linker stubs
LOAD C:/ST_ARM_IDE/STM32CubeIDE_1.11.2/STM32CubeIDE/plugins/com.st.stm32cube.ide.mcu.externaltools.gnu-tools-for-stm32.11.3.rel1.win32_1.1.1.202309131626/tools/bin/../lib/gcc/arm-none-eabi/11.3.1/../../../../arm-none-eabi/lib/thumb/v7-m/nofp\libc.a
LOAD C:/ST_ARM_IDE/STM32CubeIDE_1.11.2/STM32CubeIDE/plugins/com.st.stm32cube.ide.mcu.externaltools.gnu-tools-for-stm32.11.3.rel1.win32_1.1.1.202309131626/tools/bin/../lib/gcc/arm-none-eabi/11.3.1/../../../../arm-none-eabi/lib/thumb/v7-m/nofp\libm.a
LOAD C:/ST_ARM_IDE/STM32CubeIDE_1.11.2/STM32CubeIDE/plugins/com.st.stm32cube.ide.mcu.externaltools.gnu-tools-for-stm32.11.3.rel1.win32_1.1.1.202309131626/tools/bin/../lib/gcc/arm-none-eabi/11.3.1/thumb/v7-m/nofp\libgcc.a

.comment        0x0000000000000000       0x43
 .comment       0x0000000000000000       0x43 C:/ST_ARM_IDE/STM32CubeIDE_1.11.2/STM32CubeIDE/plugins/com.st.stm32cube.ide.mcu.externaltools.gnu-tools-for-stm32.11.3.rel1.win32_1.1.1.202309131626/tools/bin/../lib/gcc/arm-none-eabi/11.3.1/thumb/v7-m/nofp/crtbegin.o
                                         0x44 (size before relaxing)
 .comment       0x0000000000000043       0x44 ./Inc/HAL/LCD_DRIVER/LCD_PROGRAM.o
 .comment       0x0000000000000043       0x44 ./Inc/MCAL/GPIO_DRIVER/GPIO_PROGRAM.o
 .comment       0x0000000000000043       0x44 ./Inc/MCAL/RCC_DRIVER/RCC_PROGRAM.o
 .comment       0x0000000000000043       0x44 ./Inc/MCAL/SYSTICK_DRIVER/SYSTICK_PROGRAM.o
 .comment       0x0000000000000043       0x44 ./Src/APP_PROGRAM.o
 .comment       0x0000000000000043       0x44 ./Src/main.o

.debug_info     0x0000000000000000      0xa7f
 .debug_info    0x0000000000000000      0x28b ./Inc/HAL/LCD_DRIVER/LCD_PROGRAM.o
 .debug_info    0x000000000000028b      0x1c0 ./Inc/MCAL/GPIO_DRIVER/GPIO_PROGRAM.o
 .debug_info    0x000000000000044b      0x225 ./Inc/MCAL/RCC_DRIVER/RCC_PROGRAM.o
 .debug_info    0x0000000000000670      0x199 ./Inc/MCAL/SYSTICK_DRIVER/SYSTICK_PROGRAM.o
 .debug_info    0x0000000000000809      0x1a4 ./Src/APP_PROGRAM.o
 .debug_info    0x00000000000009ad       0xaf ./Src/main.o
 .debug_info    0x0000000000000a5c       0x23 ./Startup/startup_stm32f103c8tx.o

.debug_abbrev   0x0000000000000000      0x4d5
 .debug_abbrev  0x0000000000000000      0x120 ./Inc/HAL/LCD_DRIVER/LCD_PROGRAM.o
 .debug_abbrev  0x0000000000000120       0xdd ./Inc/MCAL/GPIO_DRIVER/GPIO_PROGRAM.o
 .debug_abbrev  0x00000000000001fd       0xc6 ./Inc/MCAL/RCC_DRIVER/RCC_PROGRAM.o
 .debug_abbrev  0x00000000000002c3       0xd8 ./Inc/MCAL/SYSTICK_DRIVER/SYSTICK_PROGRAM.o
 .debug_abbrev  0x000000000000039b       0xcc ./Src/APP_PROGRAM.o
 .debug_abbrev  0x0000000000000467       0x5c ./Src/main.o
 .debug_abbrev  0x00000000000004c3       0x12 ./Startup/startup_stm32f103c8tx.o

.debug_aranges  0x0000000000000000      0x168
 .debug_aranges
                0x0000000000000000       0x50 ./Inc/HAL/LCD_DRIVER/LCD_PROGRAM.o
 .debug_aranges
                0x0000000000000050       0x30 ./Inc/MCAL/GPIO_DRIVER/GPIO_PROGRAM.o
 .debug_aranges
                0x0000000000000080       0x30 ./Inc/MCAL/RCC_DRIVER/RCC_PROGRAM.o
 .debug_aranges
                0x00000000000000b0       0x40 ./Inc/MCAL/SYSTICK_DRIVER/SYSTICK_PROGRAM.o
 .debug_aranges
                0x00000000000000f0       0x30 ./Src/APP_PROGRAM.o
 .debug_aranges
                0x0000000000000120       0x20 ./Src/main.o
 .debug_aranges
                0x0000000000000140       0x28 ./Startup/startup_stm32f103c8tx.o

.debug_rnglists
                0x0000000000000000       0xee
 .debug_rnglists
                0x0000000000000000       0x37 ./Inc/HAL/LCD_DRIVER/LCD_PROGRAM.o
 .debug_rnglists
                0x0000000000000037       0x21 ./Inc/MCAL/GPIO_DRIVER/GPIO_PROGRAM.o
 .debug_rnglists
                0x0000000000000058       0x20 ./Inc/MCAL/RCC_DRIVER/RCC_PROGRAM.o
 .debug_rnglists
                0x0000000000000078       0x2b ./Inc/MCAL/SYSTICK_DRIVER/SYSTICK_PROGRAM.o
 .debug_rnglists
                0x00000000000000a3       0x1f ./Src/APP_PROGRAM.o
 .debug_rnglists
                0x00000000000000c2       0x13 ./Src/main.o
 .debug_rnglists
                0x00000000000000d5       0x19 ./Startup/startup_stm32f103c8tx.o

.debug_macro    0x0000000000000000     0x207a
 .debug_macro   0x0000000000000000      0x19a ./Inc/HAL/LCD_DRIVER/LCD_PROGRAM.o
 .debug_macro   0x000000000000019a      0xaa2 ./Inc/HAL/LCD_DRIVER/LCD_PROGRAM.o
 .debug_macro   0x0000000000000c3c       0x3a ./Inc/HAL/LCD_DRIVER/LCD_PROGRAM.o
 .debug_macro   0x0000000000000c76       0x4c ./Inc/HAL/LCD_DRIVER/LCD_PROGRAM.o
 .debug_macro   0x0000000000000cc2       0x2e ./Inc/HAL/LCD_DRIVER/LCD_PROGRAM.o
 .debug_macro   0x0000000000000cf0       0xf4 ./Inc/HAL/LCD_DRIVER/LCD_PROGRAM.o
 .debug_macro   0x0000000000000de4       0x34 ./Inc/HAL/LCD_DRIVER/LCD_PROGRAM.o
 .debug_macro   0x0000000000000e18       0x34 ./Inc/HAL/LCD_DRIVER/LCD_PROGRAM.o
 .debug_macro   0x0000000000000e4c       0xbe ./Inc/HAL/LCD_DRIVER/LCD_PROGRAM.o
 .debug_macro   0x0000000000000f0a       0x24 ./Inc/HAL/LCD_DRIVER/LCD_PROGRAM.o
 .debug_macro   0x0000000000000f2e       0x22 ./Inc/HAL/LCD_DRIVER/LCD_PROGRAM.o
 .debug_macro   0x0000000000000f50       0x5b ./Inc/HAL/LCD_DRIVER/LCD_PROGRAM.o
 .debug_macro   0x0000000000000fab       0x94 ./Inc/HAL/LCD_DRIVER/LCD_PROGRAM.o
 .debug_macro   0x000000000000103f       0x43 ./Inc/HAL/LCD_DRIVER/LCD_PROGRAM.o
 .debug_macro   0x0000000000001082       0x34 ./Inc/HAL/LCD_DRIVER/LCD_PROGRAM.o
 .debug_macro   0x00000000000010b6       0x16 ./Inc/HAL/LCD_DRIVER/LCD_PROGRAM.o
 .debug_macro   0x00000000000010cc      0x10e ./Inc/HAL/LCD_DRIVER/LCD_PROGRAM.o
 .debug_macro   0x00000000000011da       0x8d ./Inc/HAL/LCD_DRIVER/LCD_PROGRAM.o
 .debug_macro   0x0000000000001267       0x16 ./Inc/HAL/LCD_DRIVER/LCD_PROGRAM.o
 .debug_macro   0x000000000000127d       0x43 ./Inc/HAL/LCD_DRIVER/LCD_PROGRAM.o
 .debug_macro   0x00000000000012c0       0x57 ./Inc/HAL/LCD_DRIVER/LCD_PROGRAM.o
 .debug_macro   0x0000000000001317       0x34 ./Inc/HAL/LCD_DRIVER/LCD_PROGRAM.o
 .debug_macro   0x000000000000134b       0x10 ./Inc/HAL/LCD_DRIVER/LCD_PROGRAM.o
 .debug_macro   0x000000000000135b       0x58 ./Inc/HAL/LCD_DRIVER/LCD_PROGRAM.o
 .debug_macro   0x00000000000013b3       0x8e ./Inc/HAL/LCD_DRIVER/LCD_PROGRAM.o
 .debug_macro   0x0000000000001441       0x1c ./Inc/HAL/LCD_DRIVER/LCD_PROGRAM.o
 .debug_macro   0x000000000000145d      0x177 ./Inc/HAL/LCD_DRIVER/LCD_PROGRAM.o
 .debug_macro   0x00000000000015d4      0x369 ./Inc/HAL/LCD_DRIVER/LCD_PROGRAM.o
 .debug_macro   0x000000000000193d       0x16 ./Inc/HAL/LCD_DRIVER/LCD_PROGRAM.o
 .debug_macro   0x0000000000001953       0x29 ./Inc/HAL/LCD_DRIVER/LCD_PROGRAM.o
 .debug_macro   0x000000000000197c       0x4b ./Inc/MCAL/GPIO_DRIVER/GPIO_PROGRAM.o
 .debug_macro   0x00000000000019c7       0x4b ./Inc/MCAL/RCC_DRIVER/RCC_PROGRAM.o
 .debug_macro   0x0000000000001a12       0x6d ./Inc/MCAL/RCC_DRIVER/RCC_PROGRAM.o
 .debug_macro   0x0000000000001a7f      0x1f0 ./Inc/MCAL/RCC_DRIVER/RCC_PROGRAM.o
 .debug_macro   0x0000000000001c6f       0x4b ./Inc/MCAL/SYSTICK_DRIVER/SYSTICK_PROGRAM.o
 .debug_macro   0x0000000000001cba      0x1e0 ./Src/APP_PROGRAM.o
 .debug_macro   0x0000000000001e9a      0x1e0 ./Src/main.o

.debug_line     0x0000000000000000     0x22a4
 .debug_line    0x0000000000000000      0x996 ./Inc/HAL/LCD_DRIVER/LCD_PROGRAM.o
 .debug_line    0x0000000000000996      0x26e ./Inc/MCAL/GPIO_DRIVER/GPIO_PROGRAM.o
 .debug_line    0x0000000000000c04      0x13b ./Inc/MCAL/RCC_DRIVER/RCC_PROGRAM.o
 .debug_line    0x0000000000000d3f      0x1a0 ./Inc/MCAL/SYSTICK_DRIVER/SYSTICK_PROGRAM.o
 .debug_line    0x0000000000000edf      0x9ce ./Src/APP_PROGRAM.o
 .debug_line    0x00000000000018ad      0x97c ./Src/main.o
 .debug_line    0x0000000000002229       0x7b ./Startup/startup_stm32f103c8tx.o

.debug_str      0x0000000000000000     0x7ec6
 .debug_str     0x0000000000000000     0x7211 ./Inc/HAL/LCD_DRIVER/LCD_PROGRAM.o
                                       0x733b (size before relaxing)
 .debug_str     0x0000000000007211       0xcb ./Inc/MCAL/GPIO_DRIVER/GPIO_PROGRAM.o
                                       0x35e9 (size before relaxing)
 .debug_str     0x00000000000072dc      0xa25 ./Inc/MCAL/RCC_DRIVER/RCC_PROGRAM.o
                                       0x3a32 (size before relaxing)
 .debug_str     0x0000000000007d01      0x111 ./Inc/MCAL/SYSTICK_DRIVER/SYSTICK_PROGRAM.o
                                       0x332b (size before relaxing)
 .debug_str     0x0000000000007e12       0x72 ./Src/APP_PROGRAM.o
                                       0x7c1b (size before relaxing)
 .debug_str     0x0000000000007e84       0x13 ./Src/main.o
                                       0x7b24 (size before relaxing)
 .debug_str     0x0000000000007e97       0x2f ./Startup/startup_stm32f103c8tx.o
                                         0x85 (size before relaxing)

.debug_frame    0x0000000000000000      0x38c
 .debug_frame   0x0000000000000000      0x104 ./Inc/HAL/LCD_DRIVER/LCD_PROGRAM.o
 .debug_frame   0x0000000000000104       0x88 ./Inc/MCAL/GPIO_DRIVER/GPIO_PROGRAM.o
 .debug_frame   0x000000000000018c       0x80 ./Inc/MCAL/RCC_DRIVER/RCC_PROGRAM.o
 .debug_frame   0x000000000000020c       0xc4 ./Inc/MCAL/SYSTICK_DRIVER/SYSTICK_PROGRAM.o
 .debug_frame   0x00000000000002d0       0x64 ./Src/APP_PROGRAM.o
 .debug_frame   0x0000000000000334       0x2c ./Src/main.o
 .debug_frame   0x0000000000000360       0x2c C:/ST_ARM_IDE/STM32CubeIDE_1.11.2/STM32CubeIDE/plugins/com.st.stm32cube.ide.mcu.externaltools.gnu-tools-for-stm32.11.3.rel1.win32_1.1.1.202309131626/tools/bin/../lib/gcc/arm-none-eabi/11.3.1/../../../../arm-none-eabi/lib/thumb/v7-m/nofp\libc_nano.a(libc_a-init.o)

.debug_line_str
                0x0000000000000000       0x79
 .debug_line_str
                0x0000000000000000       0x79 ./Startup/startup_stm32f103c8tx.o
                                         0x91 (size before relaxing)
