23:44:42 **** Build of configuration Debug for project LCD_ARM_TESTING ****
make -j12 all 
arm-none-eabi-gcc -mcpu=cortex-m3 -g3 -DDEBUG -c -x assembler-with-cpp -MMD -MP -MF"Startup/startup_stm32f103c8tx.d" -MT"Startup/startup_stm32f103c8tx.o" --specs=nano.specs -mfloat-abi=soft -mthumb -o "Startup/startup_stm32f103c8tx.o" "../Startup/startup_stm32f103c8tx.s"
arm-none-eabi-gcc "../Src/APP_PROGRAM.c" -mcpu=cortex-m3 -std=gnu11 -g3 -DDEBUG -DSTM32 -DSTM32F1 -DSTM32F103C8Tx -c -I../Inc -O0 -ffunction-sections -fdata-sections -Wall -fstack-usage -fcyclomatic-complexity -MMD -MP -MF"Src/APP_PROGRAM.d" -MT"Src/APP_PROGRAM.o" --specs=nano.specs -mfloat-abi=soft -mthumb -o "Src/APP_PROGRAM.o"
arm-none-eabi-gcc "../Src/main.c" -mcpu=cortex-m3 -std=gnu11 -g3 -DDEBUG -DSTM32 -DSTM32F1 -DSTM32F103C8Tx -c -I../Inc -O0 -ffunction-sections -fdata-sections -Wall -fstack-usage -fcyclomatic-complexity -MMD -MP -MF"Src/main.d" -MT"Src/main.o" --specs=nano.specs -mfloat-abi=soft -mthumb -o "Src/main.o"
arm-none-eabi-gcc "../Src/syscalls.c" -mcpu=cortex-m3 -std=gnu11 -g3 -DDEBUG -DSTM32 -DSTM32F1 -DSTM32F103C8Tx -c -I../Inc -O0 -ffunction-sections -fdata-sections -Wall -fstack-usage -fcyclomatic-complexity -MMD -MP -MF"Src/syscalls.d" -MT"Src/syscalls.o" --specs=nano.specs -mfloat-abi=soft -mthumb -o "Src/syscalls.o"
arm-none-eabi-gcc "../Src/sysmem.c" -mcpu=cortex-m3 -std=gnu11 -g3 -DDEBUG -DSTM32 -DSTM32F1 -DSTM32F103C8Tx -c -I../Inc -O0 -ffunction-sections -fdata-sections -Wall -fstack-usage -fcyclomatic-complexity -MMD -MP -MF"Src/sysmem.d" -MT"Src/sysmem.o" --specs=nano.specs -mfloat-abi=soft -mthumb -o "Src/sysmem.o"
arm-none-eabi-gcc "../Inc/MCAL/SYSTICK_DRIVER/SYSTICK_PROGRAM.c" -mcpu=cortex-m3 -std=gnu11 -g3 -DDEBUG -DSTM32 -DSTM32F1 -DSTM32F103C8Tx -c -I../Inc -O0 -ffunction-sections -fdata-sections -Wall -fstack-usage -fcyclomatic-complexity -MMD -MP -MF"Inc/MCAL/SYSTICK_DRIVER/SYSTICK_PROGRAM.d" -MT"Inc/MCAL/SYSTICK_DRIVER/SYSTICK_PROGRAM.o" --specs=nano.specs -mfloat-abi=soft -mthumb -o "Inc/MCAL/SYSTICK_DRIVER/SYSTICK_PROGRAM.o"
arm-none-eabi-gcc "../Inc/MCAL/RCC_DRIVER/RCC_PROGRAM.c" -mcpu=cortex-m3 -std=gnu11 -g3 -DDEBUG -DSTM32 -DSTM32F1 -DSTM32F103C8Tx -c -I../Inc -O0 -ffunction-sections -fdata-sections -Wall -fstack-usage -fcyclomatic-complexity -MMD -MP -MF"Inc/MCAL/RCC_DRIVER/RCC_PROGRAM.d" -MT"Inc/MCAL/RCC_DRIVER/RCC_PROGRAM.o" --specs=nano.specs -mfloat-abi=soft -mthumb -o "Inc/MCAL/RCC_DRIVER/RCC_PROGRAM.o"
arm-none-eabi-gcc "../Inc/MCAL/GPIO_DRIVER/GPIO_PROGRAM.c" -mcpu=cortex-m3 -std=gnu11 -g3 -DDEBUG -DSTM32 -DSTM32F1 -DSTM32F103C8Tx -c -I../Inc -O0 -ffunction-sections -fdata-sections -Wall -fstack-usage -fcyclomatic-complexity -MMD -MP -MF"Inc/MCAL/GPIO_DRIVER/GPIO_PROGRAM.d" -MT"Inc/MCAL/GPIO_DRIVER/GPIO_PROGRAM.o" --specs=nano.specs -mfloat-abi=soft -mthumb -o "Inc/MCAL/GPIO_DRIVER/GPIO_PROGRAM.o"
arm-none-eabi-gcc "../Inc/HAL/LCD_DRIVER/LCD_PROGRAM.c" -mcpu=cortex-m3 -std=gnu11 -g3 -DDEBUG -DSTM32 -DSTM32F1 -DSTM32F103C8Tx -c -I../Inc -O0 -ffunction-sections -fdata-sections -Wall -fstack-usage -fcyclomatic-complexity -MMD -MP -MF"Inc/HAL/LCD_DRIVER/LCD_PROGRAM.d" -MT"Inc/HAL/LCD_DRIVER/LCD_PROGRAM.o" --specs=nano.specs -mfloat-abi=soft -mthumb -o "Inc/HAL/LCD_DRIVER/LCD_PROGRAM.o"
In file included from ../Inc/MCAL/SYSTICK_DRIVER/SYSTICK_PRIVATE.h:20,
                 from ../Inc/MCAL/SYSTICK_DRIVER/SYSTICK_CONFIG.h:20,
                 from ../Inc/MCAL/SYSTICK_DRIVER/SYSTICK_INTERFACE.h:20,
                 from ../Inc/MCAL/SYSTICK_DRIVER/SYSTICK_PROGRAM.c:17:
../Inc/MCAL/SYSTICK_DRIVER/SYSTICK_PROGRAM.c: In function 'SysTick_Handler':
../Inc/MCAL/SYSTICK_DRIVER/../../LIB/BIT_MATH.h:34:49: warning: value computed is not used [-Wunused-value]
   34 | #define GET_BIT(VAR,BIT)          ((VAR >> BIT) & 1)
      |                                   ~~~~~~~~~~~~~~^~~~
../Inc/MCAL/SYSTICK_DRIVER/SYSTICK_PROGRAM.c:117:9: note: in expansion of macro 'GET_BIT'
  117 |         GET_BIT(STK_CTRL_REG, STK_CTRL_COUNTFLAG);
      |         ^~~~~~~
../Inc/HAL/LCD_DRIVER/LCD_PROGRAM.c: In function 'LCD_voidIntgerToString':
../Inc/HAL/LCD_DRIVER/LCD_PROGRAM.c:202:28: warning: passing argument 2 of 'itoa' discards 'const' qualifier from pointer target type [-Wdiscarded-qualifiers]
  202 |         itoa(copy_u32Data, buffer, 10);
      |                            ^~~~~~
In file included from ../Inc/HAL/LCD_DRIVER/LCD_INTERFACE.h:21,
                 from ../Inc/HAL/LCD_DRIVER/LCD_PROGRAM.c:17:
C:\ST_ARM_IDE\STM32CubeIDE_1.11.2\STM32CubeIDE\plugins\com.st.stm32cube.ide.mcu.externaltools.gnu-tools-for-stm32.11.3.rel1.win32_1.1.1.202309131626\tools\bin/../lib/gcc/arm-none-eabi/11.3.1/../../../../arm-none-eabi/include/stdlib.h:227:20: note: expected 'char *' but argument is of type 'const cu8 *' {aka 'const char *'}
  227 | char *  itoa (int, char *, int);
      |                    ^~~~~~
arm-none-eabi-gcc -o "LCD_ARM_TESTING.elf" @"objects.list"   -mcpu=cortex-m3 -T"C:\Users\Administrator\Desktop\ITIDA\NTI PROGRAM\NTI_ARM_PORTAL\LCD_ARM_TESTING\STM32F103C8TX_FLASH.ld" --specs=nosys.specs -Wl,-Map="LCD_ARM_TESTING.map" -Wl,--gc-sections -static --specs=nano.specs -mfloat-abi=soft -mthumb -Wl,--start-group -lc -lm -Wl,--end-group
Finished building target: LCD_ARM_TESTING.elf
 
arm-none-eabi-size   LCD_ARM_TESTING.elf 
arm-none-eabi-objdump -h -S  LCD_ARM_TESTING.elf  > "LCD_ARM_TESTING.list"
arm-none-eabi-objcopy  -O ihex  LCD_ARM_TESTING.elf  "LCD_ARM_TESTING.hex"
   text	   data	    bss	    dec	    hex	filename
   2336	      8	   1576	   3920	    f50	LCD_ARM_TESTING.elf
Finished building: default.size.stdout
 
Finished building: LCD_ARM_TESTING.hex
Finished building: LCD_ARM_TESTING.list
 
 
00:04:08 **** Incremental Build of configuration Debug for project LCD_ARM_TESTING ****
make -j12 all 
arm-none-eabi-gcc "../Src/APP_PROGRAM.c" -mcpu=cortex-m3 -std=gnu11 -g3 -DDEBUG -DSTM32 -DSTM32F1 -DSTM32F103C8Tx -c -I../Inc -O0 -ffunction-sections -fdata-sections -Wall -fstack-usage -fcyclomatic-complexity -MMD -MP -MF"Src/APP_PROGRAM.d" -MT"Src/APP_PROGRAM.o" --specs=nano.specs -mfloat-abi=soft -mthumb -o "Src/APP_PROGRAM.o"
arm-none-eabi-gcc "../Src/main.c" -mcpu=cortex-m3 -std=gnu11 -g3 -DDEBUG -DSTM32 -DSTM32F1 -DSTM32F103C8Tx -c -I../Inc -O0 -ffunction-sections -fdata-sections -Wall -fstack-usage -fcyclomatic-complexity -MMD -MP -MF"Src/main.d" -MT"Src/main.o" --specs=nano.specs -mfloat-abi=soft -mthumb -o "Src/main.o"
arm-none-eabi-gcc "../Inc/MCAL/SYSTICK_DRIVER/SYSTICK_PROGRAM.c" -mcpu=cortex-m3 -std=gnu11 -g3 -DDEBUG -DSTM32 -DSTM32F1 -DSTM32F103C8Tx -c -I../Inc -O0 -ffunction-sections -fdata-sections -Wall -fstack-usage -fcyclomatic-complexity -MMD -MP -MF"Inc/MCAL/SYSTICK_DRIVER/SYSTICK_PROGRAM.d" -MT"Inc/MCAL/SYSTICK_DRIVER/SYSTICK_PROGRAM.o" --specs=nano.specs -mfloat-abi=soft -mthumb -o "Inc/MCAL/SYSTICK_DRIVER/SYSTICK_PROGRAM.o"
arm-none-eabi-gcc "../Inc/MCAL/RCC_DRIVER/RCC_PROGRAM.c" -mcpu=cortex-m3 -std=gnu11 -g3 -DDEBUG -DSTM32 -DSTM32F1 -DSTM32F103C8Tx -c -I../Inc -O0 -ffunction-sections -fdata-sections -Wall -fstack-usage -fcyclomatic-complexity -MMD -MP -MF"Inc/MCAL/RCC_DRIVER/RCC_PROGRAM.d" -MT"Inc/MCAL/RCC_DRIVER/RCC_PROGRAM.o" --specs=nano.specs -mfloat-abi=soft -mthumb -o "Inc/MCAL/RCC_DRIVER/RCC_PROGRAM.o"
arm-none-eabi-gcc "../Inc/MCAL/GPIO_DRIVER/GPIO_PROGRAM.c" -mcpu=cortex-m3 -std=gnu11 -g3 -DDEBUG -DSTM32 -DSTM32F1 -DSTM32F103C8Tx -c -I../Inc -O0 -ffunction-sections -fdata-sections -Wall -fstack-usage -fcyclomatic-complexity -MMD -MP -MF"Inc/MCAL/GPIO_DRIVER/GPIO_PROGRAM.d" -MT"Inc/MCAL/GPIO_DRIVER/GPIO_PROGRAM.o" --specs=nano.specs -mfloat-abi=soft -mthumb -o "Inc/MCAL/GPIO_DRIVER/GPIO_PROGRAM.o"
arm-none-eabi-gcc "../Inc/HAL/LCD_DRIVER/LCD_PROGRAM.c" -mcpu=cortex-m3 -std=gnu11 -g3 -DDEBUG -DSTM32 -DSTM32F1 -DSTM32F103C8Tx -c -I../Inc -O0 -ffunction-sections -fdata-sections -Wall -fstack-usage -fcyclomatic-complexity -MMD -MP -MF"Inc/HAL/LCD_DRIVER/LCD_PROGRAM.d" -MT"Inc/HAL/LCD_DRIVER/LCD_PROGRAM.o" --specs=nano.specs -mfloat-abi=soft -mthumb -o "Inc/HAL/LCD_DRIVER/LCD_PROGRAM.o"
In file included from ../Inc/MCAL/SYSTICK_DRIVER/SYSTICK_PRIVATE.h:20,
                 from ../Inc/MCAL/SYSTICK_DRIVER/SYSTICK_CONFIG.h:20,
                 from ../Inc/MCAL/SYSTICK_DRIVER/SYSTICK_INTERFACE.h:20,
                 from ../Inc/MCAL/SYSTICK_DRIVER/SYSTICK_PROGRAM.c:17:
../Inc/MCAL/SYSTICK_DRIVER/SYSTICK_PROGRAM.c: In function 'SYSTICK_voidSetDelay_ms':
../Inc/MCAL/SYSTICK_DRIVER/../../LIB/BIT_MATH.h:34:48: warning: suggest parentheses around comparison in operand of '&' [-Wparentheses]
   34 | #define GET_BIT(VAR,BIT)          (VAR >> BIT) & 1
      |                                                ^
../Inc/MCAL/SYSTICK_DRIVER/SYSTICK_PROGRAM.c:62:16: note: in expansion of macro 'GET_BIT'
   62 |         while (GET_BIT(STK_CTRL_REG, STK_CTRL_COUNTFLAG) == 0) {
      |                ^~~~~~~
../Inc/MCAL/SYSTICK_DRIVER/SYSTICK_PROGRAM.c: In function 'SysTick_Handler':
../Inc/MCAL/SYSTICK_DRIVER/../../LIB/BIT_MATH.h:34:48: warning: value computed is not used [-Wunused-value]
   34 | #define GET_BIT(VAR,BIT)          (VAR >> BIT) & 1
      |                                   ~~~~~~~~~~~~~^~~
../Inc/MCAL/SYSTICK_DRIVER/SYSTICK_PROGRAM.c:117:9: note: in expansion of macro 'GET_BIT'
  117 |         GET_BIT(STK_CTRL_REG, STK_CTRL_COUNTFLAG);
      |         ^~~~~~~
../Inc/HAL/LCD_DRIVER/LCD_PROGRAM.c: In function 'LCD_voidIntgerToString':
../Inc/HAL/LCD_DRIVER/LCD_PROGRAM.c:202:28: warning: passing argument 2 of 'itoa' discards 'const' qualifier from pointer target type [-Wdiscarded-qualifiers]
  202 |         itoa(copy_u32Data, buffer, 10);
      |                            ^~~~~~
In file included from ../Inc/HAL/LCD_DRIVER/LCD_INTERFACE.h:21,
                 from ../Inc/HAL/LCD_DRIVER/LCD_PROGRAM.c:17:
C:\ST_ARM_IDE\STM32CubeIDE_1.11.2\STM32CubeIDE\plugins\com.st.stm32cube.ide.mcu.externaltools.gnu-tools-for-stm32.11.3.rel1.win32_1.1.1.202309131626\tools\bin/../lib/gcc/arm-none-eabi/11.3.1/../../../../arm-none-eabi/include/stdlib.h:227:20: note: expected 'char *' but argument is of type 'const cu8 *' {aka 'const char *'}
  227 | char *  itoa (int, char *, int);
      |                    ^~~~~~
arm-none-eabi-gcc -o "LCD_ARM_TESTING.elf" @"objects.list"   -mcpu=cortex-m3 -T"C:\Users\Administrator\Desktop\ITIDA\NTI PROGRAM\NTI_ARM_PORTAL\LCD_ARM_TESTING\STM32F103C8TX_FLASH.ld" --specs=nosys.specs -Wl,-Map="LCD_ARM_TESTING.map" -Wl,--gc-sections -static --specs=nano.specs -mfloat-abi=soft -mthumb -Wl,--start-group -lc -lm -Wl,--end-group
Finished building target: LCD_ARM_TESTING.elf
 
arm-none-eabi-size   LCD_ARM_TESTING.elf 
arm-none-eabi-objdump -h -S  LCD_ARM_TESTING.elf  > "LCD_ARM_TESTING.list"
arm-none-eabi-objcopy  -O ihex  LCD_ARM_TESTING.elf  "LCD_ARM_TESTING.hex"
   text	   data	    bss	    dec	    hex	filename
   2328	      8	   1576	   3912	    f48	LCD_ARM_TESTING.elf
Finished building: default.size.stdout
 
Finished building: LCD_ARM_TESTING.hex
Finished building: LCD_ARM_TESTING.list
 
 
00:04:25 **** Incremental Build of configuration Debug for project LCD_ARM_TESTING ****
make -j12 all 
arm-none-eabi-gcc "../Src/APP_PROGRAM.c" -mcpu=cortex-m3 -std=gnu11 -g3 -DDEBUG -DSTM32 -DSTM32F1 -DSTM32F103C8Tx -c -I../Inc -O0 -ffunction-sections -fdata-sections -Wall -fstack-usage -fcyclomatic-complexity -MMD -MP -MF"Src/APP_PROGRAM.d" -MT"Src/APP_PROGRAM.o" --specs=nano.specs -mfloat-abi=soft -mthumb -o "Src/APP_PROGRAM.o"
arm-none-eabi-gcc "../Src/main.c" -mcpu=cortex-m3 -std=gnu11 -g3 -DDEBUG -DSTM32 -DSTM32F1 -DSTM32F103C8Tx -c -I../Inc -O0 -ffunction-sections -fdata-sections -Wall -fstack-usage -fcyclomatic-complexity -MMD -MP -MF"Src/main.d" -MT"Src/main.o" --specs=nano.specs -mfloat-abi=soft -mthumb -o "Src/main.o"
arm-none-eabi-gcc "../Inc/MCAL/SYSTICK_DRIVER/SYSTICK_PROGRAM.c" -mcpu=cortex-m3 -std=gnu11 -g3 -DDEBUG -DSTM32 -DSTM32F1 -DSTM32F103C8Tx -c -I../Inc -O0 -ffunction-sections -fdata-sections -Wall -fstack-usage -fcyclomatic-complexity -MMD -MP -MF"Inc/MCAL/SYSTICK_DRIVER/SYSTICK_PROGRAM.d" -MT"Inc/MCAL/SYSTICK_DRIVER/SYSTICK_PROGRAM.o" --specs=nano.specs -mfloat-abi=soft -mthumb -o "Inc/MCAL/SYSTICK_DRIVER/SYSTICK_PROGRAM.o"
arm-none-eabi-gcc "../Inc/MCAL/RCC_DRIVER/RCC_PROGRAM.c" -mcpu=cortex-m3 -std=gnu11 -g3 -DDEBUG -DSTM32 -DSTM32F1 -DSTM32F103C8Tx -c -I../Inc -O0 -ffunction-sections -fdata-sections -Wall -fstack-usage -fcyclomatic-complexity -MMD -MP -MF"Inc/MCAL/RCC_DRIVER/RCC_PROGRAM.d" -MT"Inc/MCAL/RCC_DRIVER/RCC_PROGRAM.o" --specs=nano.specs -mfloat-abi=soft -mthumb -o "Inc/MCAL/RCC_DRIVER/RCC_PROGRAM.o"
arm-none-eabi-gcc "../Inc/MCAL/GPIO_DRIVER/GPIO_PROGRAM.c" -mcpu=cortex-m3 -std=gnu11 -g3 -DDEBUG -DSTM32 -DSTM32F1 -DSTM32F103C8Tx -c -I../Inc -O0 -ffunction-sections -fdata-sections -Wall -fstack-usage -fcyclomatic-complexity -MMD -MP -MF"Inc/MCAL/GPIO_DRIVER/GPIO_PROGRAM.d" -MT"Inc/MCAL/GPIO_DRIVER/GPIO_PROGRAM.o" --specs=nano.specs -mfloat-abi=soft -mthumb -o "Inc/MCAL/GPIO_DRIVER/GPIO_PROGRAM.o"
arm-none-eabi-gcc "../Inc/HAL/LCD_DRIVER/LCD_PROGRAM.c" -mcpu=cortex-m3 -std=gnu11 -g3 -DDEBUG -DSTM32 -DSTM32F1 -DSTM32F103C8Tx -c -I../Inc -O0 -ffunction-sections -fdata-sections -Wall -fstack-usage -fcyclomatic-complexity -MMD -MP -MF"Inc/HAL/LCD_DRIVER/LCD_PROGRAM.d" -MT"Inc/HAL/LCD_DRIVER/LCD_PROGRAM.o" --specs=nano.specs -mfloat-abi=soft -mthumb -o "Inc/HAL/LCD_DRIVER/LCD_PROGRAM.o"
In file included from ../Inc/MCAL/SYSTICK_DRIVER/SYSTICK_PRIVATE.h:20,
                 from ../Inc/MCAL/SYSTICK_DRIVER/SYSTICK_CONFIG.h:20,
                 from ../Inc/MCAL/SYSTICK_DRIVER/SYSTICK_INTERFACE.h:20,
                 from ../Inc/MCAL/SYSTICK_DRIVER/SYSTICK_PROGRAM.c:17:
../Inc/MCAL/SYSTICK_DRIVER/SYSTICK_PROGRAM.c: In function 'SysTick_Handler':
../Inc/MCAL/SYSTICK_DRIVER/../../LIB/BIT_MATH.h:34:49: warning: value computed is not used [-Wunused-value]
   34 | #define GET_BIT(VAR,BIT)          ((VAR >> BIT) & 1)
      |                                   ~~~~~~~~~~~~~~^~~~
../Inc/MCAL/SYSTICK_DRIVER/SYSTICK_PROGRAM.c:117:9: note: in expansion of macro 'GET_BIT'
  117 |         GET_BIT(STK_CTRL_REG, STK_CTRL_COUNTFLAG);
      |         ^~~~~~~
../Inc/HAL/LCD_DRIVER/LCD_PROGRAM.c: In function 'LCD_voidIntgerToString':
../Inc/HAL/LCD_DRIVER/LCD_PROGRAM.c:202:28: warning: passing argument 2 of 'itoa' discards 'const' qualifier from pointer target type [-Wdiscarded-qualifiers]
  202 |         itoa(copy_u32Data, buffer, 10);
      |                            ^~~~~~
In file included from ../Inc/HAL/LCD_DRIVER/LCD_INTERFACE.h:21,
                 from ../Inc/HAL/LCD_DRIVER/LCD_PROGRAM.c:17:
C:\ST_ARM_IDE\STM32CubeIDE_1.11.2\STM32CubeIDE\plugins\com.st.stm32cube.ide.mcu.externaltools.gnu-tools-for-stm32.11.3.rel1.win32_1.1.1.202309131626\tools\bin/../lib/gcc/arm-none-eabi/11.3.1/../../../../arm-none-eabi/include/stdlib.h:227:20: note: expected 'char *' but argument is of type 'const cu8 *' {aka 'const char *'}
  227 | char *  itoa (int, char *, int);
      |                    ^~~~~~
arm-none-eabi-gcc -o "LCD_ARM_TESTING.elf" @"objects.list"   -mcpu=cortex-m3 -T"C:\Users\Administrator\Desktop\ITIDA\NTI PROGRAM\NTI_ARM_PORTAL\LCD_ARM_TESTING\STM32F103C8TX_FLASH.ld" --specs=nosys.specs -Wl,-Map="LCD_ARM_TESTING.map" -Wl,--gc-sections -static --specs=nano.specs -mfloat-abi=soft -mthumb -Wl,--start-group -lc -lm -Wl,--end-group
Finished building target: LCD_ARM_TESTING.elf
 
arm-none-eabi-size   LCD_ARM_TESTING.elf 
arm-none-eabi-objdump -h -S  LCD_ARM_TESTING.elf  > "LCD_ARM_TESTING.list"
arm-none-eabi-objcopy  -O ihex  LCD_ARM_TESTING.elf  "LCD_ARM_TESTING.hex"
   text	   data	    bss	    dec	    hex	filename
   2336	      8	   1576	   3920	    f50	LCD_ARM_TESTING.elf
Finished building: default.size.stdout
 
Finished building: LCD_ARM_TESTING.hex
Finished building: LCD_ARM_TESTING.list
 
 
00:05:55 **** Incremental Build of configuration Debug for project LCD_ARM_TESTING ****
make -j12 all 
arm-none-eabi-size   LCD_ARM_TESTING.elf 
   text	   data	    bss	    dec	    hex	filename
   2336	      8	   1576	   3920	    f50	LCD_ARM_TESTING.elf
Finished building: default.size.stdout
 
00:07:04 **** Incremental Build of configuration Debug for project LCD_ARM_TESTING ****
make -j12 all 
arm-none-eabi-size   LCD_ARM_TESTING.elf 
   text	   data	    bss	    dec	    hex	filename
   2336	      8	   1576	   3920	    f50	LCD_ARM_TESTING.elf
Finished building: default.size.stdout
 
00:12:48 **** Incremental Build of configuration Debug for project LCD_ARM_TESTING ****
make -j12 all 
arm-none-eabi-gcc "../Src/APP_PROGRAM.c" -mcpu=cortex-m3 -std=gnu11 -g3 -DDEBUG -DSTM32 -DSTM32F1 -DSTM32F103C8Tx -c -I../Inc -O0 -ffunction-sections -fdata-sections -Wall -fstack-usage -fcyclomatic-complexity -MMD -MP -MF"Src/APP_PROGRAM.d" -MT"Src/APP_PROGRAM.o" --specs=nano.specs -mfloat-abi=soft -mthumb -o "Src/APP_PROGRAM.o"
arm-none-eabi-gcc "../Src/main.c" -mcpu=cortex-m3 -std=gnu11 -g3 -DDEBUG -DSTM32 -DSTM32F1 -DSTM32F103C8Tx -c -I../Inc -O0 -ffunction-sections -fdata-sections -Wall -fstack-usage -fcyclomatic-complexity -MMD -MP -MF"Src/main.d" -MT"Src/main.o" --specs=nano.specs -mfloat-abi=soft -mthumb -o "Src/main.o"
arm-none-eabi-gcc -o "LCD_ARM_TESTING.elf" @"objects.list"   -mcpu=cortex-m3 -T"C:\Users\Administrator\Desktop\ITIDA\NTI PROGRAM\NTI_ARM_PORTAL\LCD_ARM_TESTING\STM32F103C8TX_FLASH.ld" --specs=nosys.specs -Wl,-Map="LCD_ARM_TESTING.map" -Wl,--gc-sections -static --specs=nano.specs -mfloat-abi=soft -mthumb -Wl,--start-group -lc -lm -Wl,--end-group
Finished building target: LCD_ARM_TESTING.elf
 
arm-none-eabi-size   LCD_ARM_TESTING.elf 
arm-none-eabi-objdump -h -S  LCD_ARM_TESTING.elf  > "LCD_ARM_TESTING.list"
arm-none-eabi-objcopy  -O ihex  LCD_ARM_TESTING.elf  "LCD_ARM_TESTING.hex"
   text	   data	    bss	    dec	    hex	filename
   2336	      8	   1576	   3920	    f50	LCD_ARM_TESTING.elf
Finished building: default.size.stdout
 
Finished building: LCD_ARM_TESTING.hex
Finished building: LCD_ARM_TESTING.list
 
 
00:13:30 **** Incremental Build of configuration Debug for project LCD_ARM_TESTING ****
make -j12 all 
arm-none-eabi-gcc "../Src/APP_PROGRAM.c" -mcpu=cortex-m3 -std=gnu11 -g3 -DDEBUG -DSTM32 -DSTM32F1 -DSTM32F103C8Tx -c -I../Inc -O0 -ffunction-sections -fdata-sections -Wall -fstack-usage -fcyclomatic-complexity -MMD -MP -MF"Src/APP_PROGRAM.d" -MT"Src/APP_PROGRAM.o" --specs=nano.specs -mfloat-abi=soft -mthumb -o "Src/APP_PROGRAM.o"
arm-none-eabi-gcc -o "LCD_ARM_TESTING.elf" @"objects.list"   -mcpu=cortex-m3 -T"C:\Users\Administrator\Desktop\ITIDA\NTI PROGRAM\NTI_ARM_PORTAL\LCD_ARM_TESTING\STM32F103C8TX_FLASH.ld" --specs=nosys.specs -Wl,-Map="LCD_ARM_TESTING.map" -Wl,--gc-sections -static --specs=nano.specs -mfloat-abi=soft -mthumb -Wl,--start-group -lc -lm -Wl,--end-group
Finished building target: LCD_ARM_TESTING.elf
 
arm-none-eabi-size   LCD_ARM_TESTING.elf 
arm-none-eabi-objdump -h -S  LCD_ARM_TESTING.elf  > "LCD_ARM_TESTING.list"
arm-none-eabi-objcopy  -O ihex  LCD_ARM_TESTING.elf  "LCD_ARM_TESTING.hex"
   text	   data	    bss	    dec	    hex	filename
   1688	      8	   1576	   3272	    cc8	LCD_ARM_TESTING.elf
Finished building: default.size.stdout
 
Finished building: LCD_ARM_TESTING.hex
Finished building: LCD_ARM_TESTING.list
 
 
00:14:09 **** Incremental Build of configuration Debug for project LCD_ARM_TESTING ****
make -j12 all 
arm-none-eabi-gcc "../Src/APP_PROGRAM.c" -mcpu=cortex-m3 -std=gnu11 -g3 -DDEBUG -DSTM32 -DSTM32F1 -DSTM32F103C8Tx -c -I../Inc -O0 -ffunction-sections -fdata-sections -Wall -fstack-usage -fcyclomatic-complexity -MMD -MP -MF"Src/APP_PROGRAM.d" -MT"Src/APP_PROGRAM.o" --specs=nano.specs -mfloat-abi=soft -mthumb -o "Src/APP_PROGRAM.o"
arm-none-eabi-gcc -o "LCD_ARM_TESTING.elf" @"objects.list"   -mcpu=cortex-m3 -T"C:\Users\Administrator\Desktop\ITIDA\NTI PROGRAM\NTI_ARM_PORTAL\LCD_ARM_TESTING\STM32F103C8TX_FLASH.ld" --specs=nosys.specs -Wl,-Map="LCD_ARM_TESTING.map" -Wl,--gc-sections -static --specs=nano.specs -mfloat-abi=soft -mthumb -Wl,--start-group -lc -lm -Wl,--end-group
Finished building target: LCD_ARM_TESTING.elf
 
arm-none-eabi-size   LCD_ARM_TESTING.elf 
arm-none-eabi-objdump -h -S  LCD_ARM_TESTING.elf  > "LCD_ARM_TESTING.list"
arm-none-eabi-objcopy  -O ihex  LCD_ARM_TESTING.elf  "LCD_ARM_TESTING.hex"
   text	   data	    bss	    dec	    hex	filename
   1716	      8	   1576	   3300	    ce4	LCD_ARM_TESTING.elf
Finished building: default.size.stdout
 
Finished building: LCD_ARM_TESTING.hex
Finished building: LCD_ARM_TESTING.list
 
 
00:14:28 **** Incremental Build of configuration Debug for project LCD_ARM_TESTING ****
make -j12 all 
arm-none-eabi-gcc "../Src/APP_PROGRAM.c" -mcpu=cortex-m3 -std=gnu11 -g3 -DDEBUG -DSTM32 -DSTM32F1 -DSTM32F103C8Tx -c -I../Inc -O0 -ffunction-sections -fdata-sections -Wall -fstack-usage -fcyclomatic-complexity -MMD -MP -MF"Src/APP_PROGRAM.d" -MT"Src/APP_PROGRAM.o" --specs=nano.specs -mfloat-abi=soft -mthumb -o "Src/APP_PROGRAM.o"
arm-none-eabi-gcc -o "LCD_ARM_TESTING.elf" @"objects.list"   -mcpu=cortex-m3 -T"C:\Users\Administrator\Desktop\ITIDA\NTI PROGRAM\NTI_ARM_PORTAL\LCD_ARM_TESTING\STM32F103C8TX_FLASH.ld" --specs=nosys.specs -Wl,-Map="LCD_ARM_TESTING.map" -Wl,--gc-sections -static --specs=nano.specs -mfloat-abi=soft -mthumb -Wl,--start-group -lc -lm -Wl,--end-group
Finished building target: LCD_ARM_TESTING.elf
 
arm-none-eabi-size   LCD_ARM_TESTING.elf 
arm-none-eabi-objdump -h -S  LCD_ARM_TESTING.elf  > "LCD_ARM_TESTING.list"
arm-none-eabi-objcopy  -O ihex  LCD_ARM_TESTING.elf  "LCD_ARM_TESTING.hex"
   text	   data	    bss	    dec	    hex	filename
   1716	      8	   1576	   3300	    ce4	LCD_ARM_TESTING.elf
Finished building: default.size.stdout
 
Finished building: LCD_ARM_TESTING.hex
Finished building: LCD_ARM_TESTING.list
 
 
00:16:22 **** Incremental Build of configuration Debug for project LCD_ARM_TESTING ****
make -j12 all 
arm-none-eabi-gcc "../Src/APP_PROGRAM.c" -mcpu=cortex-m3 -std=gnu11 -g3 -DDEBUG -DSTM32 -DSTM32F1 -DSTM32F103C8Tx -c -I../Inc -O0 -ffunction-sections -fdata-sections -Wall -fstack-usage -fcyclomatic-complexity -MMD -MP -MF"Src/APP_PROGRAM.d" -MT"Src/APP_PROGRAM.o" --specs=nano.specs -mfloat-abi=soft -mthumb -o "Src/APP_PROGRAM.o"
arm-none-eabi-gcc -o "LCD_ARM_TESTING.elf" @"objects.list"   -mcpu=cortex-m3 -T"C:\Users\Administrator\Desktop\ITIDA\NTI PROGRAM\NTI_ARM_PORTAL\LCD_ARM_TESTING\STM32F103C8TX_FLASH.ld" --specs=nosys.specs -Wl,-Map="LCD_ARM_TESTING.map" -Wl,--gc-sections -static --specs=nano.specs -mfloat-abi=soft -mthumb -Wl,--start-group -lc -lm -Wl,--end-group
Finished building target: LCD_ARM_TESTING.elf
 
arm-none-eabi-size   LCD_ARM_TESTING.elf 
arm-none-eabi-objdump -h -S  LCD_ARM_TESTING.elf  > "LCD_ARM_TESTING.list"
arm-none-eabi-objcopy  -O ihex  LCD_ARM_TESTING.elf  "LCD_ARM_TESTING.hex"
   text	   data	    bss	    dec	    hex	filename
   1712	      8	   1576	   3296	    ce0	LCD_ARM_TESTING.elf
Finished building: default.size.stdout
 
Finished building: LCD_ARM_TESTING.hex
Finished building: LCD_ARM_TESTING.list
 
 
00:17:57 **** Incremental Build of configuration Debug for project LCD_ARM_TESTING ****
make -j12 all 
arm-none-eabi-gcc "../Src/APP_PROGRAM.c" -mcpu=cortex-m3 -std=gnu11 -g3 -DDEBUG -DSTM32 -DSTM32F1 -DSTM32F103C8Tx -c -I../Inc -O0 -ffunction-sections -fdata-sections -Wall -fstack-usage -fcyclomatic-complexity -MMD -MP -MF"Src/APP_PROGRAM.d" -MT"Src/APP_PROGRAM.o" --specs=nano.specs -mfloat-abi=soft -mthumb -o "Src/APP_PROGRAM.o"
arm-none-eabi-gcc -o "LCD_ARM_TESTING.elf" @"objects.list"   -mcpu=cortex-m3 -T"C:\Users\Administrator\Desktop\ITIDA\NTI PROGRAM\NTI_ARM_PORTAL\LCD_ARM_TESTING\STM32F103C8TX_FLASH.ld" --specs=nosys.specs -Wl,-Map="LCD_ARM_TESTING.map" -Wl,--gc-sections -static --specs=nano.specs -mfloat-abi=soft -mthumb -Wl,--start-group -lc -lm -Wl,--end-group
Finished building target: LCD_ARM_TESTING.elf
 
arm-none-eabi-size   LCD_ARM_TESTING.elf 
arm-none-eabi-objdump -h -S  LCD_ARM_TESTING.elf  > "LCD_ARM_TESTING.list"
arm-none-eabi-objcopy  -O ihex  LCD_ARM_TESTING.elf  "LCD_ARM_TESTING.hex"
   text	   data	    bss	    dec	    hex	filename
   1724	      8	   1576	   3308	    cec	LCD_ARM_TESTING.elf
Finished building: default.size.stdout
 
Finished building: LCD_ARM_TESTING.hex
Finished building: LCD_ARM_TESTING.list
 
 
00:18:19 **** Incremental Build of configuration Debug for project LCD_ARM_TESTING ****
make -j12 all 
arm-none-eabi-gcc "../Src/APP_PROGRAM.c" -mcpu=cortex-m3 -std=gnu11 -g3 -DDEBUG -DSTM32 -DSTM32F1 -DSTM32F103C8Tx -c -I../Inc -O0 -ffunction-sections -fdata-sections -Wall -fstack-usage -fcyclomatic-complexity -MMD -MP -MF"Src/APP_PROGRAM.d" -MT"Src/APP_PROGRAM.o" --specs=nano.specs -mfloat-abi=soft -mthumb -o "Src/APP_PROGRAM.o"
arm-none-eabi-gcc -o "LCD_ARM_TESTING.elf" @"objects.list"   -mcpu=cortex-m3 -T"C:\Users\Administrator\Desktop\ITIDA\NTI PROGRAM\NTI_ARM_PORTAL\LCD_ARM_TESTING\STM32F103C8TX_FLASH.ld" --specs=nosys.specs -Wl,-Map="LCD_ARM_TESTING.map" -Wl,--gc-sections -static --specs=nano.specs -mfloat-abi=soft -mthumb -Wl,--start-group -lc -lm -Wl,--end-group
Finished building target: LCD_ARM_TESTING.elf
 
arm-none-eabi-size   LCD_ARM_TESTING.elf 
arm-none-eabi-objdump -h -S  LCD_ARM_TESTING.elf  > "LCD_ARM_TESTING.list"
arm-none-eabi-objcopy  -O ihex  LCD_ARM_TESTING.elf  "LCD_ARM_TESTING.hex"
   text	   data	    bss	    dec	    hex	filename
   1744	      8	   1576	   3328	    d00	LCD_ARM_TESTING.elf
Finished building: default.size.stdout
 
Finished building: LCD_ARM_TESTING.hex
Finished building: LCD_ARM_TESTING.list
 
 
00:18:46 **** Incremental Build of configuration Debug for project LCD_ARM_TESTING ****
make -j12 all 
arm-none-eabi-gcc "../Src/APP_PROGRAM.c" -mcpu=cortex-m3 -std=gnu11 -g3 -DDEBUG -DSTM32 -DSTM32F1 -DSTM32F103C8Tx -c -I../Inc -O0 -ffunction-sections -fdata-sections -Wall -fstack-usage -fcyclomatic-complexity -MMD -MP -MF"Src/APP_PROGRAM.d" -MT"Src/APP_PROGRAM.o" --specs=nano.specs -mfloat-abi=soft -mthumb -o "Src/APP_PROGRAM.o"
arm-none-eabi-gcc -o "LCD_ARM_TESTING.elf" @"objects.list"   -mcpu=cortex-m3 -T"C:\Users\Administrator\Desktop\ITIDA\NTI PROGRAM\NTI_ARM_PORTAL\LCD_ARM_TESTING\STM32F103C8TX_FLASH.ld" --specs=nosys.specs -Wl,-Map="LCD_ARM_TESTING.map" -Wl,--gc-sections -static --specs=nano.specs -mfloat-abi=soft -mthumb -Wl,--start-group -lc -lm -Wl,--end-group
Finished building target: LCD_ARM_TESTING.elf
 
arm-none-eabi-size   LCD_ARM_TESTING.elf 
arm-none-eabi-objdump -h -S  LCD_ARM_TESTING.elf  > "LCD_ARM_TESTING.list"
arm-none-eabi-objcopy  -O ihex  LCD_ARM_TESTING.elf  "LCD_ARM_TESTING.hex"
   text	   data	    bss	    dec	    hex	filename
   1748	      8	   1576	   3332	    d04	LCD_ARM_TESTING.elf
Finished building: default.size.stdout
 
Finished building: LCD_ARM_TESTING.hex
Finished building: LCD_ARM_TESTING.list
 
 
00:19:13 **** Incremental Build of configuration Debug for project LCD_ARM_TESTING ****
make -j12 all 
arm-none-eabi-gcc "../Src/APP_PROGRAM.c" -mcpu=cortex-m3 -std=gnu11 -g3 -DDEBUG -DSTM32 -DSTM32F1 -DSTM32F103C8Tx -c -I../Inc -O0 -ffunction-sections -fdata-sections -Wall -fstack-usage -fcyclomatic-complexity -MMD -MP -MF"Src/APP_PROGRAM.d" -MT"Src/APP_PROGRAM.o" --specs=nano.specs -mfloat-abi=soft -mthumb -o "Src/APP_PROGRAM.o"
arm-none-eabi-gcc -o "LCD_ARM_TESTING.elf" @"objects.list"   -mcpu=cortex-m3 -T"C:\Users\Administrator\Desktop\ITIDA\NTI PROGRAM\NTI_ARM_PORTAL\LCD_ARM_TESTING\STM32F103C8TX_FLASH.ld" --specs=nosys.specs -Wl,-Map="LCD_ARM_TESTING.map" -Wl,--gc-sections -static --specs=nano.specs -mfloat-abi=soft -mthumb -Wl,--start-group -lc -lm -Wl,--end-group
Finished building target: LCD_ARM_TESTING.elf
 
arm-none-eabi-size   LCD_ARM_TESTING.elf 
arm-none-eabi-objdump -h -S  LCD_ARM_TESTING.elf  > "LCD_ARM_TESTING.list"
arm-none-eabi-objcopy  -O ihex  LCD_ARM_TESTING.elf  "LCD_ARM_TESTING.hex"
   text	   data	    bss	    dec	    hex	filename
   1748	      8	   1576	   3332	    d04	LCD_ARM_TESTING.elf
Finished building: default.size.stdout
 
Finished building: LCD_ARM_TESTING.hex
Finished building: LCD_ARM_TESTING.list
 
 
00:20:16 **** Incremental Build of configuration Debug for project LCD_ARM_TESTING ****
make -j12 all 
arm-none-eabi-gcc "../Src/APP_PROGRAM.c" -mcpu=cortex-m3 -std=gnu11 -g3 -DDEBUG -DSTM32 -DSTM32F1 -DSTM32F103C8Tx -c -I../Inc -O0 -ffunction-sections -fdata-sections -Wall -fstack-usage -fcyclomatic-complexity -MMD -MP -MF"Src/APP_PROGRAM.d" -MT"Src/APP_PROGRAM.o" --specs=nano.specs -mfloat-abi=soft -mthumb -o "Src/APP_PROGRAM.o"
arm-none-eabi-gcc -o "LCD_ARM_TESTING.elf" @"objects.list"   -mcpu=cortex-m3 -T"C:\Users\Administrator\Desktop\ITIDA\NTI PROGRAM\NTI_ARM_PORTAL\LCD_ARM_TESTING\STM32F103C8TX_FLASH.ld" --specs=nosys.specs -Wl,-Map="LCD_ARM_TESTING.map" -Wl,--gc-sections -static --specs=nano.specs -mfloat-abi=soft -mthumb -Wl,--start-group -lc -lm -Wl,--end-group
Finished building target: LCD_ARM_TESTING.elf
 
arm-none-eabi-size   LCD_ARM_TESTING.elf 
arm-none-eabi-objdump -h -S  LCD_ARM_TESTING.elf  > "LCD_ARM_TESTING.list"
arm-none-eabi-objcopy  -O ihex  LCD_ARM_TESTING.elf  "LCD_ARM_TESTING.hex"
   text	   data	    bss	    dec	    hex	filename
   1748	      8	   1576	   3332	    d04	LCD_ARM_TESTING.elf
Finished building: default.size.stdout
 
Finished building: LCD_ARM_TESTING.hex
Finished building: LCD_ARM_TESTING.list
 
 
00:20:48 **** Incremental Build of configuration Debug for project LCD_ARM_TESTING ****
make -j12 all 
arm-none-eabi-gcc "../Src/APP_PROGRAM.c" -mcpu=cortex-m3 -std=gnu11 -g3 -DDEBUG -DSTM32 -DSTM32F1 -DSTM32F103C8Tx -c -I../Inc -O0 -ffunction-sections -fdata-sections -Wall -fstack-usage -fcyclomatic-complexity -MMD -MP -MF"Src/APP_PROGRAM.d" -MT"Src/APP_PROGRAM.o" --specs=nano.specs -mfloat-abi=soft -mthumb -o "Src/APP_PROGRAM.o"
arm-none-eabi-gcc -o "LCD_ARM_TESTING.elf" @"objects.list"   -mcpu=cortex-m3 -T"C:\Users\Administrator\Desktop\ITIDA\NTI PROGRAM\NTI_ARM_PORTAL\LCD_ARM_TESTING\STM32F103C8TX_FLASH.ld" --specs=nosys.specs -Wl,-Map="LCD_ARM_TESTING.map" -Wl,--gc-sections -static --specs=nano.specs -mfloat-abi=soft -mthumb -Wl,--start-group -lc -lm -Wl,--end-group
Finished building target: LCD_ARM_TESTING.elf
 
arm-none-eabi-size   LCD_ARM_TESTING.elf 
arm-none-eabi-objdump -h -S  LCD_ARM_TESTING.elf  > "LCD_ARM_TESTING.list"
arm-none-eabi-objcopy  -O ihex  LCD_ARM_TESTING.elf  "LCD_ARM_TESTING.hex"
   text	   data	    bss	    dec	    hex	filename
   1756	      8	   1576	   3340	    d0c	LCD_ARM_TESTING.elf
Finished building: default.size.stdout
 
Finished building: LCD_ARM_TESTING.hex
Finished building: LCD_ARM_TESTING.list
 
 
09:54:25 **** Build of configuration Debug for project TEST02_LCD_ARM ****
make -j12 all 
arm-none-eabi-gcc "../Drivers/STM32F1xx_HAL_Driver/Src/stm32f1xx_hal.c" -mcpu=cortex-m3 -std=gnu11 -g3 -DDEBUG -DUSE_HAL_DRIVER -DSTM32F103x6 -c -I../Core/Inc -I../Drivers/STM32F1xx_HAL_Driver/Inc/Legacy -I../Drivers/STM32F1xx_HAL_Driver/Inc -I../Drivers/CMSIS/Device/ST/STM32F1xx/Include -I../Drivers/CMSIS/Include -O0 -ffunction-sections -fdata-sections -Wall -fstack-usage -fcyclomatic-complexity -MMD -MP -MF"Drivers/STM32F1xx_HAL_Driver/Src/stm32f1xx_hal.d" -MT"Drivers/STM32F1xx_HAL_Driver/Src/stm32f1xx_hal.o" --specs=nano.specs -mfloat-abi=soft -mthumb -o "Drivers/STM32F1xx_HAL_Driver/Src/stm32f1xx_hal.o"
arm-none-eabi-gcc "../Drivers/STM32F1xx_HAL_Driver/Src/stm32f1xx_hal_cortex.c" -mcpu=cortex-m3 -std=gnu11 -g3 -DDEBUG -DUSE_HAL_DRIVER -DSTM32F103x6 -c -I../Core/Inc -I../Drivers/STM32F1xx_HAL_Driver/Inc/Legacy -I../Drivers/STM32F1xx_HAL_Driver/Inc -I../Drivers/CMSIS/Device/ST/STM32F1xx/Include -I../Drivers/CMSIS/Include -O0 -ffunction-sections -fdata-sections -Wall -fstack-usage -fcyclomatic-complexity -MMD -MP -MF"Drivers/STM32F1xx_HAL_Driver/Src/stm32f1xx_hal_cortex.d" -MT"Drivers/STM32F1xx_HAL_Driver/Src/stm32f1xx_hal_cortex.o" --specs=nano.specs -mfloat-abi=soft -mthumb -o "Drivers/STM32F1xx_HAL_Driver/Src/stm32f1xx_hal_cortex.o"
arm-none-eabi-gcc "../Drivers/STM32F1xx_HAL_Driver/Src/stm32f1xx_hal_dma.c" -mcpu=cortex-m3 -std=gnu11 -g3 -DDEBUG -DUSE_HAL_DRIVER -DSTM32F103x6 -c -I../Core/Inc -I../Drivers/STM32F1xx_HAL_Driver/Inc/Legacy -I../Drivers/STM32F1xx_HAL_Driver/Inc -I../Drivers/CMSIS/Device/ST/STM32F1xx/Include -I../Drivers/CMSIS/Include -O0 -ffunction-sections -fdata-sections -Wall -fstack-usage -fcyclomatic-complexity -MMD -MP -MF"Drivers/STM32F1xx_HAL_Driver/Src/stm32f1xx_hal_dma.d" -MT"Drivers/STM32F1xx_HAL_Driver/Src/stm32f1xx_hal_dma.o" --specs=nano.specs -mfloat-abi=soft -mthumb -o "Drivers/STM32F1xx_HAL_Driver/Src/stm32f1xx_hal_dma.o"
arm-none-eabi-gcc "../Drivers/STM32F1xx_HAL_Driver/Src/stm32f1xx_hal_exti.c" -mcpu=cortex-m3 -std=gnu11 -g3 -DDEBUG -DUSE_HAL_DRIVER -DSTM32F103x6 -c -I../Core/Inc -I../Drivers/STM32F1xx_HAL_Driver/Inc/Legacy -I../Drivers/STM32F1xx_HAL_Driver/Inc -I../Drivers/CMSIS/Device/ST/STM32F1xx/Include -I../Drivers/CMSIS/Include -O0 -ffunction-sections -fdata-sections -Wall -fstack-usage -fcyclomatic-complexity -MMD -MP -MF"Drivers/STM32F1xx_HAL_Driver/Src/stm32f1xx_hal_exti.d" -MT"Drivers/STM32F1xx_HAL_Driver/Src/stm32f1xx_hal_exti.o" --specs=nano.specs -mfloat-abi=soft -mthumb -o "Drivers/STM32F1xx_HAL_Driver/Src/stm32f1xx_hal_exti.o"
arm-none-eabi-gcc "../Drivers/STM32F1xx_HAL_Driver/Src/stm32f1xx_hal_flash.c" -mcpu=cortex-m3 -std=gnu11 -g3 -DDEBUG -DUSE_HAL_DRIVER -DSTM32F103x6 -c -I../Core/Inc -I../Drivers/STM32F1xx_HAL_Driver/Inc/Legacy -I../Drivers/STM32F1xx_HAL_Driver/Inc -I../Drivers/CMSIS/Device/ST/STM32F1xx/Include -I../Drivers/CMSIS/Include -O0 -ffunction-sections -fdata-sections -Wall -fstack-usage -fcyclomatic-complexity -MMD -MP -MF"Drivers/STM32F1xx_HAL_Driver/Src/stm32f1xx_hal_flash.d" -MT"Drivers/STM32F1xx_HAL_Driver/Src/stm32f1xx_hal_flash.o" --specs=nano.specs -mfloat-abi=soft -mthumb -o "Drivers/STM32F1xx_HAL_Driver/Src/stm32f1xx_hal_flash.o"
arm-none-eabi-gcc "../Drivers/STM32F1xx_HAL_Driver/Src/stm32f1xx_hal_flash_ex.c" -mcpu=cortex-m3 -std=gnu11 -g3 -DDEBUG -DUSE_HAL_DRIVER -DSTM32F103x6 -c -I../Core/Inc -I../Drivers/STM32F1xx_HAL_Driver/Inc/Legacy -I../Drivers/STM32F1xx_HAL_Driver/Inc -I../Drivers/CMSIS/Device/ST/STM32F1xx/Include -I../Drivers/CMSIS/Include -O0 -ffunction-sections -fdata-sections -Wall -fstack-usage -fcyclomatic-complexity -MMD -MP -MF"Drivers/STM32F1xx_HAL_Driver/Src/stm32f1xx_hal_flash_ex.d" -MT"Drivers/STM32F1xx_HAL_Driver/Src/stm32f1xx_hal_flash_ex.o" --specs=nano.specs -mfloat-abi=soft -mthumb -o "Drivers/STM32F1xx_HAL_Driver/Src/stm32f1xx_hal_flash_ex.o"
arm-none-eabi-gcc "../Drivers/STM32F1xx_HAL_Driver/Src/stm32f1xx_hal_gpio.c" -mcpu=cortex-m3 -std=gnu11 -g3 -DDEBUG -DUSE_HAL_DRIVER -DSTM32F103x6 -c -I../Core/Inc -I../Drivers/STM32F1xx_HAL_Driver/Inc/Legacy -I../Drivers/STM32F1xx_HAL_Driver/Inc -I../Drivers/CMSIS/Device/ST/STM32F1xx/Include -I../Drivers/CMSIS/Include -O0 -ffunction-sections -fdata-sections -Wall -fstack-usage -fcyclomatic-complexity -MMD -MP -MF"Drivers/STM32F1xx_HAL_Driver/Src/stm32f1xx_hal_gpio.d" -MT"Drivers/STM32F1xx_HAL_Driver/Src/stm32f1xx_hal_gpio.o" --specs=nano.specs -mfloat-abi=soft -mthumb -o "Drivers/STM32F1xx_HAL_Driver/Src/stm32f1xx_hal_gpio.o"
arm-none-eabi-gcc "../Drivers/STM32F1xx_HAL_Driver/Src/stm32f1xx_hal_gpio_ex.c" -mcpu=cortex-m3 -std=gnu11 -g3 -DDEBUG -DUSE_HAL_DRIVER -DSTM32F103x6 -c -I../Core/Inc -I../Drivers/STM32F1xx_HAL_Driver/Inc/Legacy -I../Drivers/STM32F1xx_HAL_Driver/Inc -I../Drivers/CMSIS/Device/ST/STM32F1xx/Include -I../Drivers/CMSIS/Include -O0 -ffunction-sections -fdata-sections -Wall -fstack-usage -fcyclomatic-complexity -MMD -MP -MF"Drivers/STM32F1xx_HAL_Driver/Src/stm32f1xx_hal_gpio_ex.d" -MT"Drivers/STM32F1xx_HAL_Driver/Src/stm32f1xx_hal_gpio_ex.o" --specs=nano.specs -mfloat-abi=soft -mthumb -o "Drivers/STM32F1xx_HAL_Driver/Src/stm32f1xx_hal_gpio_ex.o"
arm-none-eabi-gcc "../Drivers/STM32F1xx_HAL_Driver/Src/stm32f1xx_hal_pwr.c" -mcpu=cortex-m3 -std=gnu11 -g3 -DDEBUG -DUSE_HAL_DRIVER -DSTM32F103x6 -c -I../Core/Inc -I../Drivers/STM32F1xx_HAL_Driver/Inc/Legacy -I../Drivers/STM32F1xx_HAL_Driver/Inc -I../Drivers/CMSIS/Device/ST/STM32F1xx/Include -I../Drivers/CMSIS/Include -O0 -ffunction-sections -fdata-sections -Wall -fstack-usage -fcyclomatic-complexity -MMD -MP -MF"Drivers/STM32F1xx_HAL_Driver/Src/stm32f1xx_hal_pwr.d" -MT"Drivers/STM32F1xx_HAL_Driver/Src/stm32f1xx_hal_pwr.o" --specs=nano.specs -mfloat-abi=soft -mthumb -o "Drivers/STM32F1xx_HAL_Driver/Src/stm32f1xx_hal_pwr.o"
arm-none-eabi-gcc "../Drivers/STM32F1xx_HAL_Driver/Src/stm32f1xx_hal_rcc.c" -mcpu=cortex-m3 -std=gnu11 -g3 -DDEBUG -DUSE_HAL_DRIVER -DSTM32F103x6 -c -I../Core/Inc -I../Drivers/STM32F1xx_HAL_Driver/Inc/Legacy -I../Drivers/STM32F1xx_HAL_Driver/Inc -I../Drivers/CMSIS/Device/ST/STM32F1xx/Include -I../Drivers/CMSIS/Include -O0 -ffunction-sections -fdata-sections -Wall -fstack-usage -fcyclomatic-complexity -MMD -MP -MF"Drivers/STM32F1xx_HAL_Driver/Src/stm32f1xx_hal_rcc.d" -MT"Drivers/STM32F1xx_HAL_Driver/Src/stm32f1xx_hal_rcc.o" --specs=nano.specs -mfloat-abi=soft -mthumb -o "Drivers/STM32F1xx_HAL_Driver/Src/stm32f1xx_hal_rcc.o"
arm-none-eabi-gcc "../Drivers/STM32F1xx_HAL_Driver/Src/stm32f1xx_hal_rcc_ex.c" -mcpu=cortex-m3 -std=gnu11 -g3 -DDEBUG -DUSE_HAL_DRIVER -DSTM32F103x6 -c -I../Core/Inc -I../Drivers/STM32F1xx_HAL_Driver/Inc/Legacy -I../Drivers/STM32F1xx_HAL_Driver/Inc -I../Drivers/CMSIS/Device/ST/STM32F1xx/Include -I../Drivers/CMSIS/Include -O0 -ffunction-sections -fdata-sections -Wall -fstack-usage -fcyclomatic-complexity -MMD -MP -MF"Drivers/STM32F1xx_HAL_Driver/Src/stm32f1xx_hal_rcc_ex.d" -MT"Drivers/STM32F1xx_HAL_Driver/Src/stm32f1xx_hal_rcc_ex.o" --specs=nano.specs -mfloat-abi=soft -mthumb -o "Drivers/STM32F1xx_HAL_Driver/Src/stm32f1xx_hal_rcc_ex.o"
arm-none-eabi-gcc "../Drivers/STM32F1xx_HAL_Driver/Src/stm32f1xx_hal_tim.c" -mcpu=cortex-m3 -std=gnu11 -g3 -DDEBUG -DUSE_HAL_DRIVER -DSTM32F103x6 -c -I../Core/Inc -I../Drivers/STM32F1xx_HAL_Driver/Inc/Legacy -I../Drivers/STM32F1xx_HAL_Driver/Inc -I../Drivers/CMSIS/Device/ST/STM32F1xx/Include -I../Drivers/CMSIS/Include -O0 -ffunction-sections -fdata-sections -Wall -fstack-usage -fcyclomatic-complexity -MMD -MP -MF"Drivers/STM32F1xx_HAL_Driver/Src/stm32f1xx_hal_tim.d" -MT"Drivers/STM32F1xx_HAL_Driver/Src/stm32f1xx_hal_tim.o" --specs=nano.specs -mfloat-abi=soft -mthumb -o "Drivers/STM32F1xx_HAL_Driver/Src/stm32f1xx_hal_tim.o"
arm-none-eabi-gcc "../Drivers/STM32F1xx_HAL_Driver/Src/stm32f1xx_hal_tim_ex.c" -mcpu=cortex-m3 -std=gnu11 -g3 -DDEBUG -DUSE_HAL_DRIVER -DSTM32F103x6 -c -I../Core/Inc -I../Drivers/STM32F1xx_HAL_Driver/Inc/Legacy -I../Drivers/STM32F1xx_HAL_Driver/Inc -I../Drivers/CMSIS/Device/ST/STM32F1xx/Include -I../Drivers/CMSIS/Include -O0 -ffunction-sections -fdata-sections -Wall -fstack-usage -fcyclomatic-complexity -MMD -MP -MF"Drivers/STM32F1xx_HAL_Driver/Src/stm32f1xx_hal_tim_ex.d" -MT"Drivers/STM32F1xx_HAL_Driver/Src/stm32f1xx_hal_tim_ex.o" --specs=nano.specs -mfloat-abi=soft -mthumb -o "Drivers/STM32F1xx_HAL_Driver/Src/stm32f1xx_hal_tim_ex.o"
arm-none-eabi-gcc -mcpu=cortex-m3 -g3 -DDEBUG -c -x assembler-with-cpp -MMD -MP -MF"Core/Startup/startup_stm32f103c6tx.d" -MT"Core/Startup/startup_stm32f103c6tx.o" --specs=nano.specs -mfloat-abi=soft -mthumb -o "Core/Startup/startup_stm32f103c6tx.o" "../Core/Startup/startup_stm32f103c6tx.s"
arm-none-eabi-gcc "../Core/Src/LCD_PROGRAM.c" -mcpu=cortex-m3 -std=gnu11 -g3 -DDEBUG -DUSE_HAL_DRIVER -DSTM32F103x6 -c -I../Core/Inc -I../Drivers/STM32F1xx_HAL_Driver/Inc/Legacy -I../Drivers/STM32F1xx_HAL_Driver/Inc -I../Drivers/CMSIS/Device/ST/STM32F1xx/Include -I../Drivers/CMSIS/Include -O0 -ffunction-sections -fdata-sections -Wall -fstack-usage -fcyclomatic-complexity -MMD -MP -MF"Core/Src/LCD_PROGRAM.d" -MT"Core/Src/LCD_PROGRAM.o" --specs=nano.specs -mfloat-abi=soft -mthumb -o "Core/Src/LCD_PROGRAM.o"
arm-none-eabi-gcc "../Core/Src/main.c" -mcpu=cortex-m3 -std=gnu11 -g3 -DDEBUG -DUSE_HAL_DRIVER -DSTM32F103x6 -c -I../Core/Inc -I../Drivers/STM32F1xx_HAL_Driver/Inc/Legacy -I../Drivers/STM32F1xx_HAL_Driver/Inc -I../Drivers/CMSIS/Device/ST/STM32F1xx/Include -I../Drivers/CMSIS/Include -O0 -ffunction-sections -fdata-sections -Wall -fstack-usage -fcyclomatic-complexity -MMD -MP -MF"Core/Src/main.d" -MT"Core/Src/main.o" --specs=nano.specs -mfloat-abi=soft -mthumb -o "Core/Src/main.o"
arm-none-eabi-gcc "../Core/Src/stm32f1xx_hal_msp.c" -mcpu=cortex-m3 -std=gnu11 -g3 -DDEBUG -DUSE_HAL_DRIVER -DSTM32F103x6 -c -I../Core/Inc -I../Drivers/STM32F1xx_HAL_Driver/Inc/Legacy -I../Drivers/STM32F1xx_HAL_Driver/Inc -I../Drivers/CMSIS/Device/ST/STM32F1xx/Include -I../Drivers/CMSIS/Include -O0 -ffunction-sections -fdata-sections -Wall -fstack-usage -fcyclomatic-complexity -MMD -MP -MF"Core/Src/stm32f1xx_hal_msp.d" -MT"Core/Src/stm32f1xx_hal_msp.o" --specs=nano.specs -mfloat-abi=soft -mthumb -o "Core/Src/stm32f1xx_hal_msp.o"
arm-none-eabi-gcc "../Core/Src/stm32f1xx_it.c" -mcpu=cortex-m3 -std=gnu11 -g3 -DDEBUG -DUSE_HAL_DRIVER -DSTM32F103x6 -c -I../Core/Inc -I../Drivers/STM32F1xx_HAL_Driver/Inc/Legacy -I../Drivers/STM32F1xx_HAL_Driver/Inc -I../Drivers/CMSIS/Device/ST/STM32F1xx/Include -I../Drivers/CMSIS/Include -O0 -ffunction-sections -fdata-sections -Wall -fstack-usage -fcyclomatic-complexity -MMD -MP -MF"Core/Src/stm32f1xx_it.d" -MT"Core/Src/stm32f1xx_it.o" --specs=nano.specs -mfloat-abi=soft -mthumb -o "Core/Src/stm32f1xx_it.o"
arm-none-eabi-gcc "../Core/Src/syscalls.c" -mcpu=cortex-m3 -std=gnu11 -g3 -DDEBUG -DUSE_HAL_DRIVER -DSTM32F103x6 -c -I../Core/Inc -I../Drivers/STM32F1xx_HAL_Driver/Inc/Legacy -I../Drivers/STM32F1xx_HAL_Driver/Inc -I../Drivers/CMSIS/Device/ST/STM32F1xx/Include -I../Drivers/CMSIS/Include -O0 -ffunction-sections -fdata-sections -Wall -fstack-usage -fcyclomatic-complexity -MMD -MP -MF"Core/Src/syscalls.d" -MT"Core/Src/syscalls.o" --specs=nano.specs -mfloat-abi=soft -mthumb -o "Core/Src/syscalls.o"
arm-none-eabi-gcc "../Core/Src/sysmem.c" -mcpu=cortex-m3 -std=gnu11 -g3 -DDEBUG -DUSE_HAL_DRIVER -DSTM32F103x6 -c -I../Core/Inc -I../Drivers/STM32F1xx_HAL_Driver/Inc/Legacy -I../Drivers/STM32F1xx_HAL_Driver/Inc -I../Drivers/CMSIS/Device/ST/STM32F1xx/Include -I../Drivers/CMSIS/Include -O0 -ffunction-sections -fdata-sections -Wall -fstack-usage -fcyclomatic-complexity -MMD -MP -MF"Core/Src/sysmem.d" -MT"Core/Src/sysmem.o" --specs=nano.specs -mfloat-abi=soft -mthumb -o "Core/Src/sysmem.o"
arm-none-eabi-gcc "../Core/Src/system_stm32f1xx.c" -mcpu=cortex-m3 -std=gnu11 -g3 -DDEBUG -DUSE_HAL_DRIVER -DSTM32F103x6 -c -I../Core/Inc -I../Drivers/STM32F1xx_HAL_Driver/Inc/Legacy -I../Drivers/STM32F1xx_HAL_Driver/Inc -I../Drivers/CMSIS/Device/ST/STM32F1xx/Include -I../Drivers/CMSIS/Include -O0 -ffunction-sections -fdata-sections -Wall -fstack-usage -fcyclomatic-complexity -MMD -MP -MF"Core/Src/system_stm32f1xx.d" -MT"Core/Src/system_stm32f1xx.o" --specs=nano.specs -mfloat-abi=soft -mthumb -o "Core/Src/system_stm32f1xx.o"
../Core/Src/LCD_PROGRAM.c:1:10: fatal error: lcd_txt.h: No such file or directory
    1 | #include "lcd_txt.h"
      |          ^~~~~~~~~~~
compilation terminated.
make: *** [Core/Src/subdir.mk:37: Core/Src/LCD_PROGRAM.o] Error 1
make: *** Waiting for unfinished jobs....
"make -j12 all" terminated with exit code 2. Build might be incomplete.
10:06:44 **** Incremental Build of configuration Debug for project TEST02_LCD_ARM ****
make -j12 all 
arm-none-eabi-gcc "../Core/Src/LCD_PROGRAM.c" -mcpu=cortex-m3 -std=gnu11 -g3 -DDEBUG -DUSE_HAL_DRIVER -DSTM32F103x6 -c -I../Core/Inc -I../Drivers/STM32F1xx_HAL_Driver/Inc/Legacy -I../Drivers/STM32F1xx_HAL_Driver/Inc -I../Drivers/CMSIS/Device/ST/STM32F1xx/Include -I../Drivers/CMSIS/Include -O0 -ffunction-sections -fdata-sections -Wall -fstack-usage -fcyclomatic-complexity -MMD -MP -MF"Core/Src/LCD_PROGRAM.d" -MT"Core/Src/LCD_PROGRAM.o" --specs=nano.specs -mfloat-abi=soft -mthumb -o "Core/Src/LCD_PROGRAM.o"
arm-none-eabi-gcc -o "TEST02_LCD_ARM.elf" @"objects.list"   -mcpu=cortex-m3 -T"C:\Users\Administrator\Desktop\ITIDA\NTI PROGRAM\NTI_ARM_PORTAL\TEST02_LCD_ARM\STM32F103C6TX_FLASH.ld" --specs=nosys.specs -Wl,-Map="TEST02_LCD_ARM.map" -Wl,--gc-sections -static --specs=nano.specs -mfloat-abi=soft -mthumb -Wl,--start-group -lc -lm -Wl,--end-group
Finished building target: TEST02_LCD_ARM.elf
 
arm-none-eabi-size   TEST02_LCD_ARM.elf 
arm-none-eabi-objdump -h -S  TEST02_LCD_ARM.elf  > "TEST02_LCD_ARM.list"
arm-none-eabi-objcopy  -O ihex  TEST02_LCD_ARM.elf  "TEST02_LCD_ARM.hex"
   text	   data	    bss	    dec	    hex	filename
   4720	     20	   1572	   6312	   18a8	TEST02_LCD_ARM.elf
Finished building: default.size.stdout
 
Finished building: TEST02_LCD_ARM.hex
 
Finished building: TEST02_LCD_ARM.list
 
10:08:04 **** Incremental Build of configuration Debug for project TEST02_LCD_ARM ****
make -j12 all 
arm-none-eabi-gcc "../Core/Src/main.c" -mcpu=cortex-m3 -std=gnu11 -g3 -DDEBUG -DUSE_HAL_DRIVER -DSTM32F103x6 -c -I../Core/Inc -I../Drivers/STM32F1xx_HAL_Driver/Inc/Legacy -I../Drivers/STM32F1xx_HAL_Driver/Inc -I../Drivers/CMSIS/Device/ST/STM32F1xx/Include -I../Drivers/CMSIS/Include -O0 -ffunction-sections -fdata-sections -Wall -fstack-usage -fcyclomatic-complexity -MMD -MP -MF"Core/Src/main.d" -MT"Core/Src/main.o" --specs=nano.specs -mfloat-abi=soft -mthumb -o "Core/Src/main.o"
arm-none-eabi-gcc -o "TEST02_LCD_ARM.elf" @"objects.list"   -mcpu=cortex-m3 -T"C:\Users\Administrator\Desktop\ITIDA\NTI PROGRAM\NTI_ARM_PORTAL\TEST02_LCD_ARM\STM32F103C6TX_FLASH.ld" --specs=nosys.specs -Wl,-Map="TEST02_LCD_ARM.map" -Wl,--gc-sections -static --specs=nano.specs -mfloat-abi=soft -mthumb -Wl,--start-group -lc -lm -Wl,--end-group
Finished building target: TEST02_LCD_ARM.elf
 
arm-none-eabi-size   TEST02_LCD_ARM.elf 
arm-none-eabi-objdump -h -S  TEST02_LCD_ARM.elf  > "TEST02_LCD_ARM.list"
arm-none-eabi-objcopy  -O ihex  TEST02_LCD_ARM.elf  "TEST02_LCD_ARM.hex"
   text	   data	    bss	    dec	    hex	filename
   4644	     20	   1572	   6236	   185c	TEST02_LCD_ARM.elf
Finished building: default.size.stdout
 
Finished building: TEST02_LCD_ARM.hex
 
Finished building: TEST02_LCD_ARM.list
 
10:08:23 **** Incremental Build of configuration Debug for project TEST02_LCD_ARM ****
make -j12 all 
arm-none-eabi-gcc "../Core/Src/main.c" -mcpu=cortex-m3 -std=gnu11 -g3 -DDEBUG -DUSE_HAL_DRIVER -DSTM32F103x6 -c -I../Core/Inc -I../Drivers/STM32F1xx_HAL_Driver/Inc/Legacy -I../Drivers/STM32F1xx_HAL_Driver/Inc -I../Drivers/CMSIS/Device/ST/STM32F1xx/Include -I../Drivers/CMSIS/Include -O0 -ffunction-sections -fdata-sections -Wall -fstack-usage -fcyclomatic-complexity -MMD -MP -MF"Core/Src/main.d" -MT"Core/Src/main.o" --specs=nano.specs -mfloat-abi=soft -mthumb -o "Core/Src/main.o"
arm-none-eabi-gcc -o "TEST02_LCD_ARM.elf" @"objects.list"   -mcpu=cortex-m3 -T"C:\Users\Administrator\Desktop\ITIDA\NTI PROGRAM\NTI_ARM_PORTAL\TEST02_LCD_ARM\STM32F103C6TX_FLASH.ld" --specs=nosys.specs -Wl,-Map="TEST02_LCD_ARM.map" -Wl,--gc-sections -static --specs=nano.specs -mfloat-abi=soft -mthumb -Wl,--start-group -lc -lm -Wl,--end-group
Finished building target: TEST02_LCD_ARM.elf
 
arm-none-eabi-size   TEST02_LCD_ARM.elf 
arm-none-eabi-objdump -h -S  TEST02_LCD_ARM.elf  > "TEST02_LCD_ARM.list"
arm-none-eabi-objcopy  -O ihex  TEST02_LCD_ARM.elf  "TEST02_LCD_ARM.hex"
   text	   data	    bss	    dec	    hex	filename
   4652	     20	   1572	   6244	   1864	TEST02_LCD_ARM.elf
Finished building: default.size.stdout
 
Finished building: TEST02_LCD_ARM.hex
 
Finished building: TEST02_LCD_ARM.list
 
10:08:46 **** Incremental Build of configuration Debug for project TEST02_LCD_ARM ****
make -j12 all 
arm-none-eabi-gcc "../Core/Src/main.c" -mcpu=cortex-m3 -std=gnu11 -g3 -DDEBUG -DUSE_HAL_DRIVER -DSTM32F103x6 -c -I../Core/Inc -I../Drivers/STM32F1xx_HAL_Driver/Inc/Legacy -I../Drivers/STM32F1xx_HAL_Driver/Inc -I../Drivers/CMSIS/Device/ST/STM32F1xx/Include -I../Drivers/CMSIS/Include -O0 -ffunction-sections -fdata-sections -Wall -fstack-usage -fcyclomatic-complexity -MMD -MP -MF"Core/Src/main.d" -MT"Core/Src/main.o" --specs=nano.specs -mfloat-abi=soft -mthumb -o "Core/Src/main.o"
arm-none-eabi-gcc -o "TEST02_LCD_ARM.elf" @"objects.list"   -mcpu=cortex-m3 -T"C:\Users\Administrator\Desktop\ITIDA\NTI PROGRAM\NTI_ARM_PORTAL\TEST02_LCD_ARM\STM32F103C6TX_FLASH.ld" --specs=nosys.specs -Wl,-Map="TEST02_LCD_ARM.map" -Wl,--gc-sections -static --specs=nano.specs -mfloat-abi=soft -mthumb -Wl,--start-group -lc -lm -Wl,--end-group
Finished building target: TEST02_LCD_ARM.elf
 
arm-none-eabi-size   TEST02_LCD_ARM.elf 
arm-none-eabi-objdump -h -S  TEST02_LCD_ARM.elf  > "TEST02_LCD_ARM.list"
arm-none-eabi-objcopy  -O ihex  TEST02_LCD_ARM.elf  "TEST02_LCD_ARM.hex"
   text	   data	    bss	    dec	    hex	filename
   4652	     20	   1572	   6244	   1864	TEST02_LCD_ARM.elf
Finished building: default.size.stdout
 
Finished building: TEST02_LCD_ARM.hex
 
Finished building: TEST02_LCD_ARM.list
 
10:48:09 **** Incremental Build of configuration Debug for project TEST02_LCD_ARM ****
make -j12 all 
arm-none-eabi-gcc "../Core/Src/main.c" -mcpu=cortex-m3 -std=gnu11 -g3 -DDEBUG -DUSE_HAL_DRIVER -DSTM32F103x6 -c -I../Core/Inc -I../Drivers/STM32F1xx_HAL_Driver/Inc/Legacy -I../Drivers/STM32F1xx_HAL_Driver/Inc -I../Drivers/CMSIS/Device/ST/STM32F1xx/Include -I../Drivers/CMSIS/Include -O0 -ffunction-sections -fdata-sections -Wall -fstack-usage -fcyclomatic-complexity -MMD -MP -MF"Core/Src/main.d" -MT"Core/Src/main.o" --specs=nano.specs -mfloat-abi=soft -mthumb -o "Core/Src/main.o"
../Core/Src/main.c: In function 'main':
../Core/Src/main.c:89:3: warning: implicit declaration of function 'LCD_voidInitialization' [-Wimplicit-function-declaration]
   89 |   LCD_voidInitialization();
      |   ^~~~~~~~~~~~~~~~~~~~~~
../Core/Src/main.c:90:3: warning: implicit declaration of function 'LCD_voidPuts' [-Wimplicit-function-declaration]
   90 |   LCD_voidPuts(0, 0, "hELLO");
      |   ^~~~~~~~~~~~
arm-none-eabi-gcc -o "TEST02_LCD_ARM.elf" @"objects.list"   -mcpu=cortex-m3 -T"C:\Users\Administrator\Desktop\ITIDA\NTI PROGRAM\NTI_ARM_PORTAL\TEST02_LCD_ARM\STM32F103C6TX_FLASH.ld" --specs=nosys.specs -Wl,-Map="TEST02_LCD_ARM.map" -Wl,--gc-sections -static --specs=nano.specs -mfloat-abi=soft -mthumb -Wl,--start-group -lc -lm -Wl,--end-group
Finished building target: TEST02_LCD_ARM.elf
 
arm-none-eabi-size   TEST02_LCD_ARM.elf 
arm-none-eabi-objdump -h -S  TEST02_LCD_ARM.elf  > "TEST02_LCD_ARM.list"
arm-none-eabi-objcopy  -O ihex  TEST02_LCD_ARM.elf  "TEST02_LCD_ARM.hex"
   text	   data	    bss	    dec	    hex	filename
   5368	     20	   1572	   6960	   1b30	TEST02_LCD_ARM.elf
Finished building: default.size.stdout
 
Finished building: TEST02_LCD_ARM.hex
 
Finished building: TEST02_LCD_ARM.list
 
10:48:40 **** Incremental Build of configuration Debug for project TEST02_LCD_ARM ****
make -j12 all 
arm-none-eabi-gcc "../Core/Src/main.c" -mcpu=cortex-m3 -std=gnu11 -g3 -DDEBUG -DUSE_HAL_DRIVER -DSTM32F103x6 -c -I../Core/Inc -I../Drivers/STM32F1xx_HAL_Driver/Inc/Legacy -I../Drivers/STM32F1xx_HAL_Driver/Inc -I../Drivers/CMSIS/Device/ST/STM32F1xx/Include -I../Drivers/CMSIS/Include -O0 -ffunction-sections -fdata-sections -Wall -fstack-usage -fcyclomatic-complexity -MMD -MP -MF"Core/Src/main.d" -MT"Core/Src/main.o" --specs=nano.specs -mfloat-abi=soft -mthumb -o "Core/Src/main.o"
../Core/Src/main.c: In function 'main':
../Core/Src/main.c:91:22: warning: pointer targets in passing argument 3 of 'LCD_voidPuts' differ in signedness [-Wpointer-sign]
   91 |   LCD_voidPuts(0, 0, "hELLO");
      |                      ^~~~~~~
      |                      |
      |                      char *
In file included from ../Core/Src/main.c:21:
../Core/Src/LCD_INTERFACE.h:44:67: note: expected 'int8_t *' {aka 'signed char *'} but argument is of type 'char *'
   44 | void LCD_voidPuts(uint8_t copy_u8Col, uint8_t copy_u8Row, int8_t *copy_int8String);
      |                                                           ~~~~~~~~^~~~~~~~~~~~~~~
arm-none-eabi-gcc -o "TEST02_LCD_ARM.elf" @"objects.list"   -mcpu=cortex-m3 -T"C:\Users\Administrator\Desktop\ITIDA\NTI PROGRAM\NTI_ARM_PORTAL\TEST02_LCD_ARM\STM32F103C6TX_FLASH.ld" --specs=nosys.specs -Wl,-Map="TEST02_LCD_ARM.map" -Wl,--gc-sections -static --specs=nano.specs -mfloat-abi=soft -mthumb -Wl,--start-group -lc -lm -Wl,--end-group
Finished building target: TEST02_LCD_ARM.elf
 
arm-none-eabi-size   TEST02_LCD_ARM.elf 
arm-none-eabi-objdump -h -S  TEST02_LCD_ARM.elf  > "TEST02_LCD_ARM.list"
arm-none-eabi-objcopy  -O ihex  TEST02_LCD_ARM.elf  "TEST02_LCD_ARM.hex"
   text	   data	    bss	    dec	    hex	filename
   5368	     20	   1572	   6960	   1b30	TEST02_LCD_ARM.elf
Finished building: default.size.stdout
 
Finished building: TEST02_LCD_ARM.hex
 
Finished building: TEST02_LCD_ARM.list
 
10:48:51 **** Incremental Build of configuration Debug for project TEST02_LCD_ARM ****
make -j12 all 
arm-none-eabi-size   TEST02_LCD_ARM.elf 
   text	   data	    bss	    dec	    hex	filename
   5368	     20	   1572	   6960	   1b30	TEST02_LCD_ARM.elf
Finished building: default.size.stdout
 
10:51:55 **** Incremental Build of configuration Debug for project TEST02_LCD_ARM ****
make -j12 all 
arm-none-eabi-gcc "../Core/Src/main.c" -mcpu=cortex-m3 -std=gnu11 -g3 -DDEBUG -DUSE_HAL_DRIVER -DSTM32F103x6 -c -I../Core/Inc -I../Drivers/STM32F1xx_HAL_Driver/Inc/Legacy -I../Drivers/STM32F1xx_HAL_Driver/Inc -I../Drivers/CMSIS/Device/ST/STM32F1xx/Include -I../Drivers/CMSIS/Include -O0 -ffunction-sections -fdata-sections -Wall -fstack-usage -fcyclomatic-complexity -MMD -MP -MF"Core/Src/main.d" -MT"Core/Src/main.o" --specs=nano.specs -mfloat-abi=soft -mthumb -o "Core/Src/main.o"
../Core/Src/main.c: In function 'main':
../Core/Src/main.c:91:22: warning: pointer targets in passing argument 3 of 'LCD_voidPuts' differ in signedness [-Wpointer-sign]
   91 |   LCD_voidPuts(0, 0, "Hello Hosa");
      |                      ^~~~~~~~~~~~
      |                      |
      |                      char *
In file included from ../Core/Src/main.c:21:
../Core/Src/LCD_INTERFACE.h:44:67: note: expected 'int8_t *' {aka 'signed char *'} but argument is of type 'char *'
   44 | void LCD_voidPuts(uint8_t copy_u8Col, uint8_t copy_u8Row, int8_t *copy_int8String);
      |                                                           ~~~~~~~~^~~~~~~~~~~~~~~
../Core/Src/main.c:92:22: warning: pointer targets in passing argument 3 of 'LCD_voidPuts' differ in signedness [-Wpointer-sign]
   92 |   LCD_voidPuts(0, 1, "Hello Sherbiny");
      |                      ^~~~~~~~~~~~~~~~
      |                      |
      |                      char *
In file included from ../Core/Src/main.c:21:
../Core/Src/LCD_INTERFACE.h:44:67: note: expected 'int8_t *' {aka 'signed char *'} but argument is of type 'char *'
   44 | void LCD_voidPuts(uint8_t copy_u8Col, uint8_t copy_u8Row, int8_t *copy_int8String);
      |                                                           ~~~~~~~~^~~~~~~~~~~~~~~
arm-none-eabi-gcc -o "TEST02_LCD_ARM.elf" @"objects.list"   -mcpu=cortex-m3 -T"C:\Users\Administrator\Desktop\ITIDA\NTI PROGRAM\NTI_ARM_PORTAL\TEST02_LCD_ARM\STM32F103C6TX_FLASH.ld" --specs=nosys.specs -Wl,-Map="TEST02_LCD_ARM.map" -Wl,--gc-sections -static --specs=nano.specs -mfloat-abi=soft -mthumb -Wl,--start-group -lc -lm -Wl,--end-group
Finished building target: TEST02_LCD_ARM.elf
 
arm-none-eabi-size   TEST02_LCD_ARM.elf 
arm-none-eabi-objdump -h -S  TEST02_LCD_ARM.elf  > "TEST02_LCD_ARM.list"
arm-none-eabi-objcopy  -O ihex  TEST02_LCD_ARM.elf  "TEST02_LCD_ARM.hex"
   text	   data	    bss	    dec	    hex	filename
   5404	     20	   1572	   6996	   1b54	TEST02_LCD_ARM.elf
Finished building: default.size.stdout
 
Finished building: TEST02_LCD_ARM.hex
 
Finished building: TEST02_LCD_ARM.list
 
10:52:07 **** Incremental Build of configuration Debug for project TEST02_LCD_ARM ****
make -j12 all 
arm-none-eabi-gcc "../Core/Src/main.c" -mcpu=cortex-m3 -std=gnu11 -g3 -DDEBUG -DUSE_HAL_DRIVER -DSTM32F103x6 -c -I../Core/Inc -I../Drivers/STM32F1xx_HAL_Driver/Inc/Legacy -I../Drivers/STM32F1xx_HAL_Driver/Inc -I../Drivers/CMSIS/Device/ST/STM32F1xx/Include -I../Drivers/CMSIS/Include -O0 -ffunction-sections -fdata-sections -Wall -fstack-usage -fcyclomatic-complexity -MMD -MP -MF"Core/Src/main.d" -MT"Core/Src/main.o" --specs=nano.specs -mfloat-abi=soft -mthumb -o "Core/Src/main.o"
../Core/Src/main.c: In function 'main':
../Core/Src/main.c:91:22: warning: pointer targets in passing argument 3 of 'LCD_voidPuts' differ in signedness [-Wpointer-sign]
   91 |   LCD_voidPuts(0, 0, "Hello Hosa");
      |                      ^~~~~~~~~~~~
      |                      |
      |                      char *
In file included from ../Core/Src/main.c:21:
../Core/Src/LCD_INTERFACE.h:44:67: note: expected 'int8_t *' {aka 'signed char *'} but argument is of type 'char *'
   44 | void LCD_voidPuts(uint8_t copy_u8Col, uint8_t copy_u8Row, int8_t *copy_int8String);
      |                                                           ~~~~~~~~^~~~~~~~~~~~~~~
../Core/Src/main.c:92:22: warning: pointer targets in passing argument 3 of 'LCD_voidPuts' differ in signedness [-Wpointer-sign]
   92 |   LCD_voidPuts(1, 0, "Hello Sherbiny");
      |                      ^~~~~~~~~~~~~~~~
      |                      |
      |                      char *
In file included from ../Core/Src/main.c:21:
../Core/Src/LCD_INTERFACE.h:44:67: note: expected 'int8_t *' {aka 'signed char *'} but argument is of type 'char *'
   44 | void LCD_voidPuts(uint8_t copy_u8Col, uint8_t copy_u8Row, int8_t *copy_int8String);
      |                                                           ~~~~~~~~^~~~~~~~~~~~~~~
arm-none-eabi-gcc -o "TEST02_LCD_ARM.elf" @"objects.list"   -mcpu=cortex-m3 -T"C:\Users\Administrator\Desktop\ITIDA\NTI PROGRAM\NTI_ARM_PORTAL\TEST02_LCD_ARM\STM32F103C6TX_FLASH.ld" --specs=nosys.specs -Wl,-Map="TEST02_LCD_ARM.map" -Wl,--gc-sections -static --specs=nano.specs -mfloat-abi=soft -mthumb -Wl,--start-group -lc -lm -Wl,--end-group
Finished building target: TEST02_LCD_ARM.elf
 
arm-none-eabi-size   TEST02_LCD_ARM.elf 
arm-none-eabi-objdump -h -S  TEST02_LCD_ARM.elf  > "TEST02_LCD_ARM.list"
arm-none-eabi-objcopy  -O ihex  TEST02_LCD_ARM.elf  "TEST02_LCD_ARM.hex"
   text	   data	    bss	    dec	    hex	filename
   5404	     20	   1572	   6996	   1b54	TEST02_LCD_ARM.elf
Finished building: default.size.stdout
 
Finished building: TEST02_LCD_ARM.hex
 
Finished building: TEST02_LCD_ARM.list
 
